01-08 06:07:53.911 16427 16427 D AbstractActionHandler: Loader has finished for: content://com.android.externalstorage.documents/document/primary%3AAndroid%2Fdata%2Fcom.github.libretube.test.debug%2Ffiles%2Faudio
01-08 06:07:53.911 16427 16427 I Model   : Updating model with new result set.
01-08 06:07:53.911 16427 16427 D DirectoryFragment: Received model update. Loading=false
01-08 06:07:53.911 16427 16427 D DefaultSelectionTracker: Ignoring onDataSetChange. No active selection.
01-08 06:07:54.547 16427 16427 V RefreshTask: Provider does not support refresh and did not refresh
01-08 06:07:54.547 16427 16427 D AbstractActionHandler: Creating new directory loader for: content://com.android.externalstorage.documents/document/primary%3AAndroid%2Fdata%2Fcom.github.libretube.test.debug%2Ffiles%2Faudio
01-08 06:07:54.561 16427 16427 D AbstractActionHandler: Loader has finished for: content://com.android.externalstorage.documents/document/primary%3AAndroid%2Fdata%2Fcom.github.libretube.test.debug%2Ffiles%2Faudio
01-08 06:07:54.562 16427 16427 I Model   : Updating model with new result set.
01-08 06:07:54.562 16427 16427 D DirectoryFragment: Received model update. Loading=false
01-08 06:07:54.562 16427 16427 D DefaultSelectionTracker: Ignoring onDataSetChange. No active selection.
01-08 06:07:55.182 16427 16427 V RefreshTask: Provider does not support refresh and did not refresh
01-08 06:07:55.182 16427 16427 D AbstractActionHandler: Creating new directory loader for: content://com.android.externalstorage.documents/document/primary%3AAndroid%2Fdata%2Fcom.github.libretube.test.debug%2Ffiles%2Faudio
01-08 06:07:51.172     0     0 I FG      : calculate_average_current: current_now_ma=370116 averaged_iavg_ma=235412
01-08 06:07:51.172     0     0 I FG      : fg_battery_soc_smooth_tracking: soc:58, last_soc:58, raw_soc:58, soc_changed:1.
01-08 06:07:51.172     0     0 I FG      : soc_monitor_work: soc:58, raw_soc:58, c:370116, s:2
01-08 06:07:55.197 16427 16427 D AbstractActionHandler: Loader has finished for: content://com.android.externalstorage.documents/document/primary%3AAndroid%2Fdata%2Fcom.github.libretube.test.debug%2Ffiles%2Faudio
01-08 06:07:55.197 16427 16427 I Model   : Updating model with new result set.
01-08 06:07:55.197 16427 16427 D DirectoryFragment: Received model update. Loading=false
01-08 06:07:55.198 16427 16427 D DefaultSelectionTracker: Ignoring onDataSetChange. No active selection.
01-08 06:07:55.355  1949  2551 E WifiStaIfaceAidlImpl: getCachedScanData failed with service-specific exception: android.os.ServiceSpecificException:  (code 4)
01-08 06:07:56.384 16427 16427 V RefreshTask: Provider does not support refresh and did not refresh
01-08 06:07:56.384 16427 16427 D AbstractActionHandler: Creating new directory loader for: content://com.android.externalstorage.documents/document/primary%3AAndroid%2Fdata%2Fcom.github.libretube.test.debug%2Ffiles%2Faudio
01-08 06:07:56.401 16427 16427 D AbstractActionHandler: Loader has finished for: content://com.android.externalstorage.documents/document/primary%3AAndroid%2Fdata%2Fcom.github.libretube.test.debug%2Ffiles%2Faudio
01-08 06:07:56.401 16427 16427 I Model   : Updating model with new result set.
01-08 06:07:56.401 16427 16427 D DirectoryFragment: Received model update. Loading=false
01-08 06:07:56.402 16427 16427 D DefaultSelectionTracker: Ignoring onDataSetChange. No active selection.
01-08 06:07:57.085 16427 16427 V RefreshTask: Provider does not support refresh and did not refresh
01-08 06:07:57.086 16427 16427 D AbstractActionHandler: Creating new directory loader for: content://com.android.externalstorage.documents/document/primary%3AAndroid%2Fdata%2Fcom.github.libretube.test.debug%2Ffiles%2Faudio
01-08 06:07:57.104 16427 16427 D AbstractActionHandler: Loader has finished for: content://com.android.externalstorage.documents/document/primary%3AAndroid%2Fdata%2Fcom.github.libretube.test.debug%2Ffiles%2Faudio
01-08 06:07:57.104 16427 16427 I Model   : Updating model with new result set.
01-08 06:07:57.104 16427 16427 D DirectoryFragment: Received model update. Loading=false
01-08 06:07:57.104 16427 16427 D DefaultSelectionTracker: Ignoring onDataSetChange. No active selection.
01-08 06:07:57.738 16427 16427 V RefreshTask: Provider does not support refresh and did not refresh
01-08 06:07:57.739 16427 16427 D AbstractActionHandler: Creating new directory loader for: content://com.android.externalstorage.documents/document/primary%3AAndroid%2Fdata%2Fcom.github.libretube.test.debug%2Ffiles%2Faudio
01-08 06:07:57.753 16427 16427 D AbstractActionHandler: Loader has finished for: content://com.android.externalstorage.documents/document/primary%3AAndroid%2Fdata%2Fcom.github.libretube.test.debug%2Ffiles%2Faudio
01-08 06:07:57.753 16427 16427 I Model   : Updating model with new result set.
01-08 06:07:57.753 16427 16427 D DirectoryFragment: Received model update. Loading=false
01-08 06:07:57.753 16427 16427 D DefaultSelectionTracker: Ignoring onDataSetChange. No active selection.
01-08 06:07:58.366  1949  2551 E WifiStaIfaceAidlImpl: getCachedScanData failed with service-specific exception: android.os.ServiceSpecificException:  (code 4)
01-08 06:07:58.440 16427 16427 V RefreshTask: Provider does not support refresh and did not refresh
01-08 06:07:58.441 16427 16427 D AbstractActionHandler: Creating new directory loader for: content://com.android.externalstorage.documents/document/primary%3AAndroid%2Fdata%2Fcom.github.libretube.test.debug%2Ffiles%2Faudio
01-08 06:07:58.454 16427 16427 D AbstractActionHandler: Loader has finished for: content://com.android.externalstorage.documents/document/primary%3AAndroid%2Fdata%2Fcom.github.libretube.test.debug%2Ffiles%2Faudio
01-08 06:07:58.454 16427 16427 I Model   : Updating model with new result set.
01-08 06:07:58.454 16427 16427 D DirectoryFragment: Received model update. Loading=false
01-08 06:07:58.455 16427 16427 D DefaultSelectionTracker: Ignoring onDataSetChange. No active selection.
01-08 06:07:59.109 16427 16427 V RefreshTask: Provider does not support refresh and did not refresh
01-08 06:07:59.109 16427 16427 D AbstractActionHandler: Creating new directory loader for: content://com.android.externalstorage.documents/document/primary%3AAndroid%2Fdata%2Fcom.github.libretube.test.debug%2Ffiles%2Faudio
01-08 06:07:59.123 16427 16427 D AbstractActionHandler: Loader has finished for: content://com.android.externalstorage.documents/document/primary%3AAndroid%2Fdata%2Fcom.github.libretube.test.debug%2Ffiles%2Faudio
01-08 06:07:59.123 16427 16427 I Model   : Updating model with new result set.
01-08 06:07:59.123 16427 16427 D DirectoryFragment: Received model update. Loading=false
01-08 06:07:59.124 16427 16427 D DefaultSelectionTracker: Ignoring onDataSetChange. No active selection.
01-08 06:07:59.810 16427 16427 V RefreshTask: Provider does not support refresh and did not refresh
01-08 06:07:59.811 16427 16427 D AbstractActionHandler: Creating new directory loader for: content://com.android.externalstorage.documents/document/primary%3AAndroid%2Fdata%2Fcom.github.libretube.test.debug%2Ffiles%2Faudio
01-08 06:07:59.825 16427 16427 D AbstractActionHandler: Loader has finished for: content://com.android.externalstorage.documents/document/primary%3AAndroid%2Fdata%2Fcom.github.libretube.test.debug%2Ffiles%2Faudio
01-08 06:07:59.825 16427 16427 I Model   : Updating model with new result set.
01-08 06:07:59.825 16427 16427 D DirectoryFragment: Received model update. Loading=false
01-08 06:07:59.825 16427 16427 D DefaultSelectionTracker: Ignoring onDataSetChange. No active selection.
01-08 06:08:00.562 16427 16427 V RefreshTask: Provider does not support refresh and did not refresh
01-08 06:08:00.562 16427 16427 D AbstractActionHandler: Creating new directory loader for: content://com.android.externalstorage.documents/document/primary%3AAndroid%2Fdata%2Fcom.github.libretube.test.debug%2Ffiles%2Faudio
01-08 06:08:00.578 16427 16427 D AbstractActionHandler: Loader has finished for: content://com.android.externalstorage.documents/document/primary%3AAndroid%2Fdata%2Fcom.github.libretube.test.debug%2Ffiles%2Faudio
01-08 06:08:00.578 16427 16427 I Model   : Updating model with new result set.
01-08 06:08:00.578 16427 16427 D DirectoryFragment: Received model update. Loading=false
01-08 06:08:00.578 16427 16427 D DefaultSelectionTracker: Ignoring onDataSetChange. No active selection.
01-08 06:08:01.195 16427 16427 V RefreshTask: Provider does not support refresh and did not refresh
01-08 06:08:01.195 16427 16427 D AbstractActionHandler: Creating new directory loader for: content://com.android.externalstorage.documents/document/primary%3AAndroid%2Fdata%2Fcom.github.libretube.test.debug%2Ffiles%2Faudio
01-08 06:08:01.212 16427 16427 D AbstractActionHandler: Loader has finished for: content://com.android.externalstorage.documents/document/primary%3AAndroid%2Fdata%2Fcom.github.libretube.test.debug%2Ffiles%2Faudio
01-08 06:08:01.212 16427 16427 I Model   : Updating model with new result set.
01-08 06:08:01.212 16427 16427 D DirectoryFragment: Received model update. Loading=false
01-08 06:08:01.213 16427 16427 D DefaultSelectionTracker: Ignoring onDataSetChange. No active selection.
01-08 06:08:01.382  1949  2551 E WifiStaIfaceAidlImpl: getCachedScanData failed with service-specific exception: android.os.ServiceSpecificException:  (code 4)
01-08 06:08:01.864 16427 16427 V RefreshTask: Provider does not support refresh and did not refresh
01-08 06:08:01.864 16427 16427 D AbstractActionHandler: Creating new directory loader for: content://com.android.externalstorage.documents/document/primary%3AAndroid%2Fdata%2Fcom.github.libretube.test.debug%2Ffiles%2Faudio
01-08 06:08:01.882 16427 16427 D AbstractActionHandler: Loader has finished for: content://com.android.externalstorage.documents/document/primary%3AAndroid%2Fdata%2Fcom.github.libretube.test.debug%2Ffiles%2Faudio
01-08 06:08:01.882 16427 16427 I Model   : Updating model with new result set.
01-08 06:08:01.882 16427 16427 D DirectoryFragment: Received model update. Loading=false
01-08 06:08:01.882 16427 16427 D DefaultSelectionTracker: Ignoring onDataSetChange. No active selection.
01-08 06:08:02.466 16427 16427 V RefreshTask: Provider does not support refresh and did not refresh
01-08 06:08:02.466 16427 16427 D AbstractActionHandler: Creating new directory loader for: content://com.android.externalstorage.documents/document/primary%3AAndroid%2Fdata%2Fcom.github.libretube.test.debug%2Ffiles%2Faudio
01-08 06:08:02.482 16427 16427 D AbstractActionHandler: Loader has finished for: content://com.android.externalstorage.documents/document/primary%3AAndroid%2Fdata%2Fcom.github.libretube.test.debug%2Ffiles%2Faudio
01-08 06:08:02.482 16427 16427 I Model   : Updating model with new result set.
01-08 06:08:02.482 16427 16427 D DirectoryFragment: Received model update. Loading=false
01-08 06:08:02.483 16427 16427 D DefaultSelectionTracker: Ignoring onDataSetChange. No active selection.
01-08 06:08:03.102 16427 16427 V RefreshTask: Provider does not support refresh and did not refresh
01-08 06:08:03.102 16427 16427 D AbstractActionHandler: Creating new directory loader for: content://com.android.externalstorage.documents/document/primary%3AAndroid%2Fdata%2Fcom.github.libretube.test.debug%2Ffiles%2Faudio
01-08 06:08:03.118 16427 16427 D AbstractActionHandler: Loader has finished for: content://com.android.externalstorage.documents/document/primary%3AAndroid%2Fdata%2Fcom.github.libretube.test.debug%2Ffiles%2Faudio
01-08 06:08:03.118 16427 16427 I Model   : Updating model with new result set.
01-08 06:08:03.118 16427 16427 D DirectoryFragment: Received model update. Loading=false
01-08 06:08:03.118 16427 16427 D DefaultSelectionTracker: Ignoring onDataSetChange. No active selection.
01-08 06:08:04.396  1949  2551 E WifiStaIfaceAidlImpl: getCachedScanData failed with service-specific exception: android.os.ServiceSpecificException:  (code 4)
01-08 06:08:05.114  2670  2997 D LocalImageResolver: Couldn't use ImageDecoder for drawable, falling back to non-resized load.
01-08 06:08:05.116  2670  2997 D LocalImageResolver: Couldn't use ImageDecoder for drawable, falling back to non-resized load.
01-08 06:08:01.412     0     0 I FG      : calculate_average_current: current_now_ma=326171 averaged_iavg_ma=260131
01-08 06:08:01.412     0     0 I FG      : fg_battery_soc_smooth_tracking: soc:58, last_soc:58, raw_soc:58, soc_changed:1.
01-08 06:08:01.412     0     0 I FG      : soc_monitor_work: soc:58, raw_soc:58, c:326171, s:2
01-08 06:08:05.942 16427 16427 V RefreshTask: Provider does not support refresh and did not refresh
01-08 06:08:05.943 16427 16427 D AbstractActionHandler: Creating new directory loader for: content://com.android.externalstorage.documents/document/primary%3AAndroid%2Fdata%2Fcom.github.libretube.test.debug%2Ffiles%2Faudio
01-08 06:08:05.957 16427 16427 D AbstractActionHandler: Loader has finished for: content://com.android.externalstorage.documents/document/primary%3AAndroid%2Fdata%2Fcom.github.libretube.test.debug%2Ffiles%2Faudio
01-08 06:08:05.958 16427 16427 I Model   : Updating model with new result set.
01-08 06:08:05.958 16427 16427 D DirectoryFragment: Received model update. Loading=false
01-08 06:08:05.958 16427 16427 D DefaultSelectionTracker: Ignoring onDataSetChange. No active selection.
01-08 06:08:06.864 16427 16427 V RefreshTask: Provider does not support refresh and did not refresh
01-08 06:08:06.865 16427 16427 D AbstractActionHandler: Creating new directory loader for: content://com.android.externalstorage.documents/document/primary%3AAndroid%2Fdata%2Fcom.github.libretube.test.debug%2Ffiles%2Faudio
01-08 06:08:06.877 16427 16427 D AbstractActionHandler: Loader has finished for: content://com.android.externalstorage.documents/document/primary%3AAndroid%2Fdata%2Fcom.github.libretube.test.debug%2Ffiles%2Faudio
01-08 06:08:06.877 16427 16427 I Model   : Updating model with new result set.
01-08 06:08:06.877 16427 16427 D DirectoryFragment: Received model update. Loading=false
01-08 06:08:06.878 16427 16427 D DefaultSelectionTracker: Ignoring onDataSetChange. No active selection.
01-08 06:08:07.410  1949  2551 E WifiStaIfaceAidlImpl: getCachedScanData failed with service-specific exception: android.os.ServiceSpecificException:  (code 4)
01-08 06:08:07.647 16427 16427 V RefreshTask: Provider does not support refresh and did not refresh
01-08 06:08:07.647 16427 16427 D AbstractActionHandler: Creating new directory loader for: content://com.android.externalstorage.documents/document/primary%3AAndroid%2Fdata%2Fcom.github.libretube.test.debug%2Ffiles%2Faudio
01-08 06:08:07.661 16427 16427 D AbstractActionHandler: Loader has finished for: content://com.android.externalstorage.documents/document/primary%3AAndroid%2Fdata%2Fcom.github.libretube.test.debug%2Ffiles%2Faudio
01-08 06:08:07.661 16427 16427 I Model   : Updating model with new result set.
01-08 06:08:07.662 16427 16427 D DirectoryFragment: Received model update. Loading=false
01-08 06:08:07.662 16427 16427 D DefaultSelectionTracker: Ignoring onDataSetChange. No active selection.
01-08 06:08:08.514 16427 16427 V RefreshTask: Provider does not support refresh and did not refresh
01-08 06:08:08.514 16427 16427 D AbstractActionHandler: Creating new directory loader for: content://com.android.externalstorage.documents/document/primary%3AAndroid%2Fdata%2Fcom.github.libretube.test.debug%2Ffiles%2Faudio
01-08 06:08:08.531 16427 16427 D AbstractActionHandler: Loader has finished for: content://com.android.externalstorage.documents/document/primary%3AAndroid%2Fdata%2Fcom.github.libretube.test.debug%2Ffiles%2Faudio
01-08 06:08:08.531 16427 16427 I Model   : Updating model with new result set.
01-08 06:08:08.532 16427 16427 D DirectoryFragment: Received model update. Loading=false
01-08 06:08:08.533 16427 16427 D DefaultSelectionTracker: Ignoring onDataSetChange. No active selection.
01-08 06:08:09.302 16427 16427 V RefreshTask: Provider does not support refresh and did not refresh
01-08 06:08:09.302 16427 16427 D AbstractActionHandler: Creating new directory loader for: content://com.android.externalstorage.documents/document/primary%3AAndroid%2Fdata%2Fcom.github.libretube.test.debug%2Ffiles%2Faudio
01-08 06:08:09.315 16427 16427 D AbstractActionHandler: Loader has finished for: content://com.android.externalstorage.documents/document/primary%3AAndroid%2Fdata%2Fcom.github.libretube.test.debug%2Ffiles%2Faudio
01-08 06:08:09.315 16427 16427 I Model   : Updating model with new result set.
01-08 06:08:09.315 16427 16427 D DirectoryFragment: Received model update. Loading=false
01-08 06:08:09.316 16427 16427 D DefaultSelectionTracker: Ignoring onDataSetChange. No active selection.
01-08 06:08:09.897  1038 23211 I netd    : tetherGetStats() -> {[]} <1.62ms>
01-08 06:08:09.915  1038 23211 I netd    : bandwidthSetGlobalAlert(2097152) <0.72ms>
01-08 06:08:10.120 16427 16427 V RefreshTask: Provider does not support refresh and did not refresh
01-08 06:08:10.121 16427 16427 D AbstractActionHandler: Creating new directory loader for: content://com.android.externalstorage.documents/document/primary%3AAndroid%2Fdata%2Fcom.github.libretube.test.debug%2Ffiles%2Faudio
01-08 06:08:10.133 16427 16427 D AbstractActionHandler: Loader has finished for: content://com.android.externalstorage.documents/document/primary%3AAndroid%2Fdata%2Fcom.github.libretube.test.debug%2Ffiles%2Faudio
01-08 06:08:10.133 16427 16427 I Model   : Updating model with new result set.
01-08 06:08:10.133 16427 16427 D DirectoryFragment: Received model update. Loading=false
01-08 06:08:10.134 16427 16427 D DefaultSelectionTracker: Ignoring onDataSetChange. No active selection.
01-08 06:08:10.425  1949  2551 E WifiStaIfaceAidlImpl: getCachedScanData failed with service-specific exception: android.os.ServiceSpecificException:  (code 4)
01-08 06:08:10.922 16427 16427 V RefreshTask: Provider does not support refresh and did not refresh
01-08 06:08:10.922 16427 16427 D AbstractActionHandler: Creating new directory loader for: content://com.android.externalstorage.documents/document/primary%3AAndroid%2Fdata%2Fcom.github.libretube.test.debug%2Ffiles%2Faudio
01-08 06:08:10.937 16427 16427 D AbstractActionHandler: Loader has finished for: content://com.android.externalstorage.documents/document/primary%3AAndroid%2Fdata%2Fcom.github.libretube.test.debug%2Ffiles%2Faudio
01-08 06:08:10.937 16427 16427 I Model   : Updating model with new result set.
01-08 06:08:10.937 16427 16427 D DirectoryFragment: Received model update. Loading=false
01-08 06:08:10.938 16427 16427 D DefaultSelectionTracker: Ignoring onDataSetChange. No active selection.
01-08 06:08:11.606 16427 16427 V RefreshTask: Provider does not support refresh and did not refresh
01-08 06:08:11.607 16427 16427 D AbstractActionHandler: Creating new directory loader for: content://com.android.externalstorage.documents/document/primary%3AAndroid%2Fdata%2Fcom.github.libretube.test.debug%2Ffiles%2Faudio
01-08 06:08:11.622 16427 16427 D AbstractActionHandler: Loader has finished for: content://com.android.externalstorage.documents/document/primary%3AAndroid%2Fdata%2Fcom.github.libretube.test.debug%2Ffiles%2Faudio
01-08 06:08:11.622 16427 16427 I Model   : Updating model with new result set.
01-08 06:08:11.622 16427 16427 D DirectoryFragment: Received model update. Loading=false
01-08 06:08:11.622 16427 16427 D DefaultSelectionTracker: Ignoring onDataSetChange. No active selection.
01-08 06:08:12.324 16427 16427 V RefreshTask: Provider does not support refresh and did not refresh
01-08 06:08:12.325 16427 16427 D AbstractActionHandler: Creating new directory loader for: content://com.android.externalstorage.documents/document/primary%3AAndroid%2Fdata%2Fcom.github.libretube.test.debug%2Ffiles%2Faudio
01-08 06:08:12.340 16427 16427 D AbstractActionHandler: Loader has finished for: content://com.android.externalstorage.documents/document/primary%3AAndroid%2Fdata%2Fcom.github.libretube.test.debug%2Ffiles%2Faudio
01-08 06:08:12.340 16427 16427 I Model   : Updating model with new result set.
01-08 06:08:12.341 16427 16427 D DirectoryFragment: Received model update. Loading=false
01-08 06:08:12.341 16427 16427 D DefaultSelectionTracker: Ignoring onDataSetChange. No active selection.
01-08 06:08:13.025 16427 16427 V RefreshTask: Provider does not support refresh and did not refresh
01-08 06:08:13.026 16427 16427 D AbstractActionHandler: Creating new directory loader for: content://com.android.externalstorage.documents/document/primary%3AAndroid%2Fdata%2Fcom.github.libretube.test.debug%2Ffiles%2Faudio
01-08 06:08:13.044 16427 16427 D AbstractActionHandler: Loader has finished for: content://com.android.externalstorage.documents/document/primary%3AAndroid%2Fdata%2Fcom.github.libretube.test.debug%2Ffiles%2Faudio
01-08 06:08:13.044 16427 16427 I Model   : Updating model with new result set.
01-08 06:08:13.044 16427 16427 D DirectoryFragment: Received model update. Loading=false
01-08 06:08:13.044 16427 16427 D DefaultSelectionTracker: Ignoring onDataSetChange. No active selection.
01-08 06:08:13.435  1949  2551 E WifiStaIfaceAidlImpl: getCachedScanData failed with service-specific exception: android.os.ServiceSpecificException:  (code 4)
01-08 06:08:13.662 16427 16427 V RefreshTask: Provider does not support refresh and did not refresh
01-08 06:08:13.663 16427 16427 D AbstractActionHandler: Creating new directory loader for: content://com.android.externalstorage.documents/document/primary%3AAndroid%2Fdata%2Fcom.github.libretube.test.debug%2Ffiles%2Faudio
01-08 06:08:13.677 16427 16427 D AbstractActionHandler: Loader has finished for: content://com.android.externalstorage.documents/document/primary%3AAndroid%2Fdata%2Fcom.github.libretube.test.debug%2Ffiles%2Faudio
01-08 06:08:13.677 16427 16427 I Model   : Updating model with new result set.
01-08 06:08:13.677 16427 16427 D DirectoryFragment: Received model update. Loading=false
01-08 06:08:13.677 16427 16427 D DefaultSelectionTracker: Ignoring onDataSetChange. No active selection.
01-08 06:08:14.245 16427 16427 V RefreshTask: Provider does not support refresh and did not refresh
01-08 06:08:14.245 16427 16427 D AbstractActionHandler: Creating new directory loader for: content://com.android.externalstorage.documents/document/primary%3AAndroid%2Fdata%2Fcom.github.libretube.test.debug%2Ffiles%2Faudio
01-08 06:08:14.262 16427 16427 D AbstractActionHandler: Loader has finished for: content://com.android.externalstorage.documents/document/primary%3AAndroid%2Fdata%2Fcom.github.libretube.test.debug%2Ffiles%2Faudio
01-08 06:08:14.262 16427 16427 I Model   : Updating model with new result set.
01-08 06:08:14.262 16427 16427 D DirectoryFragment: Received model update. Loading=false
01-08 06:08:14.262 16427 16427 D DefaultSelectionTracker: Ignoring onDataSetChange. No active selection.
01-08 06:08:14.914 16427 16427 V RefreshTask: Provider does not support refresh and did not refresh
01-08 06:08:14.914 16427 16427 D AbstractActionHandler: Creating new directory loader for: content://com.android.externalstorage.documents/document/primary%3AAndroid%2Fdata%2Fcom.github.libretube.test.debug%2Ffiles%2Faudio
01-08 06:08:14.931 16427 16427 D AbstractActionHandler: Loader has finished for: content://com.android.externalstorage.documents/document/primary%3AAndroid%2Fdata%2Fcom.github.libretube.test.debug%2Ffiles%2Faudio
01-08 06:08:14.931 16427 16427 I Model   : Updating model with new result set.
01-08 06:08:14.931 16427 16427 D DirectoryFragment: Received model update. Loading=false
01-08 06:08:14.932 16427 16427 D DefaultSelectionTracker: Ignoring onDataSetChange. No active selection.
01-08 06:08:15.550 16427 16427 V RefreshTask: Provider does not support refresh and did not refresh
01-08 06:08:15.550 16427 16427 D AbstractActionHandler: Creating new directory loader for: content://com.android.externalstorage.documents/document/primary%3AAndroid%2Fdata%2Fcom.github.libretube.test.debug%2Ffiles%2Faudio
01-08 06:08:15.565 16427 16427 D AbstractActionHandler: Loader has finished for: content://com.android.externalstorage.documents/document/primary%3AAndroid%2Fdata%2Fcom.github.libretube.test.debug%2Ffiles%2Faudio
01-08 06:08:15.565 16427 16427 I Model   : Updating model with new result set.
01-08 06:08:15.565 16427 16427 D DirectoryFragment: Received model update. Loading=false
01-08 06:08:15.566 16427 16427 D DefaultSelectionTracker: Ignoring onDataSetChange. No active selection.
01-08 06:08:11.652     0     0 I FG      : calculate_average_current: current_now_ma=376464 averaged_iavg_ma=289611
01-08 06:08:11.652     0     0 I FG      : fg_battery_soc_smooth_tracking: soc:58, last_soc:58, raw_soc:58, soc_changed:1.
01-08 06:08:11.652     0     0 I FG      : soc_monitor_work: soc:58, raw_soc:58, c:376464, s:2
01-08 06:08:16.151 16427 16427 V RefreshTask: Provider does not support refresh and did not refresh
01-08 06:08:16.152 16427 16427 D AbstractActionHandler: Creating new directory loader for: content://com.android.externalstorage.documents/document/primary%3AAndroid%2Fdata%2Fcom.github.libretube.test.debug%2Ffiles%2Faudio
01-08 06:08:16.167 16427 16427 D AbstractActionHandler: Loader has finished for: content://com.android.externalstorage.documents/document/primary%3AAndroid%2Fdata%2Fcom.github.libretube.test.debug%2Ffiles%2Faudio
01-08 06:08:16.167 16427 16427 I Model   : Updating model with new result set.
01-08 06:08:16.167 16427 16427 D DirectoryFragment: Received model update. Loading=false
01-08 06:08:16.167 16427 16427 D DefaultSelectionTracker: Ignoring onDataSetChange. No active selection.
01-08 06:08:16.450  1949  2551 E WifiStaIfaceAidlImpl: getCachedScanData failed with service-specific exception: android.os.ServiceSpecificException:  (code 4)
01-08 06:08:16.720 16427 16427 V RefreshTask: Provider does not support refresh and did not refresh
01-08 06:08:16.721 16427 16427 D AbstractActionHandler: Creating new directory loader for: content://com.android.externalstorage.documents/document/primary%3AAndroid%2Fdata%2Fcom.github.libretube.test.debug%2Ffiles%2Faudio
01-08 06:08:16.733 16427 16427 D AbstractActionHandler: Loader has finished for: content://com.android.externalstorage.documents/document/primary%3AAndroid%2Fdata%2Fcom.github.libretube.test.debug%2Ffiles%2Faudio
01-08 06:08:16.733 16427 16427 I Model   : Updating model with new result set.
01-08 06:08:16.733 16427 16427 D DirectoryFragment: Received model update. Loading=false
01-08 06:08:16.734 16427 16427 D DefaultSelectionTracker: Ignoring onDataSetChange. No active selection.
01-08 06:08:17.270 16427 16427 V RefreshTask: Provider does not support refresh and did not refresh
01-08 06:08:17.271 16427 16427 D AbstractActionHandler: Creating new directory loader for: content://com.android.externalstorage.documents/document/primary%3AAndroid%2Fdata%2Fcom.github.libretube.test.debug%2Ffiles%2Faudio
01-08 06:08:17.287 16427 16427 D AbstractActionHandler: Loader has finished for: content://com.android.externalstorage.documents/document/primary%3AAndroid%2Fdata%2Fcom.github.libretube.test.debug%2Ffiles%2Faudio
01-08 06:08:17.287 16427 16427 I Model   : Updating model with new result set.
01-08 06:08:17.287 16427 16427 D DirectoryFragment: Received model update. Loading=false
01-08 06:08:17.288 16427 16427 D DefaultSelectionTracker: Ignoring onDataSetChange. No active selection.
01-08 06:08:18.441 16427 16427 V RefreshTask: Provider does not support refresh and did not refresh
01-08 06:08:18.441 16427 16427 D AbstractActionHandler: Creating new directory loader for: content://com.android.externalstorage.documents/document/primary%3AAndroid%2Fdata%2Fcom.github.libretube.test.debug%2Ffiles%2Faudio
01-08 06:08:18.455 16427 16427 D AbstractActionHandler: Loader has finished for: content://com.android.externalstorage.documents/document/primary%3AAndroid%2Fdata%2Fcom.github.libretube.test.debug%2Ffiles%2Faudio
01-08 06:08:18.455 16427 16427 I Model   : Updating model with new result set.
01-08 06:08:18.455 16427 16427 D DirectoryFragment: Received model update. Loading=false
01-08 06:08:18.455 16427 16427 D DefaultSelectionTracker: Ignoring onDataSetChange. No active selection.
01-08 06:08:19.092 16427 16427 V RefreshTask: Provider does not support refresh and did not refresh
01-08 06:08:19.093 16427 16427 D AbstractActionHandler: Creating new directory loader for: content://com.android.externalstorage.documents/document/primary%3AAndroid%2Fdata%2Fcom.github.libretube.test.debug%2Ffiles%2Faudio
01-08 06:08:19.107 16427 16427 D AbstractActionHandler: Loader has finished for: content://com.android.externalstorage.documents/document/primary%3AAndroid%2Fdata%2Fcom.github.libretube.test.debug%2Ffiles%2Faudio
01-08 06:08:19.107 16427 16427 I Model   : Updating model with new result set.
01-08 06:08:19.107 16427 16427 D DirectoryFragment: Received model update. Loading=false
01-08 06:08:19.107 16427 16427 D DefaultSelectionTracker: Ignoring onDataSetChange. No active selection.
01-08 06:08:19.463  1949  2551 E WifiStaIfaceAidlImpl: getCachedScanData failed with service-specific exception: android.os.ServiceSpecificException:  (code 4)
01-08 06:08:19.744 16427 16427 V RefreshTask: Provider does not support refresh and did not refresh
01-08 06:08:19.745 16427 16427 D AbstractActionHandler: Creating new directory loader for: content://com.android.externalstorage.documents/document/primary%3AAndroid%2Fdata%2Fcom.github.libretube.test.debug%2Ffiles%2Faudio
01-08 06:08:19.759 16427 16427 D AbstractActionHandler: Loader has finished for: content://com.android.externalstorage.documents/document/primary%3AAndroid%2Fdata%2Fcom.github.libretube.test.debug%2Ffiles%2Faudio
01-08 06:08:19.759 16427 16427 I Model   : Updating model with new result set.
01-08 06:08:19.759 16427 16427 D DirectoryFragment: Received model update. Loading=false
01-08 06:08:19.759 16427 16427 D DefaultSelectionTracker: Ignoring onDataSetChange. No active selection.
01-08 06:08:21.030 16427 16427 V RefreshTask: Provider does not support refresh and did not refresh
01-08 06:08:21.030 16427 16427 D AbstractActionHandler: Creating new directory loader for: content://com.android.externalstorage.documents/document/primary%3AAndroid%2Fdata%2Fcom.github.libretube.test.debug%2Ffiles%2Faudio
01-08 06:08:21.045 16427 16427 D AbstractActionHandler: Loader has finished for: content://com.android.externalstorage.documents/document/primary%3AAndroid%2Fdata%2Fcom.github.libretube.test.debug%2Ffiles%2Faudio
01-08 06:08:21.045 16427 16427 I Model   : Updating model with new result set.
01-08 06:08:21.045 16427 16427 D DirectoryFragment: Received model update. Loading=false
01-08 06:08:21.046 16427 16427 D DefaultSelectionTracker: Ignoring onDataSetChange. No active selection.
01-08 06:08:21.801 16427 16427 V RefreshTask: Provider does not support refresh and did not refresh
01-08 06:08:21.802 16427 16427 D AbstractActionHandler: Creating new directory loader for: content://com.android.externalstorage.documents/document/primary%3AAndroid%2Fdata%2Fcom.github.libretube.test.debug%2Ffiles%2Faudio
01-08 06:08:21.813 16427 16427 D AbstractActionHandler: Loader has finished for: content://com.android.externalstorage.documents/document/primary%3AAndroid%2Fdata%2Fcom.github.libretube.test.debug%2Ffiles%2Faudio
01-08 06:08:21.813 16427 16427 I Model   : Updating model with new result set.
01-08 06:08:21.813 16427 16427 D DirectoryFragment: Received model update. Loading=false
01-08 06:08:21.814 16427 16427 D DefaultSelectionTracker: Ignoring onDataSetChange. No active selection.
01-08 06:08:22.478  1949  2551 E WifiStaIfaceAidlImpl: getCachedScanData failed with service-specific exception: android.os.ServiceSpecificException:  (code 4)
01-08 06:08:22.533 16427 16427 V RefreshTask: Provider does not support refresh and did not refresh
01-08 06:08:22.533 16427 16427 D AbstractActionHandler: Creating new directory loader for: content://com.android.externalstorage.documents/document/primary%3AAndroid%2Fdata%2Fcom.github.libretube.test.debug%2Ffiles%2Faudio
01-08 06:08:22.549 16427 16427 D AbstractActionHandler: Loader has finished for: content://com.android.externalstorage.documents/document/primary%3AAndroid%2Fdata%2Fcom.github.libretube.test.debug%2Ffiles%2Faudio
01-08 06:08:22.549 16427 16427 I Model   : Updating model with new result set.
01-08 06:08:22.549 16427 16427 D DirectoryFragment: Received model update. Loading=false
01-08 06:08:22.549 16427 16427 D DefaultSelectionTracker: Ignoring onDataSetChange. No active selection.
01-08 06:08:23.284 16427 16427 V RefreshTask: Provider does not support refresh and did not refresh
01-08 06:08:23.285 16427 16427 D AbstractActionHandler: Creating new directory loader for: content://com.android.externalstorage.documents/document/primary%3AAndroid%2Fdata%2Fcom.github.libretube.test.debug%2Ffiles%2Faudio
01-08 06:08:23.301 16427 16427 D AbstractActionHandler: Loader has finished for: content://com.android.externalstorage.documents/document/primary%3AAndroid%2Fdata%2Fcom.github.libretube.test.debug%2Ffiles%2Faudio
01-08 06:08:23.301 16427 16427 I Model   : Updating model with new result set.
01-08 06:08:23.301 16427 16427 D DirectoryFragment: Received model update. Loading=false
01-08 06:08:23.302 16427 16427 D DefaultSelectionTracker: Ignoring onDataSetChange. No active selection.
01-08 06:08:24.072 16427 16427 V RefreshTask: Provider does not support refresh and did not refresh
01-08 06:08:24.072 16427 16427 D AbstractActionHandler: Creating new directory loader for: content://com.android.externalstorage.documents/document/primary%3AAndroid%2Fdata%2Fcom.github.libretube.test.debug%2Ffiles%2Faudio
01-08 06:08:24.085 16427 16427 D AbstractActionHandler: Loader has finished for: content://com.android.externalstorage.documents/document/primary%3AAndroid%2Fdata%2Fcom.github.libretube.test.debug%2Ffiles%2Faudio
01-08 06:08:24.085 16427 16427 I Model   : Updating model with new result set.
01-08 06:08:24.085 16427 16427 D DirectoryFragment: Received model update. Loading=false
01-08 06:08:24.086 16427 16427 D DefaultSelectionTracker: Ignoring onDataSetChange. No active selection.
01-08 06:08:24.856 16427 16427 V RefreshTask: Provider does not support refresh and did not refresh
01-08 06:08:24.857 16427 16427 D AbstractActionHandler: Creating new directory loader for: content://com.android.externalstorage.documents/document/primary%3AAndroid%2Fdata%2Fcom.github.libretube.test.debug%2Ffiles%2Faudio
01-08 06:08:24.872 16427 16427 D AbstractActionHandler: Loader has finished for: content://com.android.externalstorage.documents/document/primary%3AAndroid%2Fdata%2Fcom.github.libretube.test.debug%2Ffiles%2Faudio
01-08 06:08:24.872 16427 16427 I Model   : Updating model with new result set.
01-08 06:08:24.872 16427 16427 D DirectoryFragment: Received model update. Loading=false
01-08 06:08:24.872 16427 16427 D DefaultSelectionTracker: Ignoring onDataSetChange. No active selection.
01-08 06:08:25.491  1949  2551 E WifiStaIfaceAidlImpl: getCachedScanData failed with service-specific exception: android.os.ServiceSpecificException:  (code 4)
01-08 06:08:25.573 16427 16427 V RefreshTask: Provider does not support refresh and did not refresh
01-08 06:08:25.574 16427 16427 D AbstractActionHandler: Creating new directory loader for: content://com.android.externalstorage.documents/document/primary%3AAndroid%2Fdata%2Fcom.github.libretube.test.debug%2Ffiles%2Faudio
01-08 06:08:25.590 16427 16427 D AbstractActionHandler: Loader has finished for: content://com.android.externalstorage.documents/document/primary%3AAndroid%2Fdata%2Fcom.github.libretube.test.debug%2Ffiles%2Faudio
01-08 06:08:25.590 16427 16427 I Model   : Updating model with new result set.
01-08 06:08:25.590 16427 16427 D DirectoryFragment: Received model update. Loading=false
01-08 06:08:25.591 16427 16427 D DefaultSelectionTracker: Ignoring onDataSetChange. No active selection.
01-08 06:08:21.902     0     0 I FG      : calculate_average_current: current_now_ma=400390 averaged_iavg_ma=323425
01-08 06:08:21.902     0     0 I FG      : fg_battery_soc_smooth_tracking: soc:58, last_soc:58, raw_soc:58, soc_changed:1.
01-08 06:08:21.902     0     0 I FG      : soc_monitor_work: soc:58, raw_soc:58, c:400390, s:2
01-08 06:08:28.506  1949  2551 E WifiStaIfaceAidlImpl: getCachedScanData failed with service-specific exception: android.os.ServiceSpecificException:  (code 4)
01-08 06:08:29.276  2925  2925 W Choreographer: Frame time is 0.107572 ms in the future!  Check that graphics HAL is generating vsync timestamps using the correct timebase.
01-08 06:08:29.583 16427 16427 V RefreshTask: Provider does not support refresh and did not refresh
01-08 06:08:29.583 16427 16427 D AbstractActionHandler: Creating new directory loader for: content://com.android.externalstorage.documents/document/primary%3AAndroid%2Fdata%2Fcom.github.libretube.test.debug%2Ffiles%2Faudio
01-08 06:08:29.600 16427 16427 D AbstractActionHandler: Loader has finished for: content://com.android.externalstorage.documents/document/primary%3AAndroid%2Fdata%2Fcom.github.libretube.test.debug%2Ffiles%2Faudio
01-08 06:08:29.600 16427 16427 I Model   : Updating model with new result set.
01-08 06:08:29.600 16427 16427 D DirectoryFragment: Received model update. Loading=false
01-08 06:08:29.601 16427 16427 D DefaultSelectionTracker: Ignoring onDataSetChange. No active selection.
01-08 06:08:30.470 16427 16427 V RefreshTask: Provider does not support refresh and did not refresh
01-08 06:08:30.470 16427 16427 D AbstractActionHandler: Creating new directory loader for: content://com.android.externalstorage.documents/document/primary%3AAndroid%2Fdata%2Fcom.github.libretube.test.debug%2Ffiles%2Faudio
01-08 06:08:30.486 16427 16427 D AbstractActionHandler: Loader has finished for: content://com.android.externalstorage.documents/document/primary%3AAndroid%2Fdata%2Fcom.github.libretube.test.debug%2Ffiles%2Faudio
01-08 06:08:30.486 16427 16427 I Model   : Updating model with new result set.
01-08 06:08:30.486 16427 16427 D DirectoryFragment: Received model update. Loading=false
01-08 06:08:30.486 16427 16427 D DefaultSelectionTracker: Ignoring onDataSetChange. No active selection.
01-08 06:08:31.204 16427 16427 V RefreshTask: Provider does not support refresh and did not refresh
01-08 06:08:31.204 16427 16427 D AbstractActionHandler: Creating new directory loader for: content://com.android.externalstorage.documents/document/primary%3AAndroid%2Fdata%2Fcom.github.libretube.test.debug%2Ffiles%2Faudio
01-08 06:08:31.221 16427 16427 D AbstractActionHandler: Loader has finished for: content://com.android.externalstorage.documents/document/primary%3AAndroid%2Fdata%2Fcom.github.libretube.test.debug%2Ffiles%2Faudio
01-08 06:08:31.221 16427 16427 I Model   : Updating model with new result set.
01-08 06:08:31.221 16427 16427 D DirectoryFragment: Received model update. Loading=false
01-08 06:08:31.222 16427 16427 D DefaultSelectionTracker: Ignoring onDataSetChange. No active selection.
01-08 06:08:31.293  1949  2609 D BackgroundInstallControlService: Package event received: 0
01-08 06:08:31.524  1949  2551 E WifiStaIfaceAidlImpl: getCachedScanData failed with service-specific exception: android.os.ServiceSpecificException:  (code 4)
01-08 06:08:31.891 16427 16427 V RefreshTask: Provider does not support refresh and did not refresh
01-08 06:08:31.891 16427 16427 D AbstractActionHandler: Creating new directory loader for: content://com.android.externalstorage.documents/document/primary%3AAndroid%2Fdata%2Fcom.github.libretube.test.debug%2Ffiles%2Faudio
01-08 06:08:31.905 16427 16427 D AbstractActionHandler: Loader has finished for: content://com.android.externalstorage.documents/document/primary%3AAndroid%2Fdata%2Fcom.github.libretube.test.debug%2Ffiles%2Faudio
01-08 06:08:31.905 16427 16427 I Model   : Updating model with new result set.
01-08 06:08:31.905 16427 16427 D DirectoryFragment: Received model update. Loading=false
01-08 06:08:31.906 16427 16427 D DefaultSelectionTracker: Ignoring onDataSetChange. No active selection.
01-08 06:08:32.574 16427 16427 V RefreshTask: Provider does not support refresh and did not refresh
01-08 06:08:32.574 16427 16427 D AbstractActionHandler: Creating new directory loader for: content://com.android.externalstorage.documents/document/primary%3AAndroid%2Fdata%2Fcom.github.libretube.test.debug%2Ffiles%2Faudio
01-08 06:08:32.592 16427 16427 D AbstractActionHandler: Loader has finished for: content://com.android.externalstorage.documents/document/primary%3AAndroid%2Fdata%2Fcom.github.libretube.test.debug%2Ffiles%2Faudio
01-08 06:08:32.592 16427 16427 I Model   : Updating model with new result set.
01-08 06:08:32.592 16427 16427 D DirectoryFragment: Received model update. Loading=false
01-08 06:08:32.593 16427 16427 D DefaultSelectionTracker: Ignoring onDataSetChange. No active selection.
01-08 06:08:33.242 16427 16427 V RefreshTask: Provider does not support refresh and did not refresh
01-08 06:08:33.243 16427 16427 D AbstractActionHandler: Creating new directory loader for: content://com.android.externalstorage.documents/document/primary%3AAndroid%2Fdata%2Fcom.github.libretube.test.debug%2Ffiles%2Faudio
01-08 06:08:33.262 16427 16427 D AbstractActionHandler: Loader has finished for: content://com.android.externalstorage.documents/document/primary%3AAndroid%2Fdata%2Fcom.github.libretube.test.debug%2Ffiles%2Faudio
01-08 06:08:33.262 16427 16427 I Model   : Updating model with new result set.
01-08 06:08:33.262 16427 16427 D DirectoryFragment: Received model update. Loading=false
01-08 06:08:33.263 16427 16427 D DefaultSelectionTracker: Ignoring onDataSetChange. No active selection.
01-08 06:08:29.581     0     0 W healthd : battery l=58 v=3861 t=34.0 h=2 st=3 c=369628 fc=3159000 cc=246 chg=
01-08 06:08:33.598  2881  2881 D QtiCarrierConfigHelper: WARNING, no carrier configs on phone Id: 0
01-08 06:08:29.591     0     0 W healthd : battery l=58 v=3861 t=34.0 h=2 st=3 c=369628 fc=3159000 cc=246 chg=
01-08 06:08:33.765 16427 16427 V RefreshTask: Provider does not support refresh and did not refresh
01-08 06:08:33.765 16427 16427 D AbstractActionHandler: Creating new directory loader for: content://com.android.externalstorage.documents/document/primary%3AAndroid%2Fdata%2Fcom.github.libretube.test.debug%2Ffiles%2Faudio
01-08 06:08:33.777 16427 16427 D AbstractActionHandler: Loader has finished for: content://com.android.externalstorage.documents/document/primary%3AAndroid%2Fdata%2Fcom.github.libretube.test.debug%2Ffiles%2Faudio
01-08 06:08:33.777 16427 16427 I Model   : Updating model with new result set.
01-08 06:08:33.777 16427 16427 D DirectoryFragment: Received model update. Loading=false
01-08 06:08:33.778 16427 16427 D DefaultSelectionTracker: Ignoring onDataSetChange. No active selection.
01-08 06:08:34.536  1949  2551 E WifiStaIfaceAidlImpl: getCachedScanData failed with service-specific exception: android.os.ServiceSpecificException:  (code 4)
01-08 06:08:34.782 16427 16427 V RefreshTask: Provider does not support refresh and did not refresh
01-08 06:08:34.782 16427 16427 D AbstractActionHandler: Creating new directory loader for: content://com.android.externalstorage.documents/document/primary%3AAndroid%2Fdata%2Fcom.github.libretube.test.debug%2Ffiles%2Faudio
01-08 06:08:34.796 16427 16427 D AbstractActionHandler: Loader has finished for: content://com.android.externalstorage.documents/document/primary%3AAndroid%2Fdata%2Fcom.github.libretube.test.debug%2Ffiles%2Faudio
01-08 06:08:34.797 16427 16427 I Model   : Updating model with new result set.
01-08 06:08:34.797 16427 16427 D DirectoryFragment: Received model update. Loading=false
01-08 06:08:34.797 16427 16427 D DefaultSelectionTracker: Ignoring onDataSetChange. No active selection.
01-08 06:08:35.366 16427 16427 V RefreshTask: Provider does not support refresh and did not refresh
01-08 06:08:35.366 16427 16427 D AbstractActionHandler: Creating new directory loader for: content://com.android.externalstorage.documents/document/primary%3AAndroid%2Fdata%2Fcom.github.libretube.test.debug%2Ffiles%2Faudio
01-08 06:08:35.381 16427 16427 D AbstractActionHandler: Loader has finished for: content://com.android.externalstorage.documents/document/primary%3AAndroid%2Fdata%2Fcom.github.libretube.test.debug%2Ffiles%2Faudio
01-08 06:08:35.381 16427 16427 I Model   : Updating model with new result set.
01-08 06:08:35.381 16427 16427 D DirectoryFragment: Received model update. Loading=false
01-08 06:08:35.381 16427 16427 D DefaultSelectionTracker: Ignoring onDataSetChange. No active selection.
01-08 06:08:35.951 16427 16427 V RefreshTask: Provider does not support refresh and did not refresh
01-08 06:08:35.951 16427 16427 D AbstractActionHandler: Creating new directory loader for: content://com.android.externalstorage.documents/document/primary%3AAndroid%2Fdata%2Fcom.github.libretube.test.debug%2Ffiles%2Faudio
01-08 06:08:35.965 16427 16427 D AbstractActionHandler: Loader has finished for: content://com.android.externalstorage.documents/document/primary%3AAndroid%2Fdata%2Fcom.github.libretube.test.debug%2Ffiles%2Faudio
01-08 06:08:35.965 16427 16427 I Model   : Updating model with new result set.
01-08 06:08:35.965 16427 16427 D DirectoryFragment: Received model update. Loading=false
01-08 06:08:35.965 16427 16427 D DefaultSelectionTracker: Ignoring onDataSetChange. No active selection.
01-08 06:08:32.132     0     0 I FG      : calculate_average_current: current_now_ma=371581 averaged_iavg_ma=328002
01-08 06:08:32.132     0     0 I FG      : fg_battery_soc_smooth_tracking: soc:58, last_soc:58, raw_soc:58, soc_changed:1.
01-08 06:08:32.132     0     0 I FG      : soc_monitor_work: soc:58, raw_soc:58, c:371581, s:2
01-08 06:08:36.653 16427 16427 V RefreshTask: Provider does not support refresh and did not refresh
01-08 06:08:36.653 16427 16427 D AbstractActionHandler: Creating new directory loader for: content://com.android.externalstorage.documents/document/primary%3AAndroid%2Fdata%2Fcom.github.libretube.test.debug%2Ffiles%2Faudio
01-08 06:08:36.668 16427 16427 D AbstractActionHandler: Loader has finished for: content://com.android.externalstorage.documents/document/primary%3AAndroid%2Fdata%2Fcom.github.libretube.test.debug%2Ffiles%2Faudio
01-08 06:08:36.668 16427 16427 I Model   : Updating model with new result set.
01-08 06:08:36.668 16427 16427 D DirectoryFragment: Received model update. Loading=false
01-08 06:08:36.669 16427 16427 D DefaultSelectionTracker: Ignoring onDataSetChange. No active selection.
01-08 06:08:37.303 16427 16427 V RefreshTask: Provider does not support refresh and did not refresh
01-08 06:08:37.304 16427 16427 D AbstractActionHandler: Creating new directory loader for: content://com.android.externalstorage.documents/document/primary%3AAndroid%2Fdata%2Fcom.github.libretube.test.debug%2Ffiles%2Faudio
01-08 06:08:37.320 16427 16427 D AbstractActionHandler: Loader has finished for: content://com.android.externalstorage.documents/document/primary%3AAndroid%2Fdata%2Fcom.github.libretube.test.debug%2Ffiles%2Faudio
01-08 06:08:37.320 16427 16427 I Model   : Updating model with new result set.
01-08 06:08:37.320 16427 16427 D DirectoryFragment: Received model update. Loading=false
01-08 06:08:37.321 16427 16427 D DefaultSelectionTracker: Ignoring onDataSetChange. No active selection.
01-08 06:08:37.550  1949  2551 E WifiStaIfaceAidlImpl: getCachedScanData failed with service-specific exception: android.os.ServiceSpecificException:  (code 4)
01-08 06:08:37.973 16427 16427 V RefreshTask: Provider does not support refresh and did not refresh
01-08 06:08:37.973 16427 16427 D AbstractActionHandler: Creating new directory loader for: content://com.android.externalstorage.documents/document/primary%3AAndroid%2Fdata%2Fcom.github.libretube.test.debug%2Ffiles%2Faudio
01-08 06:08:37.989 16427 16427 D AbstractActionHandler: Loader has finished for: content://com.android.externalstorage.documents/document/primary%3AAndroid%2Fdata%2Fcom.github.libretube.test.debug%2Ffiles%2Faudio
01-08 06:08:37.989 16427 16427 I Model   : Updating model with new result set.
01-08 06:08:37.989 16427 16427 D DirectoryFragment: Received model update. Loading=false
01-08 06:08:37.990 16427 16427 D DefaultSelectionTracker: Ignoring onDataSetChange. No active selection.
01-08 06:08:38.542 16427 16427 V RefreshTask: Provider does not support refresh and did not refresh
01-08 06:08:38.543 16427 16427 D AbstractActionHandler: Creating new directory loader for: content://com.android.externalstorage.documents/document/primary%3AAndroid%2Fdata%2Fcom.github.libretube.test.debug%2Ffiles%2Faudio
01-08 06:08:38.555 16427 16427 D AbstractActionHandler: Loader has finished for: content://com.android.externalstorage.documents/document/primary%3AAndroid%2Fdata%2Fcom.github.libretube.test.debug%2Ffiles%2Faudio
01-08 06:08:38.555 16427 16427 I Model   : Updating model with new result set.
01-08 06:08:38.555 16427 16427 D DirectoryFragment: Received model update. Loading=false
01-08 06:08:38.556 16427 16427 D DefaultSelectionTracker: Ignoring onDataSetChange. No active selection.
01-08 06:08:39.108 16427 16427 V RefreshTask: Provider does not support refresh and did not refresh
01-08 06:08:39.109 16427 16427 D AbstractActionHandler: Creating new directory loader for: content://com.android.externalstorage.documents/document/primary%3AAndroid%2Fdata%2Fcom.github.libretube.test.debug%2Ffiles%2Faudio
01-08 06:08:39.123 16427 16427 D AbstractActionHandler: Loader has finished for: content://com.android.externalstorage.documents/document/primary%3AAndroid%2Fdata%2Fcom.github.libretube.test.debug%2Ffiles%2Faudio
01-08 06:08:39.123 16427 16427 I Model   : Updating model with new result set.
01-08 06:08:39.123 16427 16427 D DirectoryFragment: Received model update. Loading=false
