01-08 06:08:39.123 16427 16427 D DefaultSelectionTracker: Ignoring onDataSetChange. No active selection.
01-08 06:08:39.710 16427 16427 V RefreshTask: Provider does not support refresh and did not refresh
01-08 06:08:39.711 16427 16427 D AbstractActionHandler: Creating new directory loader for: content://com.android.externalstorage.documents/document/primary%3AAndroid%2Fdata%2Fcom.github.libretube.test.debug%2Ffiles%2Faudio
01-08 06:08:39.724 16427 16427 D AbstractActionHandler: Loader has finished for: content://com.android.externalstorage.documents/document/primary%3AAndroid%2Fdata%2Fcom.github.libretube.test.debug%2Ffiles%2Faudio
01-08 06:08:39.724 16427 16427 I Model   : Updating model with new result set.
01-08 06:08:39.724 16427 16427 D DirectoryFragment: Received model update. Loading=false
01-08 06:08:39.724 16427 16427 D DefaultSelectionTracker: Ignoring onDataSetChange. No active selection.
01-08 06:08:40.563  1949  2551 E WifiStaIfaceAidlImpl: getCachedScanData failed with service-specific exception: android.os.ServiceSpecificException:  (code 4)
01-08 06:08:40.813 16427 16427 V RefreshTask: Provider does not support refresh and did not refresh
01-08 06:08:40.814 16427 16427 D AbstractActionHandler: Creating new directory loader for: content://com.android.externalstorage.documents/document/primary%3AAndroid%2Fdata%2Fcom.github.libretube.test.debug%2Ffiles%2Faudio
01-08 06:08:40.829 16427 16427 D AbstractActionHandler: Loader has finished for: content://com.android.externalstorage.documents/document/primary%3AAndroid%2Fdata%2Fcom.github.libretube.test.debug%2Ffiles%2Faudio
01-08 06:08:40.829 16427 16427 I Model   : Updating model with new result set.
01-08 06:08:40.829 16427 16427 D DirectoryFragment: Received model update. Loading=false
01-08 06:08:40.829 16427 16427 D DefaultSelectionTracker: Ignoring onDataSetChange. No active selection.
01-08 06:08:41.397 16427 16427 V RefreshTask: Provider does not support refresh and did not refresh
01-08 06:08:41.397 16427 16427 D AbstractActionHandler: Creating new directory loader for: content://com.android.externalstorage.documents/document/primary%3AAndroid%2Fdata%2Fcom.github.libretube.test.debug%2Ffiles%2Faudio
01-08 06:08:41.414 16427 16427 D AbstractActionHandler: Loader has finished for: content://com.android.externalstorage.documents/document/primary%3AAndroid%2Fdata%2Fcom.github.libretube.test.debug%2Ffiles%2Faudio
01-08 06:08:41.414 16427 16427 I Model   : Updating model with new result set.
01-08 06:08:41.414 16427 16427 D DirectoryFragment: Received model update. Loading=false
01-08 06:08:41.415 16427 16427 D DefaultSelectionTracker: Ignoring onDataSetChange. No active selection.
01-08 06:08:42.014 16427 16427 V RefreshTask: Provider does not support refresh and did not refresh
01-08 06:08:42.014 16427 16427 D AbstractActionHandler: Creating new directory loader for: content://com.android.externalstorage.documents/document/primary%3AAndroid%2Fdata%2Fcom.github.libretube.test.debug%2Ffiles%2Faudio
01-08 06:08:42.031 16427 16427 D AbstractActionHandler: Loader has finished for: content://com.android.externalstorage.documents/document/primary%3AAndroid%2Fdata%2Fcom.github.libretube.test.debug%2Ffiles%2Faudio
01-08 06:08:42.031 16427 16427 I Model   : Updating model with new result set.
01-08 06:08:42.032 16427 16427 D DirectoryFragment: Received model update. Loading=false
01-08 06:08:42.032 16427 16427 D DefaultSelectionTracker: Ignoring onDataSetChange. No active selection.
01-08 06:08:42.582 16427 16427 V RefreshTask: Provider does not support refresh and did not refresh
01-08 06:08:42.582 16427 16427 D AbstractActionHandler: Creating new directory loader for: content://com.android.externalstorage.documents/document/primary%3AAndroid%2Fdata%2Fcom.github.libretube.test.debug%2Ffiles%2Faudio
01-08 06:08:42.600 16427 16427 D AbstractActionHandler: Loader has finished for: content://com.android.externalstorage.documents/document/primary%3AAndroid%2Fdata%2Fcom.github.libretube.test.debug%2Ffiles%2Faudio
01-08 06:08:42.600 16427 16427 I Model   : Updating model with new result set.
01-08 06:08:42.600 16427 16427 D DirectoryFragment: Received model update. Loading=false
01-08 06:08:42.600 16427 16427 D DefaultSelectionTracker: Ignoring onDataSetChange. No active selection.
01-08 06:08:43.269 16427 16427 V RefreshTask: Provider does not support refresh and did not refresh
01-08 06:08:43.269 16427 16427 D AbstractActionHandler: Creating new directory loader for: content://com.android.externalstorage.documents/document/primary%3AAndroid%2Fdata%2Fcom.github.libretube.test.debug%2Ffiles%2Faudio
01-08 06:08:43.283 16427 16427 D AbstractActionHandler: Loader has finished for: content://com.android.externalstorage.documents/document/primary%3AAndroid%2Fdata%2Fcom.github.libretube.test.debug%2Ffiles%2Faudio
01-08 06:08:43.283 16427 16427 I Model   : Updating model with new result set.
01-08 06:08:43.284 16427 16427 D DirectoryFragment: Received model update. Loading=false
01-08 06:08:43.284 16427 16427 D DefaultSelectionTracker: Ignoring onDataSetChange. No active selection.
01-08 06:08:43.574  1949  2551 E WifiStaIfaceAidlImpl: getCachedScanData failed with service-specific exception: android.os.ServiceSpecificException:  (code 4)
01-08 06:08:43.921 16427 16427 V RefreshTask: Provider does not support refresh and did not refresh
01-08 06:08:43.921 16427 16427 D AbstractActionHandler: Creating new directory loader for: content://com.android.externalstorage.documents/document/primary%3AAndroid%2Fdata%2Fcom.github.libretube.test.debug%2Ffiles%2Faudio
01-08 06:08:43.936 16427 16427 D AbstractActionHandler: Loader has finished for: content://com.android.externalstorage.documents/document/primary%3AAndroid%2Fdata%2Fcom.github.libretube.test.debug%2Ffiles%2Faudio
01-08 06:08:43.936 16427 16427 I Model   : Updating model with new result set.
01-08 06:08:43.936 16427 16427 D DirectoryFragment: Received model update. Loading=false
01-08 06:08:43.936 16427 16427 D DefaultSelectionTracker: Ignoring onDataSetChange. No active selection.
01-08 06:08:44.572 16427 16427 V RefreshTask: Provider does not support refresh and did not refresh
01-08 06:08:44.573 16427 16427 D AbstractActionHandler: Creating new directory loader for: content://com.android.externalstorage.documents/document/primary%3AAndroid%2Fdata%2Fcom.github.libretube.test.debug%2Ffiles%2Faudio
01-08 06:08:44.588 16427 16427 D AbstractActionHandler: Loader has finished for: content://com.android.externalstorage.documents/document/primary%3AAndroid%2Fdata%2Fcom.github.libretube.test.debug%2Ffiles%2Faudio
01-08 06:08:44.588 16427 16427 I Model   : Updating model with new result set.
01-08 06:08:44.588 16427 16427 D DirectoryFragment: Received model update. Loading=false
01-08 06:08:44.589 16427 16427 D DefaultSelectionTracker: Ignoring onDataSetChange. No active selection.
01-08 06:08:45.291 16427 16427 V RefreshTask: Provider does not support refresh and did not refresh
01-08 06:08:45.291 16427 16427 D AbstractActionHandler: Creating new directory loader for: content://com.android.externalstorage.documents/document/primary%3AAndroid%2Fdata%2Fcom.github.libretube.test.debug%2Ffiles%2Faudio
01-08 06:08:45.305 16427 16427 D AbstractActionHandler: Loader has finished for: content://com.android.externalstorage.documents/document/primary%3AAndroid%2Fdata%2Fcom.github.libretube.test.debug%2Ffiles%2Faudio
01-08 06:08:45.305 16427 16427 I Model   : Updating model with new result set.
01-08 06:08:45.305 16427 16427 D DirectoryFragment: Received model update. Loading=false
01-08 06:08:45.305 16427 16427 D DefaultSelectionTracker: Ignoring onDataSetChange. No active selection.
01-08 06:08:45.959 16427 16427 V RefreshTask: Provider does not support refresh and did not refresh
01-08 06:08:45.960 16427 16427 D AbstractActionHandler: Creating new directory loader for: content://com.android.externalstorage.documents/document/primary%3AAndroid%2Fdata%2Fcom.github.libretube.test.debug%2Ffiles%2Faudio
01-08 06:08:45.976 16427 16427 D AbstractActionHandler: Loader has finished for: content://com.android.externalstorage.documents/document/primary%3AAndroid%2Fdata%2Fcom.github.libretube.test.debug%2Ffiles%2Faudio
01-08 06:08:45.976 16427 16427 I Model   : Updating model with new result set.
01-08 06:08:45.976 16427 16427 D DirectoryFragment: Received model update. Loading=false
01-08 06:08:45.977 16427 16427 D DefaultSelectionTracker: Ignoring onDataSetChange. No active selection.
01-08 06:08:42.372     0     0 I FG      : calculate_average_current: current_now_ma=380859 averaged_iavg_ma=341003
01-08 06:08:42.372     0     0 I FG      : fg_battery_soc_smooth_tracking: soc:58, last_soc:58, raw_soc:58, soc_changed:1.
01-08 06:08:42.372     0     0 I FG      : soc_monitor_work: soc:58, raw_soc:58, c:380859, s:2
01-08 06:08:46.587  1949  2551 E WifiStaIfaceAidlImpl: getCachedScanData failed with service-specific exception: android.os.ServiceSpecificException:  (code 4)
01-08 06:08:46.726 16427 16427 V RefreshTask: Provider does not support refresh and did not refresh
01-08 06:08:46.727 16427 16427 D AbstractActionHandler: Creating new directory loader for: content://com.android.externalstorage.documents/document/primary%3AAndroid%2Fdata%2Fcom.github.libretube.test.debug%2Ffiles%2Faudio
01-08 06:08:46.742 16427 16427 D AbstractActionHandler: Loader has finished for: content://com.android.externalstorage.documents/document/primary%3AAndroid%2Fdata%2Fcom.github.libretube.test.debug%2Ffiles%2Faudio
01-08 06:08:46.742 16427 16427 I Model   : Updating model with new result set.
01-08 06:08:46.742 16427 16427 D DirectoryFragment: Received model update. Loading=false
01-08 06:08:46.743 16427 16427 D DefaultSelectionTracker: Ignoring onDataSetChange. No active selection.
01-08 06:08:46.940  1949  2551 E WifiStaIfaceAidlImpl: getCachedScanData failed with service-specific exception: android.os.ServiceSpecificException:  (code 4)
01-08 06:08:46.952  1038 23211 I netd    : tetherGetStats() -> {[]} <1.85ms>
01-08 06:08:47.143  1949  2210 I system_server: Background young concurrent copying GC freed 84MB AllocSpace bytes, 36(864KB) LOS objects, 54% free, 66MB/145MB, paused 352us,1.252ms total 165.978ms
01-08 06:08:47.174  1949  2212 W System  : A resource failed to call HardwareBuffer.close. 
01-08 06:08:47.176  1949  2212 W System  : A resource failed to call HardwareBuffer.close. 
01-08 06:08:47.182  1949  2212 W System  : A resource failed to call HardwareBuffer.close. 
01-08 06:08:47.184  1949  2212 W System  : A resource failed to call HardwareBuffer.close. 
01-08 06:08:47.190  1949  2212 W System  : A resource failed to call HardwareBuffer.close. 
01-08 06:08:47.190  1949  2212 W System  : A resource failed to call HardwareBuffer.close. 
01-08 06:08:47.480 16427 16427 V RefreshTask: Provider does not support refresh and did not refresh
01-08 06:08:47.480 16427 16427 D AbstractActionHandler: Creating new directory loader for: content://com.android.externalstorage.documents/document/primary%3AAndroid%2Fdata%2Fcom.github.libretube.test.debug%2Ffiles%2Faudio
01-08 06:08:47.494 16427 16427 D AbstractActionHandler: Loader has finished for: content://com.android.externalstorage.documents/document/primary%3AAndroid%2Fdata%2Fcom.github.libretube.test.debug%2Ffiles%2Faudio
01-08 06:08:47.494 16427 16427 I Model   : Updating model with new result set.
01-08 06:08:47.494 16427 16427 D DirectoryFragment: Received model update. Loading=false
01-08 06:08:47.494 16427 16427 D DefaultSelectionTracker: Ignoring onDataSetChange. No active selection.
01-08 06:08:48.213 16427 16427 V RefreshTask: Provider does not support refresh and did not refresh
01-08 06:08:48.213 16427 16427 D AbstractActionHandler: Creating new directory loader for: content://com.android.externalstorage.documents/document/primary%3AAndroid%2Fdata%2Fcom.github.libretube.test.debug%2Ffiles%2Faudio
01-08 06:08:48.230 16427 16427 D AbstractActionHandler: Loader has finished for: content://com.android.externalstorage.documents/document/primary%3AAndroid%2Fdata%2Fcom.github.libretube.test.debug%2Ffiles%2Faudio
01-08 06:08:48.230 16427 16427 I Model   : Updating model with new result set.
01-08 06:08:48.230 16427 16427 D DirectoryFragment: Received model update. Loading=false
01-08 06:08:48.231 16427 16427 D DefaultSelectionTracker: Ignoring onDataSetChange. No active selection.
01-08 06:08:49.217 16427 16427 V RefreshTask: Provider does not support refresh and did not refresh
01-08 06:08:49.217 16427 16427 D AbstractActionHandler: Creating new directory loader for: content://com.android.externalstorage.documents/document/primary%3AAndroid%2Fdata%2Fcom.github.libretube.test.debug%2Ffiles%2Faudio
01-08 06:08:49.232 16427 16427 D AbstractActionHandler: Loader has finished for: content://com.android.externalstorage.documents/document/primary%3AAndroid%2Fdata%2Fcom.github.libretube.test.debug%2Ffiles%2Faudio
01-08 06:08:49.232 16427 16427 I Model   : Updating model with new result set.
01-08 06:08:49.232 16427 16427 D DirectoryFragment: Received model update. Loading=false
01-08 06:08:49.232 16427 16427 D DefaultSelectionTracker: Ignoring onDataSetChange. No active selection.
01-08 06:08:49.599  1949  2551 E WifiStaIfaceAidlImpl: getCachedScanData failed with service-specific exception: android.os.ServiceSpecificException:  (code 4)
01-08 06:08:50.034 16427 16427 V RefreshTask: Provider does not support refresh and did not refresh
01-08 06:08:50.034 16427 16427 D AbstractActionHandler: Creating new directory loader for: content://com.android.externalstorage.documents/document/primary%3AAndroid%2Fdata%2Fcom.github.libretube.test.debug%2Ffiles%2Faudio
01-08 06:08:50.052 16427 16427 D AbstractActionHandler: Loader has finished for: content://com.android.externalstorage.documents/document/primary%3AAndroid%2Fdata%2Fcom.github.libretube.test.debug%2Ffiles%2Faudio
01-08 06:08:50.052 16427 16427 I Model   : Updating model with new result set.
01-08 06:08:50.052 16427 16427 D DirectoryFragment: Received model update. Loading=false
01-08 06:08:50.052 16427 16427 D DefaultSelectionTracker: Ignoring onDataSetChange. No active selection.
01-08 06:08:50.854 16427 16427 V RefreshTask: Provider does not support refresh and did not refresh
01-08 06:08:50.854 16427 16427 D AbstractActionHandler: Creating new directory loader for: content://com.android.externalstorage.documents/document/primary%3AAndroid%2Fdata%2Fcom.github.libretube.test.debug%2Ffiles%2Faudio
01-08 06:08:50.870 16427 16427 D AbstractActionHandler: Loader has finished for: content://com.android.externalstorage.documents/document/primary%3AAndroid%2Fdata%2Fcom.github.libretube.test.debug%2Ffiles%2Faudio
01-08 06:08:50.870 16427 16427 I Model   : Updating model with new result set.
01-08 06:08:50.870 16427 16427 D DirectoryFragment: Received model update. Loading=false
01-08 06:08:50.871 16427 16427 D DefaultSelectionTracker: Ignoring onDataSetChange. No active selection.
01-08 06:08:51.505 16427 16427 V RefreshTask: Provider does not support refresh and did not refresh
01-08 06:08:51.506 16427 16427 D AbstractActionHandler: Creating new directory loader for: content://com.android.externalstorage.documents/document/primary%3AAndroid%2Fdata%2Fcom.github.libretube.test.debug%2Ffiles%2Faudio
01-08 06:08:51.522 16427 16427 D AbstractActionHandler: Loader has finished for: content://com.android.externalstorage.documents/document/primary%3AAndroid%2Fdata%2Fcom.github.libretube.test.debug%2Ffiles%2Faudio
01-08 06:08:51.522 16427 16427 I Model   : Updating model with new result set.
01-08 06:08:51.522 16427 16427 D DirectoryFragment: Received model update. Loading=false
01-08 06:08:51.522 16427 16427 D DefaultSelectionTracker: Ignoring onDataSetChange. No active selection.
01-08 06:08:52.509 16427 16427 V RefreshTask: Provider does not support refresh and did not refresh
01-08 06:08:52.510 16427 16427 D AbstractActionHandler: Creating new directory loader for: content://com.android.externalstorage.documents/document/primary%3AAndroid%2Fdata%2Fcom.github.libretube.test.debug%2Ffiles%2Faudio
01-08 06:08:52.523 16427 16427 D AbstractActionHandler: Loader has finished for: content://com.android.externalstorage.documents/document/primary%3AAndroid%2Fdata%2Fcom.github.libretube.test.debug%2Ffiles%2Faudio
01-08 06:08:52.523 16427 16427 I Model   : Updating model with new result set.
01-08 06:08:52.523 16427 16427 D DirectoryFragment: Received model update. Loading=false
01-08 06:08:52.523 16427 16427 D DefaultSelectionTracker: Ignoring onDataSetChange. No active selection.
01-08 06:08:52.614  1949  2551 E WifiStaIfaceAidlImpl: getCachedScanData failed with service-specific exception: android.os.ServiceSpecificException:  (code 4)
01-08 06:08:53.493 16427 16427 V RefreshTask: Provider does not support refresh and did not refresh
01-08 06:08:53.493 16427 16427 D AbstractActionHandler: Creating new directory loader for: content://com.android.externalstorage.documents/document/primary%3AAndroid%2Fdata%2Fcom.github.libretube.test.debug%2Ffiles%2Faudio
01-08 06:08:53.511 16427 16427 D AbstractActionHandler: Loader has finished for: content://com.android.externalstorage.documents/document/primary%3AAndroid%2Fdata%2Fcom.github.libretube.test.debug%2Ffiles%2Faudio
01-08 06:08:53.511 16427 16427 I Model   : Updating model with new result set.
01-08 06:08:53.512 16427 16427 D DirectoryFragment: Received model update. Loading=false
01-08 06:08:53.512 16427 16427 D DefaultSelectionTracker: Ignoring onDataSetChange. No active selection.
01-08 06:08:54.514 16427 16427 V RefreshTask: Provider does not support refresh and did not refresh
01-08 06:08:54.515 16427 16427 D AbstractActionHandler: Creating new directory loader for: content://com.android.externalstorage.documents/document/primary%3AAndroid%2Fdata%2Fcom.github.libretube.test.debug%2Ffiles%2Faudio
01-08 06:08:54.529 16427 16427 D AbstractActionHandler: Loader has finished for: content://com.android.externalstorage.documents/document/primary%3AAndroid%2Fdata%2Fcom.github.libretube.test.debug%2Ffiles%2Faudio
01-08 06:08:54.529 16427 16427 I Model   : Updating model with new result set.
01-08 06:08:54.529 16427 16427 D DirectoryFragment: Received model update. Loading=false
01-08 06:08:54.530 16427 16427 D DefaultSelectionTracker: Ignoring onDataSetChange. No active selection.
01-08 06:08:55.182 16427 16427 V RefreshTask: Provider does not support refresh and did not refresh
01-08 06:08:55.182 16427 16427 D AbstractActionHandler: Creating new directory loader for: content://com.android.externalstorage.documents/document/primary%3AAndroid%2Fdata%2Fcom.github.libretube.test.debug%2Ffiles%2Faudio
01-08 06:08:55.197 16427 16427 D AbstractActionHandler: Loader has finished for: content://com.android.externalstorage.documents/document/primary%3AAndroid%2Fdata%2Fcom.github.libretube.test.debug%2Ffiles%2Faudio
01-08 06:08:55.197 16427 16427 I Model   : Updating model with new result set.
01-08 06:08:55.197 16427 16427 D DirectoryFragment: Received model update. Loading=false
01-08 06:08:55.198 16427 16427 D DefaultSelectionTracker: Ignoring onDataSetChange. No active selection.
01-08 06:08:55.627  1949  2551 E WifiStaIfaceAidlImpl: getCachedScanData failed with service-specific exception: android.os.ServiceSpecificException:  (code 4)
01-08 06:08:55.882 16427 16427 V RefreshTask: Provider does not support refresh and did not refresh
01-08 06:08:55.882 16427 16427 D AbstractActionHandler: Creating new directory loader for: content://com.android.externalstorage.documents/document/primary%3AAndroid%2Fdata%2Fcom.github.libretube.test.debug%2Ffiles%2Faudio
01-08 06:08:55.899 16427 16427 D AbstractActionHandler: Loader has finished for: content://com.android.externalstorage.documents/document/primary%3AAndroid%2Fdata%2Fcom.github.libretube.test.debug%2Ffiles%2Faudio
01-08 06:08:55.900 16427 16427 I Model   : Updating model with new result set.
01-08 06:08:55.900 16427 16427 D DirectoryFragment: Received model update. Loading=false
01-08 06:08:55.900 16427 16427 D DefaultSelectionTracker: Ignoring onDataSetChange. No active selection.
01-08 06:08:56.502 16427 16427 V RefreshTask: Provider does not support refresh and did not refresh
01-08 06:08:56.502 16427 16427 D AbstractActionHandler: Creating new directory loader for: content://com.android.externalstorage.documents/document/primary%3AAndroid%2Fdata%2Fcom.github.libretube.test.debug%2Ffiles%2Faudio
01-08 06:08:56.518 16427 16427 D AbstractActionHandler: Loader has finished for: content://com.android.externalstorage.documents/document/primary%3AAndroid%2Fdata%2Fcom.github.libretube.test.debug%2Ffiles%2Faudio
01-08 06:08:56.518 16427 16427 I Model   : Updating model with new result set.
01-08 06:08:56.518 16427 16427 D DirectoryFragment: Received model update. Loading=false
01-08 06:08:56.518 16427 16427 D DefaultSelectionTracker: Ignoring onDataSetChange. No active selection.
01-08 06:08:52.612     0     0 I FG      : calculate_average_current: current_now_ma=306640 averaged_iavg_ma=349365
01-08 06:08:52.612     0     0 I FG      : fg_battery_soc_smooth_tracking: soc:58, last_soc:58, raw_soc:58, soc_changed:1.
01-08 06:08:52.612     0     0 I FG      : soc_monitor_work: soc:58, raw_soc:58, c:306640, s:2
01-08 06:08:57.185 16427 16427 V RefreshTask: Provider does not support refresh and did not refresh
01-08 06:08:57.185 16427 16427 D AbstractActionHandler: Creating new directory loader for: content://com.android.externalstorage.documents/document/primary%3AAndroid%2Fdata%2Fcom.github.libretube.test.debug%2Ffiles%2Faudio
01-08 06:08:57.203 16427 16427 D AbstractActionHandler: Loader has finished for: content://com.android.externalstorage.documents/document/primary%3AAndroid%2Fdata%2Fcom.github.libretube.test.debug%2Ffiles%2Faudio
01-08 06:08:57.203 16427 16427 I Model   : Updating model with new result set.
01-08 06:08:57.203 16427 16427 D DirectoryFragment: Received model update. Loading=false
01-08 06:08:57.203 16427 16427 D DefaultSelectionTracker: Ignoring onDataSetChange. No active selection.
01-08 06:08:57.837 16427 16427 V RefreshTask: Provider does not support refresh and did not refresh
01-08 06:08:57.838 16427 16427 D AbstractActionHandler: Creating new directory loader for: content://com.android.externalstorage.documents/document/primary%3AAndroid%2Fdata%2Fcom.github.libretube.test.debug%2Ffiles%2Faudio
01-08 06:08:57.853 16427 16427 D AbstractActionHandler: Loader has finished for: content://com.android.externalstorage.documents/document/primary%3AAndroid%2Fdata%2Fcom.github.libretube.test.debug%2Ffiles%2Faudio
01-08 06:08:57.853 16427 16427 I Model   : Updating model with new result set.
01-08 06:08:57.854 16427 16427 D DirectoryFragment: Received model update. Loading=false
01-08 06:08:57.854 16427 16427 D DefaultSelectionTracker: Ignoring onDataSetChange. No active selection.
01-08 06:08:54.481     0     0 W healthd : battery l=58 v=3859 t=34.0 h=2 st=3 c=384765 fc=3159000 cc=246 chg=
01-08 06:08:58.500  2881  2881 D QtiCarrierConfigHelper: WARNING, no carrier configs on phone Id: 0
01-08 06:08:54.491     0     0 W healthd : battery l=58 v=3859 t=34.0 h=2 st=3 c=384765 fc=3159000 cc=246 chg=
01-08 06:08:58.505 16427 16427 V RefreshTask: Provider does not support refresh and did not refresh
01-08 06:08:58.505 16427 16427 D AbstractActionHandler: Creating new directory loader for: content://com.android.externalstorage.documents/document/primary%3AAndroid%2Fdata%2Fcom.github.libretube.test.debug%2Ffiles%2Faudio
01-08 06:08:58.522 16427 16427 D AbstractActionHandler: Loader has finished for: content://com.android.externalstorage.documents/document/primary%3AAndroid%2Fdata%2Fcom.github.libretube.test.debug%2Ffiles%2Faudio
01-08 06:08:58.522 16427 16427 I Model   : Updating model with new result set.
01-08 06:08:58.522 16427 16427 D DirectoryFragment: Received model update. Loading=false
01-08 06:08:58.523 16427 16427 D DefaultSelectionTracker: Ignoring onDataSetChange. No active selection.
01-08 06:08:58.642  1949  2551 E WifiStaIfaceAidlImpl: getCachedScanData failed with service-specific exception: android.os.ServiceSpecificException:  (code 4)
01-08 06:08:59.192 16427 16427 V RefreshTask: Provider does not support refresh and did not refresh
01-08 06:08:59.192 16427 16427 D AbstractActionHandler: Creating new directory loader for: content://com.android.externalstorage.documents/document/primary%3AAndroid%2Fdata%2Fcom.github.libretube.test.debug%2Ffiles%2Faudio
01-08 06:08:59.207 16427 16427 D AbstractActionHandler: Loader has finished for: content://com.android.externalstorage.documents/document/primary%3AAndroid%2Fdata%2Fcom.github.libretube.test.debug%2Ffiles%2Faudio
01-08 06:08:59.207 16427 16427 I Model   : Updating model with new result set.
01-08 06:08:59.207 16427 16427 D DirectoryFragment: Received model update. Loading=false
01-08 06:08:59.208 16427 16427 D DefaultSelectionTracker: Ignoring onDataSetChange. No active selection.
01-08 06:08:59.877 16427 16427 V RefreshTask: Provider does not support refresh and did not refresh
01-08 06:08:59.877 16427 16427 D AbstractActionHandler: Creating new directory loader for: content://com.android.externalstorage.documents/document/primary%3AAndroid%2Fdata%2Fcom.github.libretube.test.debug%2Ffiles%2Faudio
01-08 06:08:59.892 16427 16427 D AbstractActionHandler: Loader has finished for: content://com.android.externalstorage.documents/document/primary%3AAndroid%2Fdata%2Fcom.github.libretube.test.debug%2Ffiles%2Faudio
01-08 06:08:59.892 16427 16427 I Model   : Updating model with new result set.
01-08 06:08:59.892 16427 16427 D DirectoryFragment: Received model update. Loading=false
01-08 06:08:59.892 16427 16427 D DefaultSelectionTracker: Ignoring onDataSetChange. No active selection.
01-08 06:09:00.393 16427 16427 V RefreshTask: Provider does not support refresh and did not refresh
01-08 06:09:00.394 16427 16427 D AbstractActionHandler: Creating new directory loader for: content://com.android.externalstorage.documents/document/primary%3AAndroid%2Fdata%2Fcom.github.libretube.test.debug%2Ffiles%2Faudio
01-08 06:09:00.411 16427 16427 D AbstractActionHandler: Loader has finished for: content://com.android.externalstorage.documents/document/primary%3AAndroid%2Fdata%2Fcom.github.libretube.test.debug%2Ffiles%2Faudio
01-08 06:09:00.411 16427 16427 I Model   : Updating model with new result set.
01-08 06:09:00.411 16427 16427 D DirectoryFragment: Received model update. Loading=false
01-08 06:09:00.412 16427 16427 D DefaultSelectionTracker: Ignoring onDataSetChange. No active selection.
01-08 06:09:01.657  1949  2551 E WifiStaIfaceAidlImpl: getCachedScanData failed with service-specific exception: android.os.ServiceSpecificException:  (code 4)
01-08 06:09:01.899 16427 16427 V RefreshTask: Provider does not support refresh and did not refresh
01-08 06:09:01.900 16427 16427 D AbstractActionHandler: Creating new directory loader for: content://com.android.externalstorage.documents/document/primary%3AAndroid%2Fdata%2Fcom.github.libretube.test.debug%2Ffiles%2Faudio
01-08 06:09:01.914 16427 16427 D AbstractActionHandler: Loader has finished for: content://com.android.externalstorage.documents/document/primary%3AAndroid%2Fdata%2Fcom.github.libretube.test.debug%2Ffiles%2Faudio
01-08 06:09:01.914 16427 16427 I Model   : Updating model with new result set.
01-08 06:09:01.914 16427 16427 D DirectoryFragment: Received model update. Loading=false
01-08 06:09:01.915 16427 16427 D DefaultSelectionTracker: Ignoring onDataSetChange. No active selection.
01-08 06:09:02.701 16427 16427 V RefreshTask: Provider does not support refresh and did not refresh
01-08 06:09:02.702 16427 16427 D AbstractActionHandler: Creating new directory loader for: content://com.android.externalstorage.documents/document/primary%3AAndroid%2Fdata%2Fcom.github.libretube.test.debug%2Ffiles%2Faudio
01-08 06:09:02.716 16427 16427 D AbstractActionHandler: Loader has finished for: content://com.android.externalstorage.documents/document/primary%3AAndroid%2Fdata%2Fcom.github.libretube.test.debug%2Ffiles%2Faudio
01-08 06:09:02.716 16427 16427 I Model   : Updating model with new result set.
01-08 06:09:02.716 16427 16427 D DirectoryFragment: Received model update. Loading=false
01-08 06:09:02.716 16427 16427 D DefaultSelectionTracker: Ignoring onDataSetChange. No active selection.
01-08 06:09:03.503 16427 16427 V RefreshTask: Provider does not support refresh and did not refresh
01-08 06:09:03.504 16427 16427 D AbstractActionHandler: Creating new directory loader for: content://com.android.externalstorage.documents/document/primary%3AAndroid%2Fdata%2Fcom.github.libretube.test.debug%2Ffiles%2Faudio
01-08 06:09:03.519 16427 16427 D AbstractActionHandler: Loader has finished for: content://com.android.externalstorage.documents/document/primary%3AAndroid%2Fdata%2Fcom.github.libretube.test.debug%2Ffiles%2Faudio
01-08 06:09:03.519 16427 16427 I Model   : Updating model with new result set.
01-08 06:09:03.519 16427 16427 D DirectoryFragment: Received model update. Loading=false
01-08 06:09:03.520 16427 16427 D DefaultSelectionTracker: Ignoring onDataSetChange. No active selection.
01-08 06:09:04.654 16427 16427 V RefreshTask: Provider does not support refresh and did not refresh
01-08 06:09:04.655 16427 16427 D AbstractActionHandler: Creating new directory loader for: content://com.android.externalstorage.documents/document/primary%3AAndroid%2Fdata%2Fcom.github.libretube.test.debug%2Ffiles%2Faudio
01-08 06:09:04.671  1949  2551 E WifiStaIfaceAidlImpl: getCachedScanData failed with service-specific exception: android.os.ServiceSpecificException:  (code 4)
01-08 06:09:04.671 16427 16427 D AbstractActionHandler: Loader has finished for: content://com.android.externalstorage.documents/document/primary%3AAndroid%2Fdata%2Fcom.github.libretube.test.debug%2Ffiles%2Faudio
01-08 06:09:04.671 16427 16427 I Model   : Updating model with new result set.
01-08 06:09:04.672 16427 16427 D DirectoryFragment: Received model update. Loading=false
01-08 06:09:04.672 16427 16427 D DefaultSelectionTracker: Ignoring onDataSetChange. No active selection.
01-08 06:09:05.241 16427 16427 V RefreshTask: Provider does not support refresh and did not refresh
01-08 06:09:05.241 16427 16427 D AbstractActionHandler: Creating new directory loader for: content://com.android.externalstorage.documents/document/primary%3AAndroid%2Fdata%2Fcom.github.libretube.test.debug%2Ffiles%2Faudio
01-08 06:09:05.255 16427 16427 D AbstractActionHandler: Loader has finished for: content://com.android.externalstorage.documents/document/primary%3AAndroid%2Fdata%2Fcom.github.libretube.test.debug%2Ffiles%2Faudio
01-08 06:09:05.255 16427 16427 I Model   : Updating model with new result set.
01-08 06:09:05.255 16427 16427 D DirectoryFragment: Received model update. Loading=false
01-08 06:09:05.256 16427 16427 D DefaultSelectionTracker: Ignoring onDataSetChange. No active selection.
01-08 06:09:06.193 16427 16427 V RefreshTask: Provider does not support refresh and did not refresh
01-08 06:09:06.193 16427 16427 D AbstractActionHandler: Creating new directory loader for: content://com.android.externalstorage.documents/document/primary%3AAndroid%2Fdata%2Fcom.github.libretube.test.debug%2Ffiles%2Faudio
01-08 06:09:06.209 16427 16427 D AbstractActionHandler: Loader has finished for: content://com.android.externalstorage.documents/document/primary%3AAndroid%2Fdata%2Fcom.github.libretube.test.debug%2Ffiles%2Faudio
01-08 06:09:06.209 16427 16427 I Model   : Updating model with new result set.
01-08 06:09:06.209 16427 16427 D DirectoryFragment: Received model update. Loading=false
01-08 06:09:06.209 16427 16427 D DefaultSelectionTracker: Ignoring onDataSetChange. No active selection.
01-08 06:09:06.827 16427 16427 V RefreshTask: Provider does not support refresh and did not refresh
01-08 06:09:06.828 16427 16427 D AbstractActionHandler: Creating new directory loader for: content://com.android.externalstorage.documents/document/primary%3AAndroid%2Fdata%2Fcom.github.libretube.test.debug%2Ffiles%2Faudio
01-08 06:09:06.842 16427 16427 D AbstractActionHandler: Loader has finished for: content://com.android.externalstorage.documents/document/primary%3AAndroid%2Fdata%2Fcom.github.libretube.test.debug%2Ffiles%2Faudio
01-08 06:09:06.842 16427 16427 I Model   : Updating model with new result set.
01-08 06:09:06.842 16427 16427 D DirectoryFragment: Received model update. Loading=false
01-08 06:09:06.843 16427 16427 D DefaultSelectionTracker: Ignoring onDataSetChange. No active selection.
01-08 06:09:02.852     0     0 I FG      : calculate_average_current: current_now_ma=345702 averaged_iavg_ma=359740
01-08 06:09:02.852     0     0 I FG      : fg_battery_soc_smooth_tracking: soc:58, last_soc:58, raw_soc:58, soc_changed:1.
01-08 06:09:02.852     0     0 I FG      : soc_monitor_work: soc:58, raw_soc:58, c:345702, s:2
01-08 06:09:07.465 16427 16427 V RefreshTask: Provider does not support refresh and did not refresh
01-08 06:09:07.466 16427 16427 D AbstractActionHandler: Creating new directory loader for: content://com.android.externalstorage.documents/document/primary%3AAndroid%2Fdata%2Fcom.github.libretube.test.debug%2Ffiles%2Faudio
01-08 06:09:07.478 16427 16427 D AbstractActionHandler: Loader has finished for: content://com.android.externalstorage.documents/document/primary%3AAndroid%2Fdata%2Fcom.github.libretube.test.debug%2Ffiles%2Faudio
01-08 06:09:07.478 16427 16427 I Model   : Updating model with new result set.
01-08 06:09:07.479 16427 16427 D DirectoryFragment: Received model update. Loading=false
01-08 06:09:07.479 16427 16427 D DefaultSelectionTracker: Ignoring onDataSetChange. No active selection.
01-08 06:09:07.687  1949  2551 E WifiStaIfaceAidlImpl: getCachedScanData failed with service-specific exception: android.os.ServiceSpecificException:  (code 4)
01-08 06:09:08.065  3735  4152 D GmsGcmMcsSvc: Heartbeat initiated, reason: Intent { act=org.microg.gms.gcm.mcs.HEARTBEAT cmp=com.google.android.gms/org.microg.gms.gcm.McsService }
01-08 06:09:08.071  3735  4152 D GmsGcmMcsSvc: Scheduling heartbeat in 900 seconds...
01-08 06:09:08.073  3735 31421 D GmsGcmMcsOutput: Outgoing message: HeartbeatPing{last_stream_id_received=137}
01-08 06:09:08.083 16427 16427 V RefreshTask: Provider does not support refresh and did not refresh
01-08 06:09:08.083 16427 16427 D AbstractActionHandler: Creating new directory loader for: content://com.android.externalstorage.documents/document/primary%3AAndroid%2Fdata%2Fcom.github.libretube.test.debug%2Ffiles%2Faudio
01-08 06:09:08.097 16427 16427 D AbstractActionHandler: Loader has finished for: content://com.android.externalstorage.documents/document/primary%3AAndroid%2Fdata%2Fcom.github.libretube.test.debug%2Ffiles%2Faudio
01-08 06:09:08.097 16427 16427 I Model   : Updating model with new result set.
01-08 06:09:08.097 16427 16427 D DirectoryFragment: Received model update. Loading=false
01-08 06:09:08.097 16427 16427 D DefaultSelectionTracker: Ignoring onDataSetChange. No active selection.
01-08 06:09:08.151  3735 31409 D GmsGcmMcsInput: Incoming message: HeartbeatAck{last_stream_id_received=137}
01-08 06:09:08.155  3735 31409 D GmsGcmPrefs: learnReached: gcm_network_wifi / 900015
01-08 06:09:08.714 16427 16427 V RefreshTask: Provider does not support refresh and did not refresh
01-08 06:09:08.714 16427 16427 D AbstractActionHandler: Creating new directory loader for: content://com.android.externalstorage.documents/document/primary%3AAndroid%2Fdata%2Fcom.github.libretube.test.debug%2Ffiles%2Faudio
01-08 06:09:08.732 16427 16427 D AbstractActionHandler: Loader has finished for: content://com.android.externalstorage.documents/document/primary%3AAndroid%2Fdata%2Fcom.github.libretube.test.debug%2Ffiles%2Faudio
01-08 06:09:08.732 16427 16427 I Model   : Updating model with new result set.
01-08 06:09:08.732 16427 16427 D DirectoryFragment: Received model update. Loading=false
01-08 06:09:08.733 16427 16427 D DefaultSelectionTracker: Ignoring onDataSetChange. No active selection.
01-08 06:09:10.134 16427 16427 V RefreshTask: Provider does not support refresh and did not refresh
01-08 06:09:10.134 16427 16427 D AbstractActionHandler: Creating new directory loader for: content://com.android.externalstorage.documents/document/primary%3AAndroid%2Fdata%2Fcom.github.libretube.test.debug%2Ffiles%2Faudio
01-08 06:09:10.151 16427 16427 D AbstractActionHandler: Loader has finished for: content://com.android.externalstorage.documents/document/primary%3AAndroid%2Fdata%2Fcom.github.libretube.test.debug%2Ffiles%2Faudio
01-08 06:09:10.152 16427 16427 I Model   : Updating model with new result set.
01-08 06:09:10.152 16427 16427 D DirectoryFragment: Received model update. Loading=false
01-08 06:09:10.152 16427 16427 D DefaultSelectionTracker: Ignoring onDataSetChange. No active selection.
01-08 06:09:10.700  1949  2551 E WifiStaIfaceAidlImpl: getCachedScanData failed with service-specific exception: android.os.ServiceSpecificException:  (code 4)
01-08 06:09:11.005 16427 16427 V RefreshTask: Provider does not support refresh and did not refresh
01-08 06:09:11.005 16427 16427 D AbstractActionHandler: Creating new directory loader for: content://com.android.externalstorage.documents/document/primary%3AAndroid%2Fdata%2Fcom.github.libretube.test.debug%2Ffiles%2Faudio
01-08 06:09:11.020 16427 16427 D AbstractActionHandler: Loader has finished for: content://com.android.externalstorage.documents/document/primary%3AAndroid%2Fdata%2Fcom.github.libretube.test.debug%2Ffiles%2Faudio
01-08 06:09:11.020 16427 16427 I Model   : Updating model with new result set.
01-08 06:09:11.021 16427 16427 D DirectoryFragment: Received model update. Loading=false
01-08 06:09:11.021 16427 16427 D DefaultSelectionTracker: Ignoring onDataSetChange. No active selection.
01-08 06:09:12.980  2670  2997 D LocalImageResolver: Couldn't use ImageDecoder for drawable, falling back to non-resized load.
01-08 06:09:12.982  2670  2997 D LocalImageResolver: Couldn't use ImageDecoder for drawable, falling back to non-resized load.
01-08 06:09:13.111 16427 16427 V RefreshTask: Provider does not support refresh and did not refresh
01-08 06:09:13.111 16427 16427 D AbstractActionHandler: Creating new directory loader for: content://com.android.externalstorage.documents/document/primary%3AAndroid%2Fdata%2Fcom.github.libretube.test.debug%2Ffiles%2Faudio
01-08 06:09:13.125 16427 16427 D AbstractActionHandler: Loader has finished for: content://com.android.externalstorage.documents/document/primary%3AAndroid%2Fdata%2Fcom.github.libretube.test.debug%2Ffiles%2Faudio
01-08 06:09:13.125 16427 16427 I Model   : Updating model with new result set.
01-08 06:09:13.125 16427 16427 D DirectoryFragment: Received model update. Loading=false
01-08 06:09:13.126 16427 16427 D DefaultSelectionTracker: Ignoring onDataSetChange. No active selection.
01-08 06:09:13.468  1038 23211 I netd    : tetherGetStats() -> {[]} <1.66ms>
01-08 06:09:13.482  1038 23211 I netd    : bandwidthSetGlobalAlert(2097152) <0.29ms>
01-08 06:09:13.717  1949  2551 E WifiStaIfaceAidlImpl: getCachedScanData failed with service-specific exception: android.os.ServiceSpecificException:  (code 4)
01-08 06:09:14.095 16427 16427 V RefreshTask: Provider does not support refresh and did not refresh
01-08 06:09:14.095 16427 16427 D AbstractActionHandler: Creating new directory loader for: content://com.android.externalstorage.documents/document/primary%3AAndroid%2Fdata%2Fcom.github.libretube.test.debug%2Ffiles%2Faudio
01-08 06:09:14.111 16427 16427 D AbstractActionHandler: Loader has finished for: content://com.android.externalstorage.documents/document/primary%3AAndroid%2Fdata%2Fcom.github.libretube.test.debug%2Ffiles%2Faudio
01-08 06:09:14.112 16427 16427 I Model   : Updating model with new result set.
01-08 06:09:14.112 16427 16427 D DirectoryFragment: Received model update. Loading=false
01-08 06:09:14.112 16427 16427 D DefaultSelectionTracker: Ignoring onDataSetChange. No active selection.
01-08 06:09:15.013 16427 16427 V RefreshTask: Provider does not support refresh and did not refresh
01-08 06:09:15.013 16427 16427 D AbstractActionHandler: Creating new directory loader for: content://com.android.externalstorage.documents/document/primary%3AAndroid%2Fdata%2Fcom.github.libretube.test.debug%2Ffiles%2Faudio
01-08 06:09:15.032 16427 16427 D AbstractActionHandler: Loader has finished for: content://com.android.externalstorage.documents/document/primary%3AAndroid%2Fdata%2Fcom.github.libretube.test.debug%2Ffiles%2Faudio
01-08 06:09:15.032 16427 16427 I Model   : Updating model with new result set.
01-08 06:09:15.032 16427 16427 D DirectoryFragment: Received model update. Loading=false
01-08 06:09:15.033 16427 16427 D DefaultSelectionTracker: Ignoring onDataSetChange. No active selection.
01-08 06:09:15.820 16427 16427 V RefreshTask: Provider does not support refresh and did not refresh
01-08 06:09:15.820 16427 16427 D AbstractActionHandler: Creating new directory loader for: content://com.android.externalstorage.documents/document/primary%3AAndroid%2Fdata%2Fcom.github.libretube.test.debug%2Ffiles%2Faudio
01-08 06:09:15.831 16427 16427 D AbstractActionHandler: Loader has finished for: content://com.android.externalstorage.documents/document/primary%3AAndroid%2Fdata%2Fcom.github.libretube.test.debug%2Ffiles%2Faudio
01-08 06:09:15.831 16427 16427 I Model   : Updating model with new result set.
01-08 06:09:15.831 16427 16427 D DirectoryFragment: Received model update. Loading=false
01-08 06:09:15.831 16427 16427 D DefaultSelectionTracker: Ignoring onDataSetChange. No active selection.
01-08 06:09:16.732  1949  2551 E WifiStaIfaceAidlImpl: getCachedScanData failed with service-specific exception: android.os.ServiceSpecificException:  (code 4)
01-08 06:09:13.092     0     0 I FG      : calculate_average_current: current_now_ma=344238 averaged_iavg_ma=356506
01-08 06:09:13.092     0     0 I FG      : fg_battery_soc_smooth_tracking: soc:58, last_soc:58, raw_soc:58, soc_changed:1.
01-08 06:09:13.092     0     0 I FG      : soc_monitor_work: soc:58, raw_soc:58, c:344238, s:2
01-08 06:09:17.889 16427 16427 V RefreshTask: Provider does not support refresh and did not refresh
01-08 06:09:17.889 16427 16427 D AbstractActionHandler: Creating new directory loader for: content://com.android.externalstorage.documents/document/primary%3AAndroid%2Fdata%2Fcom.github.libretube.test.debug%2Ffiles%2Faudio
01-08 06:09:17.903 16427 16427 D AbstractActionHandler: Loader has finished for: content://com.android.externalstorage.documents/document/primary%3AAndroid%2Fdata%2Fcom.github.libretube.test.debug%2Ffiles%2Faudio
01-08 06:09:17.903 16427 16427 I Model   : Updating model with new result set.
01-08 06:09:17.903 16427 16427 D DirectoryFragment: Received model update. Loading=false
01-08 06:09:17.904 16427 16427 D DefaultSelectionTracker: Ignoring onDataSetChange. No active selection.
01-08 06:09:19.023 16427 16427 V RefreshTask: Provider does not support refresh and did not refresh
01-08 06:09:19.023 16427 16427 D AbstractActionHandler: Creating new directory loader for: content://com.android.externalstorage.documents/document/primary%3AAndroid%2Fdata%2Fcom.github.libretube.test.debug%2Ffiles%2Faudio
01-08 06:09:19.041 16427 16427 D AbstractActionHandler: Loader has finished for: content://com.android.externalstorage.documents/document/primary%3AAndroid%2Fdata%2Fcom.github.libretube.test.debug%2Ffiles%2Faudio
01-08 06:09:19.041 16427 16427 I Model   : Updating model with new result set.
01-08 06:09:19.041 16427 16427 D DirectoryFragment: Received model update. Loading=false
01-08 06:09:19.041 16427 16427 D DefaultSelectionTracker: Ignoring onDataSetChange. No active selection.
01-08 06:09:19.747  1949  2551 E WifiStaIfaceAidlImpl: getCachedScanData failed with service-specific exception: android.os.ServiceSpecificException:  (code 4)
01-08 06:09:20.011 16427 16427 V RefreshTask: Provider does not support refresh and did not refresh
01-08 06:09:20.012 16427 16427 D AbstractActionHandler: Creating new directory loader for: content://com.android.externalstorage.documents/document/primary%3AAndroid%2Fdata%2Fcom.github.libretube.test.debug%2Ffiles%2Faudio
01-08 06:09:20.026 16427 16427 D AbstractActionHandler: Loader has finished for: content://com.android.externalstorage.documents/document/primary%3AAndroid%2Fdata%2Fcom.github.libretube.test.debug%2Ffiles%2Faudio
01-08 06:09:20.026 16427 16427 I Model   : Updating model with new result set.
01-08 06:09:20.026 16427 16427 D DirectoryFragment: Received model update. Loading=false
01-08 06:09:20.026 16427 16427 D DefaultSelectionTracker: Ignoring onDataSetChange. No active selection.
01-08 06:09:20.679 16427 16427 V RefreshTask: Provider does not support refresh and did not refresh
01-08 06:09:20.679 16427 16427 D AbstractActionHandler: Creating new directory loader for: content://com.android.externalstorage.documents/document/primary%3AAndroid%2Fdata%2Fcom.github.libretube.test.debug%2Ffiles%2Faudio
01-08 06:09:20.693 16427 16427 D AbstractActionHandler: Loader has finished for: content://com.android.externalstorage.documents/document/primary%3AAndroid%2Fdata%2Fcom.github.libretube.test.debug%2Ffiles%2Faudio
01-08 06:09:20.694 16427 16427 I Model   : Updating model with new result set.
01-08 06:09:20.694 16427 16427 D DirectoryFragment: Received model update. Loading=false
01-08 06:09:20.694 16427 16427 D DefaultSelectionTracker: Ignoring onDataSetChange. No active selection.
01-08 06:09:21.837  1949  2609 D BackgroundInstallControlService: Package event received: 0
01-08 06:09:21.843  1038 23211 I netd    : tetherGetStats() -> {[]} <1.26ms>
01-08 06:09:21.848 16427 16427 V RefreshTask: Provider does not support refresh and did not refresh
01-08 06:09:21.848 16427 16427 D AbstractActionHandler: Creating new directory loader for: content://com.android.externalstorage.documents/document/primary%3AAndroid%2Fdata%2Fcom.github.libretube.test.debug%2Ffiles%2Faudio
01-08 06:09:21.863 16427 16427 D AbstractActionHandler: Loader has finished for: content://com.android.externalstorage.documents/document/primary%3AAndroid%2Fdata%2Fcom.github.libretube.test.debug%2Ffiles%2Faudio
01-08 06:09:21.863 16427 16427 I Model   : Updating model with new result set.
01-08 06:09:21.863 16427 16427 D DirectoryFragment: Received model update. Loading=false
01-08 06:09:21.864 16427 16427 D DefaultSelectionTracker: Ignoring onDataSetChange. No active selection.
01-08 06:09:22.450 16427 16427 V RefreshTask: Provider does not support refresh and did not refresh
01-08 06:09:22.450 16427 16427 D AbstractActionHandler: Creating new directory loader for: content://com.android.externalstorage.documents/document/primary%3AAndroid%2Fdata%2Fcom.github.libretube.test.debug%2Ffiles%2Faudio
01-08 06:09:22.465 16427 16427 D AbstractActionHandler: Loader has finished for: content://com.android.externalstorage.documents/document/primary%3AAndroid%2Fdata%2Fcom.github.libretube.test.debug%2Ffiles%2Faudio
01-08 06:09:22.465 16427 16427 I Model   : Updating model with new result set.
01-08 06:09:22.465 16427 16427 D DirectoryFragment: Received model update. Loading=false
01-08 06:09:22.466 16427 16427 D DefaultSelectionTracker: Ignoring onDataSetChange. No active selection.
01-08 06:09:22.761  1949  2551 E WifiStaIfaceAidlImpl: getCachedScanData failed with service-specific exception: android.os.ServiceSpecificException:  (code 4)
01-08 06:09:25.773  1949  2551 E WifiStaIfaceAidlImpl: getCachedScanData failed with service-specific exception: android.os.ServiceSpecificException:  (code 4)
01-08 06:09:26.145 16427 16427 V RefreshTask: Provider does not support refresh and did not refresh
01-08 06:09:26.146 16427 16427 D AbstractActionHandler: Creating new directory loader for: content://com.android.externalstorage.documents/document/primary%3AAndroid%2Fdata%2Fcom.github.libretube.test.debug%2Ffiles%2Faudio
01-08 06:09:26.158 16427 16427 D AbstractActionHandler: Loader has finished for: content://com.android.externalstorage.documents/document/primary%3AAndroid%2Fdata%2Fcom.github.libretube.test.debug%2Ffiles%2Faudio
01-08 06:09:26.159 16427 16427 I Model   : Updating model with new result set.
01-08 06:09:26.159 16427 16427 D DirectoryFragment: Received model update. Loading=false
01-08 06:09:26.160 16427 16427 D DefaultSelectionTracker: Ignoring onDataSetChange. No active selection.
01-08 06:09:27.228 16427 16427 V RefreshTask: Provider does not support refresh and did not refresh
01-08 06:09:27.229 16427 16427 D AbstractActionHandler: Creating new directory loader for: content://com.android.externalstorage.documents/document/primary%3AAndroid%2Fdata%2Fcom.github.libretube.test.debug%2Ffiles%2Faudio
01-08 06:09:27.244 16427 16427 D AbstractActionHandler: Loader has finished for: content://com.android.externalstorage.documents/document/primary%3AAndroid%2Fdata%2Fcom.github.libretube.test.debug%2Ffiles%2Faudio
01-08 06:09:27.244 16427 16427 I Model   : Updating model with new result set.
01-08 06:09:27.244 16427 16427 D DirectoryFragment: Received model update. Loading=false
01-08 06:09:27.244 16427 16427 D DefaultSelectionTracker: Ignoring onDataSetChange. No active selection.
01-08 06:09:23.332     0     0 I FG      : calculate_average_current: current_now_ma=233398 averaged_iavg_ma=344909
01-08 06:09:23.332     0     0 I FG      : fg_battery_soc_smooth_tracking: soc:58, last_soc:58, raw_soc:58, soc_changed:1.
01-08 06:09:23.332     0     0 I FG      : soc_monitor_work: soc:58, raw_soc:58, c:233398, s:2
01-08 06:09:27.847 16427 16427 V RefreshTask: Provider does not support refresh and did not refresh
