--------- beginning of system
01-08 06:07:18.840  2670  2706 V ShellRecents: [140137548] RecentsController.setInputConsumerEnabled: set focus to recents
--------- beginning of main
01-08 06:07:18.842  2925  3896 I droid.launcher3: AssetManager2(0x73e6a45cd8) locale list changing from [] to [en-IN]
01-08 06:07:18.846  2925  3896 W HWUI    : Image decoding logging dropped!
01-08 06:07:18.854  2925  2925 D OtherActivityInputConsumer: ACTION_MOVE: passedSlop=true ( false || (29786.273 >= 967.70776 && true ))
01-08 06:07:18.854  2925  2925 D OtherActivityInputConsumer: ACTION_MOVE: mPassedPilferInputSlop=true
01-08 06:07:18.854  1949  2528 E HandwritingModeController: Cannot get requestId: Handwriting was not initialized.
01-08 06:07:18.870  2925  2925 D OtherActivityInputConsumer: ACTION_MOVE: passedSlop=true ( false || (67687.83 >= 967.70776 && true ))
01-08 06:07:18.870  2925  2925 D OtherActivityInputConsumer: ACTION_MOVE: mPassedPilferInputSlop=true
01-08 06:07:18.886  2925  2925 D OtherActivityInputConsumer: ACTION_MOVE: passedSlop=true ( false || (94566.81 >= 967.70776 && true ))
01-08 06:07:18.886  2925  2925 D OtherActivityInputConsumer: ACTION_MOVE: mPassedPilferInputSlop=true
01-08 06:07:18.887  1283  1283 I BpBinder: onLastStrongRef automatically unlinking death recipients: 
01-08 06:07:18.903  2925  2925 D OtherActivityInputConsumer: ACTION_MOVE: passedSlop=true ( false || (107748.93 >= 967.70776 && true ))
01-08 06:07:18.903  2925  2925 D OtherActivityInputConsumer: ACTION_MOVE: mPassedPilferInputSlop=true
01-08 06:07:18.910  1264  1264 D vendor.qti.vibrator: Vibrator on for timeoutMs: 8
01-08 06:07:18.910  1264 16638 D vendor.qti.vibrator: Starting on on another thread
01-08 06:07:18.917  1264  1264 D vendor.qti.vibrator: QTI Vibrator off
01-08 06:07:18.918  1264 16638 D vendor.qti.vibrator: Notifying on complete
01-08 06:07:18.920  2925  2925 D OtherActivityInputConsumer: ACTION_MOVE: passedSlop=true ( false || (114341.97 >= 967.70776 && true ))
01-08 06:07:18.920  2925  2925 D OtherActivityInputConsumer: ACTION_MOVE: mPassedPilferInputSlop=true
01-08 06:07:18.936  2925  2925 D OtherActivityInputConsumer: ACTION_MOVE: passedSlop=true ( false || (120309.99 >= 967.70776 && true ))
01-08 06:07:18.936  2925  2925 D OtherActivityInputConsumer: ACTION_MOVE: mPassedPilferInputSlop=true
01-08 06:07:18.942  1264  1264 D vendor.qti.vibrator: QTI Vibrator off
01-08 06:07:18.953  2925  2925 D OtherActivityInputConsumer: ACTION_MOVE: passedSlop=true ( false || (124324.56 >= 967.70776 && true ))
01-08 06:07:18.953  2925  2925 D OtherActivityInputConsumer: ACTION_MOVE: mPassedPilferInputSlop=true
01-08 06:07:18.970  2925  2925 D OtherActivityInputConsumer: ACTION_MOVE: passedSlop=true ( false || (126148.516 >= 967.70776 && true ))
01-08 06:07:18.970  2925  2925 D OtherActivityInputConsumer: ACTION_MOVE: mPassedPilferInputSlop=true
01-08 06:07:18.987  2925  2925 D OtherActivityInputConsumer: ACTION_MOVE: passedSlop=true ( false || (128371.01 >= 967.70776 && true ))
01-08 06:07:18.987  2925  2925 D OtherActivityInputConsumer: ACTION_MOVE: mPassedPilferInputSlop=true
01-08 06:07:19.003  2925  2925 D OtherActivityInputConsumer: ACTION_MOVE: passedSlop=true ( false || (129018.67 >= 967.70776 && true ))
01-08 06:07:19.003  2925  2925 D OtherActivityInputConsumer: ACTION_MOVE: mPassedPilferInputSlop=true
01-08 06:07:19.020  2925  2925 D OtherActivityInputConsumer: ACTION_MOVE: passedSlop=true ( false || (129729.195 >= 967.70776 && true ))
01-08 06:07:19.020  2925  2925 D OtherActivityInputConsumer: ACTION_MOVE: mPassedPilferInputSlop=true
01-08 06:07:19.055  2925  2925 D OtherActivityInputConsumer: finishTouchTracking: mPassedWindowMoveSlop=true
01-08 06:07:19.055  2925  2925 D OtherActivityInputConsumer: finishTouchTracking: mInteractionHandler=com.android.quickstep.LauncherSwipeHandlerV2@ceaf801
01-08 06:07:19.055  2925  2925 D OtherActivityInputConsumer: finishTouchTracking: ev=MotionEvent { action=ACTION_UP, actionButton=0, id[0]=0, x[0]=520.0, y[0]=1889.0, toolType[0]=TOOL_TYPE_FINGER, buttonState=0, classification=NONE, metaState=0, flags=0x0, edgeFlags=0x0, pointerCount=1, historySize=0, eventTime=178065468, downTime=178065202, deviceId=2, source=0x1002, displayId=0, eventId=111258934 }
01-08 06:07:19.057  2925  2925 D RecentsView: onPrepareGestureEndAnimation - endTarget: RECENTS
01-08 06:07:19.128  1949  2551 E WifiStaIfaceAidlImpl: getCachedScanData failed with service-specific exception: android.os.ServiceSpecificException:  (code 4)
01-08 06:07:19.204  2925  2925 D OverviewActionsView: updateForGroupedTask() called with: isGroupedTask = [false], canSaveAppPair = [false]
01-08 06:07:19.204  2925  2925 D OverviewActionsView: updateActionButtonsVisibility() called: showSingleTaskActions = [true], showGroupActions = [false]
01-08 06:07:19.324  2670 13949 V ShellRecents: [140137548] RecentsController.screenshotTask: taskId=1887
01-08 06:07:19.324  2925  2925 D StateManager: goToState - fromState: Background, toState: Overview, partial trace:
01-08 06:07:19.324  2925  2925 D StateManager: 	at com.android.quickstep.BaseActivityInterface$DefaultAnimationFactory.lambda$createContainerInterface$0(BaseActivityInterface.java:190)
01-08 06:07:19.324  2925  2925 D StateManager: 	at com.android.quickstep.BaseActivityInterface$DefaultAnimationFactory.$r8$lambda$YjjIHLZC92HUcjgpgHrF9H5a_q4(BaseActivityInterface.java:0)
01-08 06:07:19.324  2925  2925 D StateManager: 	at com.android.quickstep.BaseActivityInterface$DefaultAnimationFactory$$ExternalSyntheticLambda0.run(R8$$SyntheticClass:0)
01-08 06:07:19.325  2925  2925 D StatsLog: LAUNCHER_ONRESUME
01-08 06:07:19.325  2925  2925 D StateManager: onStateTransitionStart - state: Overview
01-08 06:07:19.326  2925  2925 D StateManager: onStateTransitionEnd - state: Overview
01-08 06:07:19.326  2925  2925 D b/318590728: onInterceptTouchEvent: MotionEvent { action=ACTION_DOWN, actionButton=0, id[0]=0, x[0]=557.0, y[0]=1576.0, toolType[0]=TOOL_TYPE_FINGER, buttonState=0, classification=NONE, metaState=0, flags=0x0, edgeFlags=0x0, pointerCount=1, historySize=0, eventTime=178065736, downTime=178065736, deviceId=2, source=0x1002, displayId=0, eventId=410388902 }
01-08 06:07:19.327  1949  2764 W ActivityManager: Unable to start service Intent { act=com.android.launcher3.WINDOW_OVERLAY dat=app://com.android.launcher3:10145/... pkg=com.google.android.googlequicksearchbox } U=0: not found
01-08 06:07:19.332  2670  2706 D WindowManagerShell: setLauncherKeepClearAreaHeight: visible=true, height=286
01-08 06:07:19.333  1949  2609 D BackgroundInstallControlService: Package event received: 0
01-08 06:07:19.342  1949  2341 W AccessibilityWindowsPopulator: Windows change within in 2 frames continuously over 500 ms and notify windows changed immediately
01-08 06:07:19.343  2925  2925 D StatsLog: LAUNCHER_OVERVIEW_GESTURE
01-08 06:07:19.343  2925  2925 D ContextTracker: Unregistering callback: com.android.launcher3.LauncherInitListener@97127d2, reason=AbsSwipeUpHandler.invalidateHandler
01-08 06:07:19.343  2925  2925 D OverviewActionsView: updateForGroupedTask() called with: isGroupedTask = [false], canSaveAppPair = [false]
01-08 06:07:19.343  2925  2925 D OverviewActionsView: updateActionButtonsVisibility() called: showSingleTaskActions = [true], showGroupActions = [false]
01-08 06:07:19.344  2925  2925 D OverviewActionsView: updateForGroupedTask() called with: isGroupedTask = [false], canSaveAppPair = [false]
01-08 06:07:19.344  2925  2925 D OverviewActionsView: updateActionButtonsVisibility() called: showSingleTaskActions = [true], showGroupActions = [false]
01-08 06:07:19.344  2925  2925 D RecentsView: onGestureAnimationEnd - mEnableDrawingLiveTile: true
01-08 06:07:19.344  2670 13949 V ShellRecents: [140137548] RecentsController.detachNavigationBarFromApp
01-08 06:07:19.383  2925  2925 W FrameTracker: Missing HWUI jank callback for vsyncId: 20544811, CUJ=J<LAUNCHER_APP_SWIPE_TO_RECENTS>
01-08 06:07:19.588  1949  2528 E HandwritingModeController: Cannot get requestId: Handwriting was not initialized.
01-08 06:07:19.623  1264  1264 D vendor.qti.vibrator: QTI Vibrator off
01-08 06:07:19.844  1949  2341 W AccessibilityWindowsPopulator: Windows change within in 2 frames continuously over 500 ms and notify windows changed immediately
01-08 06:07:19.906  2925  2925 D OverviewActionsView: updateForGroupedTask() called with: isGroupedTask = [false], canSaveAppPair = [false]
01-08 06:07:19.906  2925  2925 D OverviewActionsView: updateActionButtonsVisibility() called: showSingleTaskActions = [true], showGroupActions = [false]
01-08 06:07:19.991  2925  2925 D b/318590728: onInterceptTouchEvent: MotionEvent { action=ACTION_DOWN, actionButton=0, id[0]=0, x[0]=699.0, y[0]=1467.0, toolType[0]=TOOL_TYPE_FINGER, buttonState=0, classification=NONE, metaState=0, flags=0x0, edgeFlags=0x0, pointerCount=1, historySize=0, eventTime=178066404, downTime=178066404, deviceId=2, source=0x1002, displayId=0, eventId=804588074 }
01-08 06:07:20.051  1949 10524 W ActivityTaskManager: callingPackage for (uid=-1, pid=-1) has no WPC
01-08 06:07:20.052  1277 13496 D audioserver: logFgsApiBegin: FGS Logger Transaction failed, -129
01-08 06:07:20.052  1949  2764 W AS.PlaybackActivityMon: No piid assigned for invalid/internal port id 235
01-08 06:07:20.053  1197  3435 D audio_hw_primary: start_output_stream: enter: stream(0xf3a40010)usecase(12: audio-ull-playback) devices(0x2) is_haptic_usecase(0)
01-08 06:07:20.053  1197  3435 D audio_hw_primary: select_devices for use case (audio-ull-playback)
01-08 06:07:20.053  1197  3435 I msm8974_platform: platform_check_and_set_codec_backend_cfg:becf: afe: bitwidth 16, samplerate 48000 channels 2, backend_idx 4 usecase = 12 device (speaker)
01-08 06:07:20.053  1197  3435 D msm8974_platform: platform_split_snd_device: snd_device(2) num devices(1) new_snd_devices(0)
01-08 06:07:20.053  1197  3435 I msm8974_platform: platform_check_and_set_codec_backend_cfg: new_snd_devices[0] is 2
01-08 06:07:20.053  1197  3435 I msm8974_platform: platform_check_codec_backend_cfg:becf: afe: bitwidth 16, samplerate 48000 channels 2, backend_idx 4 usecase = 12 device (speaker)
01-08 06:07:20.053  1197  3435 D msm8974_platform: platform_check_codec_backend_cfg:becf: afe: playback on codec device not supporting native playback set default Sample Rate(48k)
01-08 06:07:20.053  1197  3435 I msm8974_platform: platform_check_codec_backend_cfg:becf: afe: Codec selected backend: 4 updated bit width: 24 and sample rate: 48000
01-08 06:07:20.053  1197  3435 D audio_hw_primary: check_usecases_codec_backend:becf: force routing 0
01-08 06:07:20.053  1197  3435 E msm8974_platform: platform_check_backends_match: Invalid snd_device = 
01-08 06:07:20.053  1197  3435 D audio_hw_primary: check_usecases_codec_backend:becf: (76) check_usecases curr device: speaker, usecase device: backends match 0
01-08 06:07:20.053  1197  3435 D audio_hw_primary: check_usecases_codec_backend:becf: check_usecases num.of Usecases to switch 0
01-08 06:07:20.053  1197  3435 D msm8974_platform: platform_split_snd_device: snd_device(2) num devices(0) new_snd_devices(0)
01-08 06:07:20.053  1197  3435 D hardware_info: hw_info_append_hw_type : device_name = speaker
01-08 06:07:20.053  1197  3435 D msm8974_platform: platform_split_snd_device: snd_device(2) num devices(0) new_snd_devices(0)
01-08 06:07:20.053  1197  3435 D audio_hw_primary: enable_snd_device: snd_device(2: speaker)
01-08 06:07:20.053  1197  3435 I soundtrigger: audio_extn_sound_trigger_update_device_status: device 0x2 of type 0 for Event 1, with Raise=0
01-08 06:07:20.053  1197  3435 D audio_route: Apply path: speaker
01-08 06:07:20.053  1197  3435 I audio_hw_utils: audio_extn_utils_update_stream_output_app_type_cfg Allowing 24 and above bits playback on speaker ONLY at default sampling rate
01-08 06:07:20.053  1197  3435 E soundtrigger: audio_extn_sound_trigger_update_stream_status: invalid input device 0x0, for event 3
01-08 06:07:20.053  1197  3435 D soundtrigger: audio_extn_sound_trigger_update_stream_status: uc_info->id 12 of type 0 device 0x02 for Event 3, with Raise=0
01-08 06:07:20.053  1197  3435 W soundtrigger: audio_extn_sound_trigger_update_stream_status: device[0x02]: speaker is NOT used, do NOT transit to adsp. 
01-08 06:07:20.053  1197  3435 D audio_hw_utils: audio_extn_utils_send_app_type_cfg: usecase->out_snd_device speaker
01-08 06:07:20.053  1197  3435 D msm8974_platform: platform_split_snd_device: snd_device(2) num devices(0) new_snd_devices(0)
01-08 06:07:20.053  1197  3435 I audio_hw_utils: ULL doesnt need sending app type cfg, returning
01-08 06:07:20.053  1197  3435 D msm8974_platform: platform_split_snd_device: snd_device(2) num devices(1) new_snd_devices(0)
01-08 06:07:20.053  1197  3435 D audio_hw_utils: audio_extn_btsco_get_sample_rate:Not a BT SCO device, need not update sampling rate
01-08 06:07:20.053  1197  3435 D ACDB-LOADER: ACDB -> send_audio_cal, acdb_id = 15, path = 0, app id = 0x11137, sample rate = 48000
01-08 06:07:20.053  1197  3435 D ACDB-LOADER: ACDB -> send_asm_topology
01-08 06:07:20.053  1197  3435 D ACDB-LOADER: ACDB -> ACDB_CMD_GET_AUDPROC_STREAM_TOPOLOGY_ID
01-08 06:07:20.053  1197  3435 D ACDB-LOADER: ACDB -> send_adm_topology
01-08 06:07:20.053  1197  3435 D ACDB-LOADER: ACDB -> ACDB_CMD_GET_AUDPROC_COMMON_TOPOLOGY_ID
01-08 06:07:20.053  1197  3435 D ACDB-LOADER: ACDB -> send_audtable
01-08 06:07:20.053  1197  3435 D ACDB-LOADER: ACDB -> ACDB_CMD_GET_AUDPROC_COMMON_TABLE_SIZE
01-08 06:07:20.053  1197  3435 D ACDB-LOADER: ACDB -> ACDB_CMD_GET_AUDPROC_COMMON_TABLE
01-08 06:07:20.053  1197  3435 D ACDB-LOADER: ACDB -> AUDIO_SET_AUDPROC_CAL
01-08 06:07:20.053  1197  3435 D ACDB-LOADER: ACDB -> send_audvoltable
01-08 06:07:20.053  1197  3435 D ACDB-LOADER: ACDB -> ACDB_CMD_GET_AUDPROC_VOL_STEP_TABLE_SIZE
01-08 06:07:20.053  1197  3435 D ACDB-LOADER: ACDB -> ACDB_CMD_GET_AUDPROC_GAIN_DEP_STEP_TABLE, vol index 0
01-08 06:07:20.053  1197  3435 D android.hardware.audio.service: Failed to fetch the lookup information of the device 0000000F 
01-08 06:07:20.053  1197  3435 E ACDB-LOADER: Error: ACDB AudProc vol returned = -19
01-08 06:07:20.053  1197  3435 D ACDB-LOADER: ACDB -> AUDIO_SET_VOL_CAL cal type = 12
01-08 06:07:20.053  1197  3435 D ACDB-LOADER: ACDB -> ACDB_CMD_GET_AUDPROC_STREAM_TABLE_SIZE
01-08 06:07:20.053  1197  3435 D ACDB-LOADER: ACDB -> send_audstrmtable
01-08 06:07:20.053  1197  3435 D ACDB-LOADER: ACDB -> ACDB_CMD_GET_AUDPROC_STREAM_TABLE_V2
01-08 06:07:20.053  1197  3435 D ACDB-LOADER: ACDB -> audstrm_cal->cal_type.cal_data.cal_size = 16
01-08 06:07:20.053  1197  3435 D ACDB-LOADER: ACDB -> send_afe_topology
01-08 06:07:20.053  1197  3435 D ACDB-LOADER: ACDB -> ACDB_CMD_GET_AFE_TOPOLOGY_ID
01-08 06:07:20.053  1197  3435 D ACDB-LOADER: ACDB -> GET_AFE_TOPOLOGY_ID for adcd_id 15, Topology Id 112fc
01-08 06:07:20.053  1197  3435 D ACDB-LOADER: ACDB -> send_afe_cal
01-08 06:07:20.053  1197  3435 D ACDB-LOADER: ACDB -> ACDB_CMD_GET_AFE_COMMON_TABLE_SIZE
01-08 06:07:20.053  1197  3435 D android.hardware.audio.service: Failed to fetch the lookup information of the device 0000000F 
01-08 06:07:20.053  1197  3435 E ACDB-LOADER: Error: ACDB_CMD_GET_AFE_COMMON_TABLE_SIZE Returned = -19
01-08 06:07:20.053  1197  3435 D ACDB-LOADER: ACDB -> ACDB_CMD_GET_AFE_COMMON_TABLE
01-08 06:07:20.053  1197  3435 D android.hardware.audio.service: Failed to fetch the lookup information of the device 0000000F 
01-08 06:07:20.053  1197  3435 E ACDB-LOADER: Error: ACDB AFE returned = -19
01-08 06:07:20.053  1197  3435 D ACDB-LOADER: ACDB -> AUDIO_SET_AFE_CAL
01-08 06:07:20.053  1197  3435 D ACDB-LOADER: ACDB -> send_hw_delay : acdb_id = 15 path = 0
01-08 06:07:20.053  1197  3435 D ACDB-LOADER: ACDB -> ACDB_AVSYNC_INFO: ACDB_CMD_GET_DEVICE_PROPERTY
01-08 06:07:20.053  1197  3435 D msm8974_platform: platform_split_snd_device: snd_device(2) num devices(0) new_snd_devices(0)
01-08 06:07:20.053  1197  3435 I msm8974_platform: platform_get_custom_mtmx_params: no matching param with id 0 ip_ch 2 op_ch 2 uc_id 12 snd_dev 2
01-08 06:07:20.053  1197  3435 D audio_hw_primary: enable_audio_route: apply mixer and update path: audio-ull-playback speaker
01-08 06:07:20.053  1197  3435 D audio_route: Apply path: audio-ull-playback speaker
01-08 06:07:20.054  1197  3435 D send_data_to_xlog: send_misound_data_to_xlog: enter: usecase(12)
01-08 06:07:20.054  1197  3435 D audio_hw_primary: select_devices: done
01-08 06:07:20.054  1197  3435 D audio_hw_primary: start_output_stream: Opening PCM device card_id(0) device_id(17) format(0)
01-08 06:07:20.054  1197  3435 D msm8974_platform: platform_set_channel_map mixer_ctl_name:Playback Channel Map17
01-08 06:07:20.054  1197  3435 D msm8974_platform: platform_set_channel_map: set mapping(1 2 0 0 0 0 0 0) for channel:2
01-08 06:07:20.054  1197  3435 E msm8974_platform: platform_set_channel_map: Could not set ctl, error:-22 ch_count:2
--------- beginning of kernel
01-08 06:07:16.042     0     0 D tas2559 2-004c: tas2559_startup
01-08 06:07:20.056  2670  2706 V WindowManagerShell: Transition requested (#6561): android.os.BinderProxy@e662c8 TransitionRequestInfo { type = TO_FRONT, triggerTask = TaskInfo{userId=0 taskId=1885 effectiveUid=10228 displayId=0 isRunning=true baseIntent=Intent { act=android.intent.action.MAIN cat=[android.intent.category.LAUNCHER] flg=0x10200000 cmp=com.github.libretube.test.debug/com.github.libretube.test.Default } baseActivity=ComponentInfo{com.github.libretube.test.debug/com.github.libretube.test.ui.activities.MainActivity} topActivity=ComponentInfo{com.github.libretube.test.debug/com.github.libretube.test.ui.activities.MainActivity} origActivity=ComponentInfo{com.github.libretube.test.debug/com.github.libretube.test.Default} realActivity=ComponentInfo{com.github.libretube.test.debug/com.github.libretube.test.ui.activities.MainActivity} numActivities=1 lastActiveTime=382183375 supportsMultiWindow=true resizeMode=1 isResizeable=true minWidth=-1 minHeight=-1 defaultMinSize=220 token=WCT{android.window.IWindowContainerToken$Stub$Proxy@2e12f61} topActivityType=1 pictureInPictureParams=null shouldDockBigOverlays=false launchIntoPipHostTaskId=-1 lastParentTaskIdBeforePip=-1 displayCutoutSafeInsets=Rect(0, 86 - 0, 0) topActivityInfo=ActivityInfo{c56ea86 com.github.libretube.test.Default} launchCookies=[android.os.BinderProxy@2c9367c] positionInParent=Point(0, 0) parentTaskId=-1 isFocused=false isVisible=false isVisibleRequested=false isTopActivityNoDisplay=false isSleeping=false locusId=null displayAreaFeatureId=1 isTopActivityTransparent=false isActivityStackTransparent=false lastNonFullscreenBounds=Rect(262, 593 - 819, 1673) capturedLink=null capturedLinkTimestamp=0 requestedVisibleTypes=-9 topActivityRequestOpenInBrowserEducationTimestamp=0 appCompatTaskInfo=AppCompatTaskInfo { topActivityInSizeCompat=false eligibleForLetterboxEducation= false isLetterboxEducationEnabled= false isLetterboxDoubleTapEnabled= false eligibleForUserAspectRatioButton= false topActivityBoundsLetterboxed= false isFromLetterboxDoubleTap= false topActivityLetterboxVerticalPosition= -1 topActivityLetterboxHorizontalPosition= -1 topActivityLetterboxWidth=-1 topActivityLetterboxHeight=-1 topActivityLetterboxAppWidth=-1 topActivityLetterboxAppHeight=-1 isUserFullscreenOverrideEnabled=false isSystemFullscreenOverrideEnabled=false hasMinAspectRatioOverride=false topActivityLetterboxBounds=null cameraCompatTaskInfo=CameraCompatTaskInfo { freeformCameraCompatMode=inactive}} topActivityMainWindowFrame=null}, pipChange = null, remoteTransition = RemoteTransition { remoteTransition = android.window.IRemoteTransition$Stub$Proxy@61adf47, appThread = android.app.IApplicationThread$Stub$Proxy@162e374, debugName = QuickstepLaunch }, displayChange = null, flags = 0, debugId = 6561 }
01-08 06:07:20.056  2670  2706 D ShellSplitScreen: logExit: no-op, mLoggerSessionId is null
01-08 06:07:20.056  2925  2925 D TaskView: launchAsStaticTile - startActivityFromRecents: [1885]
01-08 06:07:20.056  2670  2706 V WindowManagerShell: RemoteTransition directly requested for (#6561) android.os.BinderProxy@e662c8: RemoteTransition { remoteTransition = android.window.IRemoteTransition$Stub$Proxy@61adf47, appThread = android.app.IApplicationThread$Stub$Proxy@162e374, debugName = QuickstepLaunch }
01-08 06:07:20.056  2925  2925 D b/310064698: [1885] - onClick - callbackList: com.android.launcher3.util.RunnableList@396266b
01-08 06:07:20.056  2925  2925 D StatsLog: LAUNCHER_TASK_LAUNCH_TAP
01-08 06:07:20.057  1283  1325 I BpBinder: onLastStrongRef automatically unlinking death recipients: 
01-08 06:07:16.043     0     0 I         : snd_pcm_hw_constraint_integer failed
01-08 06:07:16.043     0     0 I msm_pcm_open: P buffer bytes minmax constraint ret 1
01-08 06:07:16.043     0     0 D tas2559 2-004c: tas2559_hw_params
01-08 06:07:16.043     0     0 D tas2559 2-004c: tas2559_set_sampling_rate: nSamplingRate = 48000 [Hz]
01-08 06:07:16.043     0     0 I tas2559 2-004c: Sampling rate for current configuration matches: 48000
01-08 06:07:16.045     0     0 D tas2559 2-004c: tas2559_set_bias_level: 1
01-08 06:07:16.045     0     0 D tas2559 2-004c: tas2559_set_bias_level: 2
01-08 06:07:20.058  1949  2609 D BackgroundInstallControlService: Package event received: 0
01-08 06:07:16.045     0     0 D tas2559 2-004c: tas2559_set_bias_level: 3
01-08 06:07:16.046     0     0 D tas2559 2-004c: tas2559_prepare
01-08 06:07:20.060 16294 16294 D ViewRootImpl: Skipping stats log for color mode
01-08 06:07:20.061  2670  2706 D WindowManagerShell: onActivityRestartAttempt: topActivity=ComponentInfo{com.github.libretube.test.debug/com.github.libretube.test.ui.activities.MainActivity}, wasVisible=false
01-08 06:07:20.063  1949  2609 D BackgroundInstallControlService: Package event received: 0
01-08 06:07:20.063  1949  2609 D BackgroundInstallControlService: Package event received: 0
01-08 06:07:16.051     0     0 D tas2559 2-004c: tas2559_mute
01-08 06:07:16.051     0     0 D tas2559 2-004c: tas2559_enable: On
01-08 06:07:20.063  1949  2382 W libprocessgroup: SetCgroup::ExecuteForProcess: failed to open /dev/blkio//cgroup.procs: No such file or directory
01-08 06:07:16.052     0     0 D tas2559 2-004c: VBoost ctrl register before coeff set: 0x0
01-08 06:07:16.053     0     0 D tas2559 2-004c: VBoost ctrl register after coeff set: 0x0
01-08 06:07:16.053     0     0 D tas2559 2-004c: VBoost ctrl register after set VBoost: 0x0
01-08 06:07:20.066  2670  2731 V SnapshotDrawerUtils: Drawing snapshot surface sizeMismatch=false
01-08 06:07:16.054     0     0 D tas2559 2-004c: tas2559_DevStartup, chl=3
01-08 06:07:16.054     0     0 D tas2559 2-004c: tas2559_dev_load_data, write chl=1, B[0]P[1]R[61]=0x1
01-08 06:07:16.054     0     0 D tas2559 2-004c: tas2559_dev_load_data, write chl=1, B[0]P[1]R[62]=0x1
01-08 06:07:16.055     0     0 D tas2559 2-004c: tas2559_dev_load_data, write chl=1, B[0]P[0]R[5]=0xa0
01-08 06:07:16.055     0     0 D tas2559 2-004c: tas2559_dev_load_data, write chl=1, B[0]P[0]R[5]=0xa3
01-08 06:07:16.055     0     0 D tas2559 2-004c: tas2559_dev_load_data, write chl=1, B[0]P[0]R[4]=0xf8
01-08 06:07:20.069  1038 23211 I netd    : tetherGetStats() -> {[]} <0.66ms>
01-08 06:07:20.071  2670 13949 V WindowManagerShell: onTransitionReady(transaction=8370891715681)
01-08 06:07:20.071  2670  2706 V WindowManagerShell: onTransitionReady (#6561) android.os.BinderProxy@e662c8: {id=6561 t=TO_FRONT f=0x0 trk=0 r=[0@Point(0, 0)] c=[
01-08 06:07:20.071  2670  2706 V WindowManagerShell:         {m=TO_FRONT f=MOVE_TO_TOP leash=Surface(name=Task=1885)/@0x9a72912 sb=Rect(0, 0 - 1080, 2246) eb=Rect(0, 0 - 1080, 2246) epz=Point(1080, 2246) d=0 taskParent=-1},
01-08 06:07:20.071  2670  2706 V WindowManagerShell:         {m=TO_BACK f=SHOW_WALLPAPER leash=Surface(name=Task=1)/@0x9c28e3 sb=Rect(0, 0 - 1080, 2246) eb=Rect(0, 0 - 1080, 2246) epz=Point(1080, 2246) d=0 taskParent=-1},
01-08 06:07:20.071  2670  2706 V WindowManagerShell:         {m=TO_BACK f=NONE leash=Surface(name=Task=1887)/@0x984c2e0 sb=Rect(0, 0 - 1080, 2246) eb=Rect(0, 0 - 1080, 2246) epz=Point(1080, 2246) d=0 taskParent=-1}
01-08 06:07:20.071  2670  2706 V WindowManagerShell:     ]}
01-08 06:07:20.072  2670  2706 V WindowManagerShell: Transition (#6561) android.os.BinderProxy@e662c8@0 ready while (#6560) android.os.BinderProxy@668ac7f@0 is still animating. Notify the animating transition in case they can be merged
01-08 06:07:20.072  2670  2706 V ShellRecents: [140137548] RecentsController.merge
01-08 06:07:20.072  2670  2706 V ShellRecents:   closing pausing taskId=1887
01-08 06:07:20.073  2670  2706 V ShellRecents:   opening new leaf taskId=1885 wasClosing=false
01-08 06:07:20.073  2670  2706 V ShellRecents: [140137548] RecentsController.merge: empty pausing tasks
01-08 06:07:20.074  2670  2706 V ShellRecents: [140137548] RecentsController.merge: calling onTasksAppeared
01-08 06:07:16.057     0     0 D tas2559 2-004c: tas2559_dev_load_data, udelay 2000
01-08 06:07:16.057     0     0 D tas2559 2-004c: tas2559_dev_load_data, write chl=2, B[0]P[0]R[2]=0x2
01-08 06:07:16.057     0     0 D tas2559 2-004c: tas2559_dev_load_data, write chl=2, B[0]P[0]R[7]=0x41
01-08 06:07:16.060     0     0 D tas2559 2-004c: tas2559_dev_load_data, udelay 2000
01-08 06:07:16.060     0     0 D tas2559 2-004c: tas2559_dev_load_data, write chl=1, B[0]P[0]R[44]=0x2b
01-08 06:07:16.060     0     0 D tas2559 2-004c: tas2559_dev_load_data, write chl=2, B[0]P[0]R[33]=0xb
01-08 06:07:16.060     0     0 D tas2559 2-004c: TAS2559 load data: Snapshot 5, Blocks = 4, Block Type = 14
01-08 06:07:16.060     0     0 D tas2559 2-004c: tas2559_load_block: Type = 14, commands = 93
01-08 06:07:20.075  2670  2706 V WindowManagerShell: Transition was merged: (#6561) android.os.BinderProxy@e662c8@0 into (#6560) android.os.BinderProxy@668ac7f@0
01-08 06:07:20.077  1949  2338 V WindowManager: Sent Transition (#6561) createdAt=01-08 06:07:20.052 via request=TransitionRequestInfo { type = TO_FRONT, triggerTask = TaskInfo{userId=0 taskId=1885 effectiveUid=10228 displayId=0 isRunning=true baseIntent=Intent { act=android.intent.action.MAIN cat=[android.intent.category.LAUNCHER] flg=0x10200000 cmp=com.github.libretube.test.debug/com.github.libretube.test.Default } baseActivity=ComponentInfo{com.github.libretube.test.debug/com.github.libretube.test.ui.activities.MainActivity} topActivity=ComponentInfo{com.github.libretube.test.debug/com.github.libretube.test.ui.activities.MainActivity} origActivity=ComponentInfo{com.github.libretube.test.debug/com.github.libretube.test.Default} realActivity=ComponentInfo{com.github.libretube.test.debug/com.github.libretube.test.ui.activities.MainActivity} numActivities=1 lastActiveTime=382183375 supportsMultiWindow=true resizeMode=1 isResizeable=true minWidth=-1 minHeight=-1 defaultMinSize=220 token=WCT{RemoteToken{3de5e31 Task{66042c1 #1885 type=standard A=10228:com.github.libretube.test.debug}}} topActivityType=1 pictureInPictureParams=null shouldDockBigOverlays=false launchIntoPipHostTaskId=-1 lastParentTaskIdBeforePip=-1 displayCutoutSafeInsets=Rect(0, 86 - 0, 0) topActivityInfo=ActivityInfo{1473916 com.github.libretube.test.Default} launchCookies=[android.os.BinderProxy@bbc3297] positionInParent=Point(0, 0) parentTaskId=-1 isFocused=false isVisible=false isVisibleRequested=false isTopActivityNoDisplay=false isSleeping=false locusId=null displayAreaFeatureId=1 isTopActivityTransparent=false isActivityStackTransparent=false lastNonFullscreenBounds=Rect(262, 593 - 819, 1673) capturedLink=null capturedLinkTimestamp=0 requestedVisibleTypes=-9 topActivityRequestOpenInBrowserEducationTimestamp=0 appCompatTaskInfo=AppCompatTaskInfo { topActivityInSizeCompat=false eligibleForLetterboxEducation= false isLetterboxEducationEnabled= false isLetterboxDoubleTapEnabled= false eligibleForUserAspectRatioButton= false topActivityBoundsLetterboxed= false isFromLetterboxDoubleTap= false topActivityLetterboxVerticalPosition= -1 topActivityLetterboxHorizontalPosition= -1 topActivityLetterboxWidth=-1 topActivityLetterboxHeight=-1 topActivityLetterboxAppWidth=-1 topActivityLetterboxAppHeight=-1 isUserFullscreenOverrideEnabled=false isSystemFullscreenOverrideEnabled=false hasMinAspectRatioOverride=false topActivityLetterboxBounds=null cameraCompatTaskInfo=CameraCompatTaskInfo { freeformCameraCompatMode=inactive}} topActivityMainWindowFrame=null}, pipChange = null, remoteTransition = RemoteTransition { remoteTransition = android.window.IRemoteTransition$Stub$Proxy@5011786, appThread = android.app.IApplicationThread$Stub$Proxy@e460847, debugName = QuickstepLaunch }, displayChange = null, flags = 0, debugId = 6561 }
01-08 06:07:20.077  1949  2338 V WindowManager:     startWCT=WindowContainerTransaction { changes= {} hops= [] errorCallbackToken=null taskFragmentOrganizer=null }
01-08 06:07:20.077  1949  2338 V WindowManager:     info={id=6561 t=TO_FRONT f=0x0 trk=0 r=[0@Point(0, 0)] c=[
01-08 06:07:20.077  1949  2338 V WindowManager:         {WCT{RemoteToken{3de5e31 Task{66042c1 #1885 type=standard A=10228:com.github.libretube.test.debug}}} m=TO_FRONT f=MOVE_TO_TOP leash=Surface(name=Task=1885)/@0x310bbb5 sb=Rect(0, 0 - 1080, 2246) eb=Rect(0, 0 - 1080, 2246) epz=Point(1080, 2246) d=0 taskParent=-1},
01-08 06:07:20.077  1949  2338 V WindowManager:         {WCT{RemoteToken{f68a910 Task{e8d0d27 #1 type=home}}} m=TO_BACK f=SHOW_WALLPAPER leash=Surface(name=Task=1)/@0x2f329ca sb=Rect(0, 0 - 1080, 2246) eb=Rect(0, 0 - 1080, 2246) epz=Point(1080, 2246) d=0 taskParent=-1},
01-08 06:07:20.077  1949  2338 V WindowManager:         {WCT{RemoteToken{4361040 Task{9e3c310 #1887 type=standard A=10101:com.android.documentsui}}} m=TO_BACK f=NONE leash=Surface(name=Task=1887)/@0x5f98541 sb=Rect(0, 0 - 1080, 2246) eb=Rect(0, 0 - 1080, 2246) epz=Point(1080, 2246) d=0 taskParent=-1}
01-08 06:07:20.077  1949  2338 V WindowManager:     ]}
01-08 06:07:20.082  1949  6311 W UserManagerService: Requested status bar icon for non-badged user 0
01-08 06:07:20.084  1949  6311 D ConnectivityService: requestNetwork for uid/pid:10148/2670 asUid: 10228 activeRequest: null callbackRequest: 10472 [NetworkRequest [ REQUEST id=10473, [ Capabilities: INTERNET&NOT_RESTRICTED&TRUSTED&NOT_VCN_MANAGED&NOT_BANDWIDTH_CONSTRAINED Uid: 10228 RequestorUid: 10148 RequestorPkg: com.android.systemui UnderlyingNetworks: Null] ]] callback flags: 0 order: 2147483647 isUidTracked: false declaredMethods: ALL
01-08 06:07:20.085  1949  2551 D WifiNetworkFactory: got request NetworkRequest [ REQUEST id=10473, [ Capabilities: INTERNET&NOT_RESTRICTED&TRUSTED&NOT_VCN_MANAGED&NOT_BANDWIDTH_CONSTRAINED Uid: 10228 RequestorUid: 10148 RequestorPkg: com.android.systemui UnderlyingNetworks: Null] ]
01-08 06:07:20.085  1949  2551 D UntrustedWifiNetworkFactory: got request NetworkRequest [ REQUEST id=10473, [ Capabilities: INTERNET&NOT_RESTRICTED&TRUSTED&NOT_VCN_MANAGED&NOT_BANDWIDTH_CONSTRAINED Uid: 10228 RequestorUid: 10148 RequestorPkg: com.android.systemui UnderlyingNetworks: Null] ]
01-08 06:07:20.085  1949  2559 D ConnectivityService: NetReassign [10473 : null → 103] [c 0] [a 1] [i 0]
01-08 06:07:20.085  1949  2551 D OemPaidWifiNetworkFactory: got request NetworkRequest [ REQUEST id=10473, [ Capabilities: INTERNET&NOT_RESTRICTED&TRUSTED&NOT_VCN_MANAGED&NOT_BANDWIDTH_CONSTRAINED Uid: 10228 RequestorUid: 10148 RequestorPkg: com.android.systemui UnderlyingNetworks: Null] ]
01-08 06:07:20.085  1949  2551 D MultiInternetWifiNetworkFactory: got request NetworkRequest [ REQUEST id=10473, [ Capabilities: INTERNET&NOT_RESTRICTED&TRUSTED&NOT_VCN_MANAGED&NOT_BANDWIDTH_CONSTRAINED Uid: 10228 RequestorUid: 10148 RequestorPkg: com.android.systemui UnderlyingNetworks: Null] ]
01-08 06:07:16.079     0     0 D tas2559 2-004c: Block[0xe] YChkSum match
01-08 06:07:16.079     0     0 D tas2559 2-004c: tas2559_DevMute, dev=3, mute=0
01-08 06:07:16.079     0     0 D tas2559 2-004c: tas2559_dev_load_data, write chl=1, B[0]P[0]R[7]=0x0
01-08 06:07:16.079     0     0 D tas2559 2-004c: tas2559_dev_load_data, write chl=2, B[0]P[0]R[7]=0x40
01-08 06:07:16.079     0     0 D tas2559 2-004c: tas2559_dev_load_data, write chl=1, B[100]P[0]R[7]=0x0
01-08 06:07:20.094  1197  3435 D audio_hw_primary: start_output_stream: pcm_prepare
01-08 06:07:20.094  1197  3435 D audio_hw_primary: start_output_stream: exit
01-08 06:07:20.094  1197  3435 D msm8974_platform: platform_split_snd_device: snd_device(2) num devices(0) new_snd_devices(0)
01-08 06:07:20.094  1197  3435 I msm8974_platform: platform_get_custom_mtmx_params: no matching param with id 0 ip_ch 2 op_ch 2 uc_id 12 snd_dev 2
01-08 06:07:20.094  1197  3435 W qc_adm  : margin check: adm_request_focus_v2_1(p) failed diff -1536
01-08 06:07:20.094  1197  3435 W qc_adm  : margin check: adm_abandon_focus(p) failed diff -1536
01-08 06:07:16.080     0     0 D tas2559 2-004c: tas2559_enable: exit
01-08 06:07:20.098  1949  2338 W ziparchive: Unable to open '/data/app/~~8H4hb0aOI5x5e9KHvVi_Qw==/com.github.libretube.test.debug-kKVI5pXue9ZETfEUQhJ4Yw==/base.dm': No such file or directory
01-08 06:07:16.083     0     0 D tas2559 2-004c: IRQ status DevA: 0x2, 0x0
01-08 06:07:16.084     0     0 D tas2559 2-004c: IRQ status DevB: 0x2, 0x1
01-08 06:07:20.111  1949  2341 V WindowManager: Unknown focus tokens, dropping reportFocusChanged
01-08 06:07:20.134  1949  2528 I ImeTracker: com.github.libretube.test.debug:690a36a: onRequestHide at ORIGIN_SERVER reason HIDE_UNSPECIFIED_WINDOW fromUser false
01-08 06:07:20.135 16294 16294 D InsetsController: hide(ime(), fromIme=false)
01-08 06:07:20.135 16294 16294 I ImeTracker: com.github.libretube.test.debug:690a36a: onCancelled at PHASE_CLIENT_ALREADY_HIDDEN
01-08 06:07:20.265  1277  1829 D audioserver: logFgsApiEnd: FGS Logger Transaction failed, -129
01-08 06:07:20.440  2925  2925 D RecentsView: finishRecentsAnimation - mRecentsAnimationController: com.android.quickstep.RecentsAnimationController@dfc814a
01-08 06:07:20.441  2925  2925 D RecentsView: cleanupRemoteTargets - mRemoteTargetHandles: [com.android.quickstep.RemoteTargetGluer$RemoteTargetHandle@6cac4a4]
01-08 06:07:20.441  2670  2706 V ShellRecents: [140137548] RecentsController.finishInner: toHome=false userLeave=false willFinishToHome=false state=1 reason=requested
01-08 06:07:20.441  2670  2706 V ShellRecents:   normal finish
01-08 06:07:20.441  2670  2706 V ShellRecents: [140137548] RecentsController.finishInner: Completing finish
01-08 06:07:20.441  2670  2706 V ShellRecents: [140137548] RecentsController.cleanup
01-08 06:07:20.441  2670  2706 V WindowManagerShell: Transition animation finished (aborted=false), notifying core (#6560) android.os.BinderProxy@668ac7f@0
01-08 06:07:20.443  2925  2925 D RecentsView: cleanupRemoteTargets - mRemoteTargetHandles: null
01-08 06:07:20.443  1949  6311 E TransitionChain: Can't collect into a chain with no transition
01-08 06:07:20.443  1949  2338 V WindowManager: Finish Transition (#6560): created at 01-08 06:07:18.802 collect-started=0.169ms started=0.204ms ready=5.981ms sent=27.844ms finished=1641.178ms
01-08 06:07:20.444 16427 16427 D VRI[FilesActivity]: visibilityChanged oldVisibility=true newVisibility=false
01-08 06:07:20.445  2925  2925 W SplitSelectStateCtor: Missing session instanceIds
01-08 06:07:20.445  2925  2925 D StatsLog: LAUNCHER_SPLIT_SELECTION_EXIT_INTERRUPTED
01-08 06:07:20.448  1949  2338 V WindowManager: Finish Transition (#6561): created at 01-08 06:07:20.052 collect-started=0.056ms request-sent=2.288ms started=8.144ms ready=8.131ms sent=16.231ms finished=394.24ms
01-08 06:07:20.449  2670  2706 V WindowManagerShell: Track 0 became idle
01-08 06:07:20.449  2670  2706 V WindowManagerShell: All active transition animations finished
01-08 06:07:20.449  2670  2706 V ShellRecents: [140137548] RecentsController.finishInner: calling finish callback
01-08 06:07:20.450  1949  2764 W UserManagerService: Requested status bar icon for non-badged user 0
01-08 06:07:20.451  2925  2925 D BaseDepthController: setSurface:
01-08 06:07:20.451  2925  2925 D BaseDepthController: 	mWaitingOnSurfaceValidity: false
01-08 06:07:20.451  2925  2925 D BaseDepthController: 	mSurface: null
01-08 06:07:20.452  1949  2609 D BackgroundInstallControlService: Package event received: 0
01-08 06:07:20.452  2925  2925 D StateManager: goToState - fromState: Overview, toState: Normal, partial trace:
01-08 06:07:20.452  2925  2925 D StateManager: 	at com.android.launcher3.statemanager.StateManager.moveToRestState(StateManager.java:465)
01-08 06:07:20.452  2925  2925 D StateManager: 	at com.android.launcher3.statemanager.StateManager.moveToRestState(StateManager.java:456)
01-08 06:07:20.452  2925  2925 D StateManager: 	at com.android.launcher3.statemanager.StatefulActivity.onStop(StatefulActivity.java:136)
01-08 06:07:20.453  2925  2925 D StateManager: onStateTransitionStart - state: Normal
01-08 06:07:20.453  2925  2925 D RecentsView: updateTaskStackListenerState: false
01-08 06:07:20.454  1949  2483 W UserManagerService: Requested status bar icon for non-badged user 0
01-08 06:07:20.455  1949  2483 I AppWidgetServiceImpl: startListening() 0
01-08 06:07:20.456  1949  2764 W UserManagerService: Requested status bar icon for non-badged user 0
01-08 06:07:20.456  2925  2925 D StateManager: onStateTransitionEnd - state: Normal
01-08 06:07:20.458  1949  2764 W UserManagerService: Requested status bar icon for non-badged user 0
01-08 06:07:20.459  1949  2609 D BackgroundInstallControlService: Package event received: 0
01-08 06:07:20.466  1949  2483 W UserManagerService: Requested status bar icon for non-badged user 0
01-08 06:07:20.467  2925  2925 D RecentsView: reset - mEnableDrawingLiveTile: true, mRecentsAnimationController: com.android.quickstep.RecentsAnimationController@dfc814a
01-08 06:07:20.467  2925  2925 D RecentsView: finishRecentsAnimation - mRecentsAnimationController: com.android.quickstep.RecentsAnimationController@dfc814a
01-08 06:07:20.467  2925  2925 D RecentsView: cleanupRemoteTargets - mRemoteTargetHandles: null
01-08 06:07:20.469  2925  2925 D StatsLog: LAUNCHER_ONSTOP
01-08 06:07:20.469  1949  2764 I AppWidgetServiceImpl: setAppWidgetHidden() 0
01-08 06:07:20.470  2925  2925 D RecentsView: onRecentsAnimationComplete - mRecentsAnimationController: com.android.quickstep.RecentsAnimationController@dfc814a, mSideTaskLaunchCallback: com.android.launcher3.util.RunnableList@5418710
01-08 06:07:20.470  2925  2925 D b/310064698: [1885] - onClick - launchCompleted
01-08 06:07:20.470  2925  2925 D RecentsView: onRecentsAnimationComplete - mRecentsAnimationController: null, mSideTaskLaunchCallback: null
01-08 06:07:20.483  2925  2925 D OverviewActionsView: updateForGroupedTask() called with: isGroupedTask = [false], canSaveAppPair = [false]
01-08 06:07:20.483  2925  2925 D OverviewActionsView: updateActionButtonsVisibility() called: showSingleTaskActions = [true], showGroupActions = [false]
01-08 06:07:20.483  1949  2528 E HandwritingModeController: Cannot get requestId: Handwriting was not initialized.
01-08 06:07:20.484  2925  2925 D StateManager: goToState - fromState: Normal, toState: Normal, partial trace:
01-08 06:07:20.484  2925  2925 D StateManager: 	at com.android.launcher3.statemanager.StateManager.moveToRestState(StateManager.java:465)
01-08 06:07:20.484  2925  2925 D StateManager: 	at com.android.launcher3.statemanager.StateManager.moveToRestState(StateManager.java:456)
01-08 06:07:20.484  2925  2925 D StateManager: 	at com.android.quickstep.TaskViewUtils$9.$r8$lambda$ljhZxINf3_Y_xEUtwUwjS8vr7sU(TaskViewUtils.java:654)
01-08 06:07:20.485  1949  2609 D BackgroundInstallControlService: Package event received: 0
01-08 06:07:20.490 16427 16427 W Choreographer: Frame time is 0.00141 ms in the future!  Check that graphics HAL is generating vsync timestamps using the correct timebase.
01-08 06:07:20.496  1949  2609 D BackgroundInstallControlService: Package event received: 0
01-08 06:07:20.603  2925  2925 I ContextualSearchInvoker: Contextual Search invocation failed: no ContextualSearchManager
01-08 06:07:20.603  2925  2925 D StatsLog: LAUNCHER_LAUNCH_ASSISTANT_FAILED_SERVICE_ERROR
01-08 06:07:20.604  2925  2925 D OtherActivityInputConsumer: ACTION_DOWN: mIsDeferredDownTarget=false
01-08 06:07:20.606  2925  2925 D ContextTracker: Registering callback: com.android.launcher3.LauncherInitListener@568c8e9, reason=OtherActivityInputConsumer.startTouchTrackingForWindowAnimation
01-08 06:07:20.606  2925  2925 D RecentsView: onGestureAnimationStart - runningTasks: [[id=1885 windowingMode=1 user=0 lastActiveTime=382183375] null]
01-08 06:07:20.606  2925  2925 D RecentsView: showCurrentTask(onGestureAnimationStart) - runningTasks: [[id=1885 windowingMode=1 user=0 lastActiveTime=382183375] null]
01-08 06:07:20.607  2925  2925 D OverviewActionsView: updateForGroupedTask() called with: isGroupedTask = [false], canSaveAppPair = [false]
01-08 06:07:20.607  2925  2925 D OverviewActionsView: updateActionButtonsVisibility() called: showSingleTaskActions = [true], showGroupActions = [false]
01-08 06:07:20.607  2925  2925 D RecentsView: reloadIfNeeded - getTasks: 11637
01-08 06:07:20.608  2925  2925 D OtherActivityInputConsumer: startTouchTrackingForWindowAnimation: isRecentsAnimationRunning=false
01-08 06:07:20.609  2670  2706 V ShellRecents: RecentsTransitionHandler.startRecentsTransition
01-08 06:07:20.610  2670  2706 V WindowManagerShell: Directly starting a new transition type=TO_FRONT wct=WindowContainerTransaction { changes= {} hops= [{pendingIntent: options=Bundle[{android.activity.splashScreenStyle=-1, android.activity.sourceInfo=Supplier{VAL_PARCELABLE@148+104}, android.pendingIntent.backgroundActivityAllowed=3, android:activity.animAbortListener=null, android.activity.transientLaunch=true}]}] errorCallbackToken=null taskFragmentOrganizer=null } handler=com.android.wm.shell.recents.RecentsTransitionHandler@4702320
01-08 06:07:20.611  2925  2925 D RecentsView: applyLoadPlan - taskGroups: [type=SINGLE task1=[id=1887 windowingMode=1 user=0 lastActiveTime=382374955] null task2=null, type=SINGLE task1=[id=1885 windowingMode=1 user=0 lastActiveTime=382374959] null task2=null]
01-08 06:07:20.613  1949  2382 W libprocessgroup: SetCgroup::ExecuteForProcess: failed to open /dev/blkio//cgroup.procs: No such file or directory
01-08 06:07:20.617  2670  2706 V ShellRecents: [79302167] RecentsController.setTransition: id=android.os.BinderProxy@56d5296
01-08 06:07:20.617  2925  2925 D OverviewActionsView: updateForGroupedTask() called with: isGroupedTask = [false], canSaveAppPair = [false]
01-08 06:07:20.617  2925  2925 D OverviewActionsView: updateActionButtonsVisibility() called: showSingleTaskActions = [true], showGroupActions = [false]
01-08 06:07:20.618  1949  2609 D BackgroundInstallControlService: Package event received: 0
01-08 06:07:20.618  1949  2609 D BackgroundInstallControlService: Package event received: 0
01-08 06:07:20.619  2670  2706 D WindowManagerShell: setLauncherKeepClearAreaHeight: visible=false, height=286
01-08 06:07:20.619  2925  2925 D StateManager: goToState - fromState: Normal, toState: Background, partial trace:
01-08 06:07:20.619  2925  2925 D StateManager: 	at com.android.quickstep.BaseActivityInterface$DefaultAnimationFactory.initBackgroundStateUI(BaseActivityInterface.java:177)
01-08 06:07:20.619  2925  2925 D StateManager: 	at com.android.quickstep.LauncherActivityInterface.prepareRecentsUI(LauncherActivityInterface.java:128)
01-08 06:07:20.619  2925  2925 D StateManager: 	at com.android.quickstep.AbsSwipeUpHandler.lambda$onLauncherStart$7(AbsSwipeUpHandler.java:586)
01-08 06:07:20.619  2925  2925 D StateManager: onStateTransitionStart - state: Background
01-08 06:07:20.620  1949  2609 D BackgroundInstallControlService: Package event received: 0
01-08 06:07:20.620  2925  2925 D StateManager: onStateTransitionEnd - state: Background
01-08 06:07:20.621  1283  1323 I BpBinder: onLastStrongRef automatically unlinking death recipients: 
01-08 06:07:20.624  2925  2925 D RecentsView: updateTaskStackListenerState: true
01-08 06:07:20.624  2925  2925 D RecentsView: reloadIfNeeded - getTasks: 11638
01-08 06:07:20.624  1283  1283 I BpBinder: onLastStrongRef automatically unlinking death recipients: 
01-08 06:07:20.628  2925  2925 D BaseDepthController: setSurface:
01-08 06:07:20.628  2925  2925 D BaseDepthController: 	mWaitingOnSurfaceValidity: false
01-08 06:07:20.628  2925  2925 D BaseDepthController: 	mSurface: Surface(name=com.android.launcher3/com.android.launcher3.uioverrides.QuickstepLauncher)/@0x544fb95
01-08 06:07:20.631  2925  2925 D RecentsView: applyLoadPlan - taskGroups: [type=SINGLE task1=[id=1887 windowingMode=1 user=0 lastActiveTime=382374955] null task2=null, type=SINGLE task1=[id=1885 windowingMode=1 user=0 lastActiveTime=382374959] null task2=null]
01-08 06:07:20.635  2670  2851 V WindowManagerShell: onTransitionReady(transaction=8370891715718)
01-08 06:07:20.635  2670  2706 V WindowManagerShell: onTransitionReady (#6562) android.os.BinderProxy@56d5296: {id=6562 t=TO_FRONT f=0x80 trk=0 r=[0@Point(0, 0)] c=[
01-08 06:07:20.635  2670  2706 V WindowManagerShell:         {m=TO_FRONT f=SHOW_WALLPAPER|MOVE_TO_TOP leash=Surface(name=Task=1)/@0x4d3204 sb=Rect(0, 0 - 1080, 2246) eb=Rect(0, 0 - 1080, 2246) epz=Point(1080, 2246) d=0 taskParent=-1},
01-08 06:07:20.635  2670  2706 V WindowManagerShell:         {m=TO_BACK f=NONE leash=Surface(name=Task=1885)/@0x933b3ed sb=Rect(0, 0 - 1080, 2246) eb=Rect(0, 0 - 1080, 2246) epz=Point(1080, 2246) d=0 taskParent=-1},
01-08 06:07:20.635  2670  2706 V WindowManagerShell:         {m=TO_FRONT f=IS_WALLPAPER leash=Surface(name=WallpaperWindowToken{1ed96b6 token=android.os.Binder@6132e51})/@0x2240222 sb=Rect(0, 0 - 1080, 2246) eb=Rect(0, 0 - 1080, 2246) epz=Point(1080, 2246) d=0}
01-08 06:07:20.635  2670  2706 V WindowManagerShell:     ]}
01-08 06:07:20.635  2925  2925 I NavHandleLongPressHandler: Contextual Search invocation: touch finished with reason: touch slop passed
01-08 06:07:20.635  2670  2706 V WindowManagerShell: Playing animation for (#6562) android.os.BinderProxy@56d5296@0
01-08 06:07:20.635  2925  2925 D OtherActivityInputConsumer: ACTION_MOVE: passedSlop=true ( false || (3413.0 >= 967.70776 && true ))
01-08 06:07:20.635  2670  2706 V WindowManagerShell:  try firstHandler com.android.wm.shell.recents.RecentsTransitionHandler@4702320
01-08 06:07:20.635  2925  2925 D OtherActivityInputConsumer: ACTION_MOVE: mPassedPilferInputSlop=false
01-08 06:07:20.635  2670  2706 V ShellRecents: [79302167] RecentsController.start
01-08 06:07:20.635  2925  2925 D RecentsView: onGestureAnimationStart - runningTasks: [[id=1885 windowingMode=1 user=0 lastActiveTime=382183375] null]
01-08 06:07:20.635  2925  2925 D RecentsView: showCurrentTask(onGestureAnimationStart) - runningTasks: [[id=1885 windowingMode=1 user=0 lastActiveTime=382183375] null]
01-08 06:07:20.635  2925  2925 D OverviewActionsView: updateForGroupedTask() called with: isGroupedTask = [false], canSaveAppPair = [false]
01-08 06:07:20.636  2925  2925 D OverviewActionsView: updateActionButtonsVisibility() called: showSingleTaskActions = [true], showGroupActions = [false]
01-08 06:07:20.636  1949  2338 V WindowManager: Sent Transition (#6562) createdAt=01-08 06:07:20.610
01-08 06:07:20.636  1949  6311 I InputDispatcher: Channel [Gesture Monitor] swipe-up is stealing input gesture for device 2 from [c20ed9b com.github.libretube.test.debug/com.github.libretube.test.Default, [Gesture Monitor] edge-swipe]
01-08 06:07:20.636  2925  2925 D RecentsView: reloadIfNeeded - task list still valid: 11638
01-08 06:07:20.636  1949  2338 V WindowManager:     startWCT=WindowContainerTransaction { changes= {} hops= [{pendingIntent: options=Bundle[{android.activity.splashScreenStyle=-1, android.activity.sourceInfo=android.app.ActivityOptions$SourceInfo@3ad3341, android.pendingIntent.backgroundActivityAllowed=3, android:activity.animAbortListener=null, android.activity.transientLaunch=true}]}] errorCallbackToken=null taskFragmentOrganizer=null }
01-08 06:07:20.636  1949  2338 V WindowManager:     info={id=6562 t=TO_FRONT f=0x80 trk=0 r=[0@Point(0, 0)] c=[
01-08 06:07:20.636  1949  2338 V WindowManager:         {WCT{RemoteToken{f68a910 Task{e8d0d27 #1 type=home}}} m=TO_FRONT f=SHOW_WALLPAPER|MOVE_TO_TOP leash=Surface(name=Task=1)/@0x2f329ca sb=Rect(0, 0 - 1080, 2246) eb=Rect(0, 0 - 1080, 2246) epz=Point(1080, 2246) d=0 taskParent=-1},
01-08 06:07:20.636  1949  2338 V WindowManager:         {WCT{RemoteToken{3de5e31 Task{66042c1 #1885 type=standard A=10228:com.github.libretube.test.debug}}} m=TO_BACK f=NONE leash=Surface(name=Task=1885)/@0x310bbb5 sb=Rect(0, 0 - 1080, 2246) eb=Rect(0, 0 - 1080, 2246) epz=Point(1080, 2246) d=0 taskParent=-1},
01-08 06:07:20.636  1949  2338 V WindowManager:         {m=TO_FRONT f=IS_WALLPAPER leash=Surface(name=WallpaperWindowToken{1ed96b6 token=android.os.Binder@6132e51})/@0xcda976c sb=Rect(0, 0 - 1080, 2246) eb=Rect(0, 0 - 1080, 2246) epz=Point(1080, 2246) d=0}
01-08 06:07:20.636  1949  2338 V WindowManager:     ]}
01-08 06:07:20.636  2925  3896 W HWUI    : Image decoding logging dropped!
01-08 06:07:20.637  2670  2706 V ShellRecents:   not handling home taskId=1
01-08 06:07:20.638  2670  2706 V ShellRecents:   adding pausing leaf taskId=1885 at layer=8
01-08 06:07:20.638  2670  2706 V ShellRecents: Applying transaction=8370891715718
01-08 06:07:20.639  1949  2764 W UserManagerService: Requested status bar icon for non-badged user 0
01-08 06:07:20.639  2670  2706 V ShellRecents: Trying to get a handler for takeover but the flag is disabled
01-08 06:07:20.639  2670  2706 V ShellSplitScreen: getSplitBoundsForTaskId: expected split bounds for taskId=1885 but not found
01-08 06:07:20.639  2670  2670 I vol.VolumeDialogImpl: mDialog.dismiss() reason: volume_controller from: com.android.systemui.volume.VolumeDialogImpl$9.onDismissRequested:3
