01-08 06:11:05.710 16427 16427 I ImeTracker: com.android.documentsui:18148f0a: onCancelled at PHASE_CLIENT_ALREADY_HIDDEN
01-08 06:11:05.922  2670  2706 V WindowManagerShell: Transition animation finished (aborted=false), notifying core (#6565) android.os.BinderProxy@20cb3e8@0
01-08 06:11:05.924  1949  2338 V WindowManager: Finish Transition (#6565): created at 01-08 06:11:05.640 collect-started=0.075ms request-sent=0.191ms started=6.043ms ready=12.985ms sent=15.836ms finished=283.13ms
01-08 06:11:05.927  2670  2706 V WindowManagerShell: Track 0 became idle
01-08 06:11:05.927  2670  2706 V WindowManagerShell: All active transition animations finished
01-08 06:11:05.928  1949  2214 W UserManagerService: Requested status bar icon for non-badged user 0
01-08 06:11:05.938 11157 11157 D VRI[ResolverActivity]: visibilityChanged oldVisibility=true newVisibility=false
01-08 06:11:05.951 11157 11157 W WindowOnBackDispatcher: sendCancelIfRunning: isInProgress=false callback=android.view.ViewRootImpl$$ExternalSyntheticLambda13@926f03b
01-08 06:11:05.952  1949  2214 D CoreBackPreview: Window{c8f7e69 u0 android/com.android.internal.app.ResolverActivity}: Setting back callback null
01-08 06:11:05.957 11157 11157 D ViewRootImpl: Skipping stats log for color mode
01-08 06:11:05.964  1949  2609 D BackgroundInstallControlService: Package event received: 0
01-08 06:11:05.970  2670  2670 W Choreographer: Frame time is 0.158587 ms in the future!  Check that graphics HAL is generating vsync timestamps using the correct timebase.
01-08 06:11:05.970  2925  2925 W Choreographer: Frame time is 0.101451 ms in the future!  Check that graphics HAL is generating vsync timestamps using the correct timebase.
01-08 06:11:05.970 11157 11157 W Choreographer: Frame time is 0.049993 ms in the future!  Check that graphics HAL is generating vsync timestamps using the correct timebase.
01-08 06:11:06.143  1949  2341 W AccessibilityWindowsPopulator: Windows change within in 2 frames continuously over 500 ms and notify windows changed immediately
01-08 06:11:06.273 16427 16427 D ActionModeController: Finishing action mode.
01-08 06:11:06.273 16427 16427 D ActionModeController: Handling action mode destroyed.
01-08 06:11:06.420  1437  1592 I ThermalEngine: handle_thresh_sig: SS Id SS-CPU4-SP1, Read xo_therm 36979mC
01-08 06:11:06.511 16427 16427 V RefreshTask: Provider does not support refresh and did not refresh
01-08 06:11:06.511 16427 16427 D AbstractActionHandler: Creating new directory loader for: content://com.android.externalstorage.documents/document/primary%3AAndroid%2Fdata%2Fcom.github.libretube.test.debug%2Ffiles%2Faudio
01-08 06:11:06.525 16427 16427 D AbstractActionHandler: Loader has finished for: content://com.android.externalstorage.documents/document/primary%3AAndroid%2Fdata%2Fcom.github.libretube.test.debug%2Ffiles%2Faudio
01-08 06:11:06.525 16427 16427 I Model   : Updating model with new result set.
01-08 06:11:06.525 16427 16427 D DirectoryFragment: Received model update. Loading=false
01-08 06:11:06.525 16427 16427 D DefaultSelectionTracker: Ignoring onDataSetChange. No active selection.
01-08 06:11:06.888  1949  4778 D CoreBackPreview: startBackNavigation currentTask=Task{9e3c310 #1887 type=standard A=10101:com.android.documentsui}, topRunningActivity=ActivityRecord{234048467 u0 com.android.documentsui/.files.FilesActivity t1887}, callbackInfo=OnBackInvokedCallbackInfo{mCallback=android.window.IOnBackInvokedCallback$Stub$Proxy@ea24c9c, mPriority=0, mIsAnimationCallback=false, mOverrideBehavior=0}, currentFocus=Window{80e0970 u0 com.android.documentsui/com.android.documentsui.files.FilesActivity}
01-08 06:11:06.889  2670  2706 D ShellBackPreview: Received backNavigationInfo:BackNavigationInfo{mType=TYPE_CALLBACK (4), mOnBackNavigationDone=android.os.RemoteCallback@37e83de, mOnBackInvokedCallback=android.window.IOnBackInvokedCallback$Stub$Proxy@4bff9bf, mPrepareRemoteAnimation=false, mAnimationCallback=false, mCustomizeAnimationInfo=null}
01-08 06:11:06.890  1949  4778 I InputDispatcher: Channel [Gesture Monitor] edge-swipe is stealing input gesture for device 2 from [80e0970 com.android.documentsui/com.android.documentsui.files.FilesActivity, [Gesture Monitor] swipe-up]
01-08 06:11:06.911  1264  1264 D vendor.qti.vibrator: Vibrator on for timeoutMs: 10
01-08 06:11:06.913  1264 16654 D vendor.qti.vibrator: Starting on on another thread
01-08 06:11:06.923  1264 16654 D vendor.qti.vibrator: Notifying on complete
01-08 06:11:06.926  1264  1264 D vendor.qti.vibrator: QTI Vibrator off
01-08 06:11:07.042  2670  2706 D ShellBackPreview: Finishing gesture with event action: 1
01-08 06:11:07.042  2670  2706 D ShellBackPreview: onGestureFinished() mTriggerBack == true
01-08 06:11:07.042  2670  2706 D ShellBackPreview: Trigger back without dispatching to animator.
01-08 06:11:07.043  2670  2706 D ShellBackPreview: BackAnimationController: finishBackNavigation()
01-08 06:11:07.043  1949 10524 D CoreBackPreview: onBackNavigationDone backType=4, triggerBack=true
01-08 06:11:07.046 16427 16427 D DocumentStack: Popping doc off stack.
01-08 06:11:07.048 16427 16427 D BaseActivity: Initial stack already initialised. true
01-08 06:11:07.048 16427 16427 D DirectoryFragment: Showing directory: content://com.android.externalstorage.documents/document/primary%3AAndroid%2Fdata%2Fcom.github.libretube.test.debug%2Ffiles
01-08 06:11:07.048 16427 16427 D DirectoryFragment: Creating new fragment for directory: content://com.android.externalstorage.documents/document/primary%3AAndroid%2Fdata%2Fcom.github.libretube.test.debug%2Ffiles
01-08 06:11:07.048 16427 16427 W WindowOnBackDispatcher: OnBackInvokedCallback is not enabled for the application.
01-08 06:11:07.048 16427 16427 W WindowOnBackDispatcher: Set 'android:enableOnBackInvokedCallback="true"' in the application manifest.
01-08 06:11:07.076 16427 16427 D DirectoryFragment: Received model update. Loading=false
01-08 06:11:07.076 16427 16427 D DefaultSelectionTracker: Ignoring onDataSetChange. No active selection.
01-08 06:11:07.079 16427 16427 W SelectionTracker: Setting gestureTooltypes is likely to result in unexpected behavior.
01-08 06:11:07.079 16427 16427 D AbstractActionHandler: Creating new directory loader for: content://com.android.externalstorage.documents/document/primary%3AAndroid%2Fdata%2Fcom.github.libretube.test.debug%2Ffiles
01-08 06:11:07.083 10694 10703 V ExternalStorage: Restricting access for path: /storage/emulated/0/Android/data
01-08 06:11:07.085 10694 10703 V ExternalStorage: Restricting access for path: /storage/emulated/0/Android/data
01-08 06:11:07.086 10694 10703 V ExternalStorage: Restricting access for path: /storage/emulated/0/Android/data
01-08 06:11:07.094 16427 16427 D AbstractActionHandler: Loader has finished for: content://com.android.externalstorage.documents/document/primary%3AAndroid%2Fdata%2Fcom.github.libretube.test.debug%2Ffiles
01-08 06:11:07.094 16427 16427 I Model   : Updating model with new result set.
01-08 06:11:07.094 16427 16427 D DirectoryFragment: Received model update. Loading=false
01-08 06:11:07.094 16427 16427 D DefaultSelectionTracker: Ignoring onDataSetChange. No active selection.
01-08 06:11:07.097 16427 16427 D DirectoryFragment: Received model update. Loading=false
01-08 06:11:07.097 16427 16427 D DefaultSelectionTracker: Ignoring onDataSetChange. No active selection.
01-08 06:11:07.127 16427 16427 V RefreshTask: Provider does not support refresh and did not refresh
01-08 06:11:07.127 16427 16427 D AbstractActionHandler: Creating new directory loader for: content://com.android.externalstorage.documents/document/primary%3AAndroid%2Fdata%2Fcom.github.libretube.test.debug%2Ffiles
01-08 06:11:07.132 10694 10703 V ExternalStorage: Restricting access for path: /storage/emulated/0/Android/data
01-08 06:11:07.133 10694 10703 V ExternalStorage: Restricting access for path: /storage/emulated/0/Android/data
01-08 06:11:07.135 10694 10703 V ExternalStorage: Restricting access for path: /storage/emulated/0/Android/data
01-08 06:11:07.138 16427 16427 D AbstractActionHandler: Loader has finished for: content://com.android.externalstorage.documents/document/primary%3AAndroid%2Fdata%2Fcom.github.libretube.test.debug%2Ffiles
01-08 06:11:07.138 16427 16427 I Model   : Updating model with new result set.
01-08 06:11:07.138 16427 16427 D DirectoryFragment: Received model update. Loading=false
01-08 06:11:07.138 16427 16427 D DefaultSelectionTracker: Ignoring onDataSetChange. No active selection.
01-08 06:11:07.140 16427 16427 D DirectoryFragment: Received model update. Loading=false
01-08 06:11:07.140 16427 16427 D DefaultSelectionTracker: Ignoring onDataSetChange. No active selection.
01-08 06:11:07.417  2670  2670 W FrameTracker: Missing HWUI jank callback for vsyncId: 20676276, CUJ=J<BACK_PANEL_ARROW>
01-08 06:11:07.421  1949  1949 W AccessibilityManagerService:  wait for adding window timeout: 6
01-08 06:11:07.477  1437  1592 I ThermalEngine: algo_monitor: Thresh EVT
01-08 06:11:07.487  1437  1592 I ThermalEngine: handle_thresh_sig: SS Id SS-CPU4-SP1, Read xo_therm 36979mC
01-08 06:11:07.838 16427 16427 D DocumentStack: Adding doc to stack: DocumentInfo{docId=primary:Android/data/com.github.libretube.test.debug/files/audio, userId=0, name=audio, mimeType=vnd.android.document/directory, isContainer=true, isDirectory=true, isArchive=false, isInArchive=false, isPartial=false, isVirtual=false, isDeleteSupported=true, isCreateSupported=true, isMoveSupported=true, isRenameSupported=true, isMetadataSupported=true, isBlockedFromTree=true} @ content://com.android.externalstorage.documents/document/primary%3AAndroid%2Fdata%2Fcom.github.libretube.test.debug%2Ffiles%2Faudio
01-08 06:11:07.839 16427 16427 D BaseActivity: Initial stack already initialised. true
01-08 06:11:07.839 16427 16427 D DirectoryFragment: Showing directory: content://com.android.externalstorage.documents/document/primary%3AAndroid%2Fdata%2Fcom.github.libretube.test.debug%2Ffiles%2Faudio
01-08 06:11:07.840 16427 16427 D DirectoryFragment: Creating new fragment for directory: content://com.android.externalstorage.documents/document/primary%3AAndroid%2Fdata%2Fcom.github.libretube.test.debug%2Ffiles%2Faudio
01-08 06:11:07.840 16427 16427 W WindowOnBackDispatcher: OnBackInvokedCallback is not enabled for the application.
01-08 06:11:07.840 16427 16427 W WindowOnBackDispatcher: Set 'android:enableOnBackInvokedCallback="true"' in the application manifest.
01-08 06:11:07.857 16427 16427 D DirectoryFragment: Received model update. Loading=false
01-08 06:11:07.857 16427 16427 D DefaultSelectionTracker: Ignoring onDataSetChange. No active selection.
01-08 06:11:07.860 16427 16427 W SelectionTracker: Setting gestureTooltypes is likely to result in unexpected behavior.
01-08 06:11:07.860 16427 16427 D AbstractActionHandler: Creating new directory loader for: content://com.android.externalstorage.documents/document/primary%3AAndroid%2Fdata%2Fcom.github.libretube.test.debug%2Ffiles%2Faudio
01-08 06:11:07.866 16427 16427 D AbstractActionHandler: Loader has finished for: content://com.android.externalstorage.documents/document/primary%3AAndroid%2Fdata%2Fcom.github.libretube.test.debug%2Ffiles%2Faudio
01-08 06:11:07.866 16427 16427 I Model   : Updating model with new result set.
01-08 06:11:07.866 16427 16427 D DirectoryFragment: Received model update. Loading=false
01-08 06:11:07.866 16427 16427 D DefaultSelectionTracker: Ignoring onDataSetChange. No active selection.
01-08 06:11:07.869 16427 16427 D DirectoryFragment: Received model update. Loading=false
01-08 06:11:07.869 16427 16427 D DefaultSelectionTracker: Ignoring onDataSetChange. No active selection.
01-08 06:11:07.887 16427 16427 V RefreshTask: Provider does not support refresh and did not refresh
01-08 06:11:07.887 16427 16427 D AbstractActionHandler: Creating new directory loader for: content://com.android.externalstorage.documents/document/primary%3AAndroid%2Fdata%2Fcom.github.libretube.test.debug%2Ffiles%2Faudio
01-08 06:11:07.891 16427 16427 D AbstractActionHandler: Loader has finished for: content://com.android.externalstorage.documents/document/primary%3AAndroid%2Fdata%2Fcom.github.libretube.test.debug%2Ffiles%2Faudio
01-08 06:11:07.892 16427 16427 I Model   : Updating model with new result set.
01-08 06:11:07.892 16427 16427 D DirectoryFragment: Received model update. Loading=false
01-08 06:11:07.892 16427 16427 D DefaultSelectionTracker: Ignoring onDataSetChange. No active selection.
01-08 06:11:07.893 16427 16427 D DirectoryFragment: Received model update. Loading=false
01-08 06:11:07.893 16427 16427 D DefaultSelectionTracker: Ignoring onDataSetChange. No active selection.
01-08 06:11:08.242  1949  2551 E WifiStaIfaceAidlImpl: getCachedScanData failed with service-specific exception: android.os.ServiceSpecificException:  (code 4)
01-08 06:11:08.699 16427 16427 V RefreshTask: Provider does not support refresh and did not refresh
01-08 06:11:08.700 16427 16427 D AbstractActionHandler: Creating new directory loader for: content://com.android.externalstorage.documents/document/primary%3AAndroid%2Fdata%2Fcom.github.libretube.test.debug%2Ffiles%2Faudio
01-08 06:11:08.714 16427 16427 D AbstractActionHandler: Loader has finished for: content://com.android.externalstorage.documents/document/primary%3AAndroid%2Fdata%2Fcom.github.libretube.test.debug%2Ffiles%2Faudio
01-08 06:11:08.714 16427 16427 I Model   : Updating model with new result set.
01-08 06:11:08.714 16427 16427 D DirectoryFragment: Received model update. Loading=false
01-08 06:11:08.714 16427 16427 D DefaultSelectionTracker: Ignoring onDataSetChange. No active selection.
01-08 06:11:08.973   737  3343 W libperfmgr: Slow writing to file: '/sys/class/kgsl/kgsl-3d0/devfreq/min_freq' with value: '520000000' took: 7 ms
01-08 06:11:09.428  1949  2559 D InetDiagMessage: Destroyed 0 sockets, proto=IPPROTO_TCP, family=AF_INET, states=14
01-08 06:11:09.429  1949  2559 D InetDiagMessage: Destroyed 1 sockets, proto=IPPROTO_TCP, family=AF_INET6, states=14
01-08 06:11:09.429  1949  2559 D InetDiagMessage: Destroyed live tcp sockets for uids={10228} in 4ms
01-08 06:11:09.430  1949  2559 D InetDiagMessage: Destroyed 0 sockets, proto=IPPROTO_TCP, family=AF_INET, states=14
01-08 06:11:09.430  1949  2559 D InetDiagMessage: Destroyed 0 sockets, proto=IPPROTO_TCP, family=AF_INET6, states=14
01-08 06:11:09.430  1949  2559 D InetDiagMessage: Destroyed live tcp sockets for uids={20228} in 2ms
01-08 06:11:09.434 16427 16427 V RefreshTask: Provider does not support refresh and did not refresh
01-08 06:11:09.434 16427 16427 D AbstractActionHandler: Creating new directory loader for: content://com.android.externalstorage.documents/document/primary%3AAndroid%2Fdata%2Fcom.github.libretube.test.debug%2Ffiles%2Faudio
01-08 06:11:09.450 16427 16427 D AbstractActionHandler: Loader has finished for: content://com.android.externalstorage.documents/document/primary%3AAndroid%2Fdata%2Fcom.github.libretube.test.debug%2Ffiles%2Faudio
01-08 06:11:09.450 16427 16427 I Model   : Updating model with new result set.
01-08 06:11:09.450 16427 16427 D DirectoryFragment: Received model update. Loading=false
01-08 06:11:09.450 16427 16427 D DefaultSelectionTracker: Ignoring onDataSetChange. No active selection.
01-08 06:11:05.732     0     0 I FG      : calculate_average_current: current_now_ma=378417 averaged_iavg_ma=370360
01-08 06:11:05.732     0     0 I FG      : fg_battery_soc_smooth_tracking: soc:58, last_soc:58, raw_soc:58, soc_changed:1.
01-08 06:11:05.732     0     0 I FG      : soc_monitor_work: soc:58, raw_soc:58, c:378417, s:2
01-08 06:11:11.266  1949  2551 E WifiStaIfaceAidlImpl: getCachedScanData failed with service-specific exception: android.os.ServiceSpecificException:  (code 4)
01-08 06:11:14.291  1949  2551 E WifiStaIfaceAidlImpl: getCachedScanData failed with service-specific exception: android.os.ServiceSpecificException:  (code 4)
01-08 06:11:15.471  1038 23211 I netd    : tetherGetStats() -> {[]} <2.86ms>
01-08 06:11:17.326  1949  2551 E WifiStaIfaceAidlImpl: getCachedScanData failed with service-specific exception: android.os.ServiceSpecificException:  (code 4)
01-08 06:11:15.973     0     0 I FG      : calculate_average_current: current_now_ma=245605 averaged_iavg_ma=353576
01-08 06:11:15.973     0     0 I FG      : fg_battery_soc_smooth_tracking: soc:58, last_soc:58, raw_soc:58, soc_changed:1.
01-08 06:11:15.973     0     0 I FG      : soc_monitor_work: soc:58, raw_soc:58, c:245605, s:2
01-08 06:11:20.349  1949  2551 E WifiStaIfaceAidlImpl: getCachedScanData failed with service-specific exception: android.os.ServiceSpecificException:  (code 4)
01-08 06:11:23.380  1949  2551 E WifiStaIfaceAidlImpl: getCachedScanData failed with service-specific exception: android.os.ServiceSpecificException:  (code 4)
01-08 06:11:26.401  1949  2551 E WifiStaIfaceAidlImpl: getCachedScanData failed with service-specific exception: android.os.ServiceSpecificException:  (code 4)
01-08 06:11:29.436  1949  2551 E WifiStaIfaceAidlImpl: getCachedScanData failed with service-specific exception: android.os.ServiceSpecificException:  (code 4)
01-08 06:11:26.212     0     0 I FG      : calculate_average_current: current_now_ma=154785 averaged_iavg_ma=326110
01-08 06:11:26.212     0     0 I FG      : fg_battery_soc_smooth_tracking: soc:58, last_soc:58, raw_soc:58, soc_changed:1.
01-08 06:11:26.212     0     0 I FG      : soc_monitor_work: soc:58, raw_soc:58, c:154785, s:2
01-08 06:11:30.927  1437  1591 I ThermalEngine: handle_thresh_sig: TM Id SKIN-BATTERY-MONITOR Sensor xo_therm Temp 35937
01-08 06:11:30.927  1437  1591 I ThermalEngine: TM Id 'SKIN-BATTERY-MONITOR' Sensor 'xo_therm' - alarm cleared 4 at 35.9 degC
01-08 06:11:30.928  1437  1591 I ThermalEngine: j=0 i=2 TM Id SKIN-BATTERY-MONITOR Sensor xo_therm: Action battery value 2
01-08 06:11:30.928  1437  1591 I ThermalEngine: ACTION: BATTERY - Setting battery charging mitigation to 5
01-08 06:11:30.928  1437  1591 I ThermalEngine: Mitigation:Battery:5
01-08 06:11:32.468  1949  2551 E WifiStaIfaceAidlImpl: getCachedScanData failed with service-specific exception: android.os.ServiceSpecificException:  (code 4)
01-08 06:11:35.473  1038 23211 I netd    : tetherGetStats() -> {[]} <2.51ms>
01-08 06:11:35.487  1949  2551 E WifiStaIfaceAidlImpl: getCachedScanData failed with service-specific exception: android.os.ServiceSpecificException:  (code 4)
01-08 06:11:38.507  1949  2551 E WifiStaIfaceAidlImpl: getCachedScanData failed with service-specific exception: android.os.ServiceSpecificException:  (code 4)
01-08 06:11:36.453     0     0 I FG      : calculate_average_current: current_now_ma=212890 averaged_iavg_ma=286071
01-08 06:11:36.453     0     0 I FG      : fg_battery_soc_smooth_tracking: soc:58, last_soc:58, raw_soc:58, soc_changed:1.
01-08 06:11:36.453     0     0 I FG      : soc_monitor_work: soc:58, raw_soc:58, c:212890, s:2
01-08 06:11:41.536  1949  2551 E WifiStaIfaceAidlImpl: getCachedScanData failed with service-specific exception: android.os.ServiceSpecificException:  (code 4)
01-08 06:11:42.444  5007  5012 I om.f0x1d.logfox: Background young concurrent copying GC freed 24MB AllocSpace bytes, 0(0B) LOS objects, 71% free, 10085KB/34MB, paused 316us,141us total 102.578ms
01-08 06:11:44.590  1949  2551 E WifiStaIfaceAidlImpl: getCachedScanData failed with service-specific exception: android.os.ServiceSpecificException:  (code 4)
01-08 06:11:47.617  1949  2551 E WifiStaIfaceAidlImpl: getCachedScanData failed with service-specific exception: android.os.ServiceSpecificException:  (code 4)
01-08 06:11:50.644  1949  2551 E WifiStaIfaceAidlImpl: getCachedScanData failed with service-specific exception: android.os.ServiceSpecificException:  (code 4)
01-08 06:11:46.692     0     0 I FG      : calculate_average_current: current_now_ma=144042 averaged_iavg_ma=257385
01-08 06:11:46.692     0     0 I FG      : fg_battery_soc_smooth_tracking: soc:58, last_soc:58, raw_soc:58, soc_changed:1.
01-08 06:11:46.692     0     0 I FG      : soc_monitor_work: soc:58, raw_soc:58, c:144042, s:2
01-08 06:11:53.662  1949  2551 E WifiStaIfaceAidlImpl: getCachedScanData failed with service-specific exception: android.os.ServiceSpecificException:  (code 4)
01-08 06:11:56.681  1949  2551 E WifiStaIfaceAidlImpl: getCachedScanData failed with service-specific exception: android.os.ServiceSpecificException:  (code 4)
01-08 06:11:56.772  1038 16659 I resolv  : GetAddrInfoHandler::run: {103 786535 103 983143 0 0}
01-08 06:11:56.773  1038 16660 I resolv  : res_nmkquery: (QUERY, IN, AAAA)
01-08 06:11:56.773  1038 16660 I resolv  : resolv_cache_lookup: FOUND IN CACHE entry=0x73ecb00ff0
01-08 06:11:56.773  1038 16660 I resolv  : doQuery: rcode=0, ancount=3, return value=137
01-08 06:11:56.773  1038 16661 I resolv  : res_nmkquery: (QUERY, IN, A)
01-08 06:11:56.809  1038 16661 I resolv  : res_nsend: used send_dg 120 terrno: 0
01-08 06:11:56.810  1038 16661 I resolv  : doQuery: rcode=0, ancount=0, return value=120
01-08 06:11:56.826  1038 16662 I resolv  : GetAddrInfoHandler::run: {103 786535 103 983143 0 0}
01-08 06:11:56.827  1038 16663 I resolv  : res_nmkquery: (QUERY, IN, AAAA)
01-08 06:11:56.827  1038 16663 I resolv  : resolv_cache_lookup: FOUND IN CACHE entry=0x73ecb00ff0
01-08 06:11:56.827  1038 16663 I resolv  : doQuery: rcode=0, ancount=3, return value=137
01-08 06:11:56.828  1038 16664 I resolv  : res_nmkquery: (QUERY, IN, A)
01-08 06:11:56.828  1038 16664 I resolv  : resolv_cache_lookup: FOUND IN CACHE entry=0x73ecafe530
01-08 06:11:56.828  1038 16664 I resolv  : doQuery: rcode=0, ancount=0, return value=120
01-08 06:11:57.713   737  3343 W libperfmgr: Slow writing to file: '/sys/class/kgsl/kgsl-3d0/devfreq/min_freq' with value: '520000000' took: 8 ms
01-08 06:11:59.699  1949  2551 E WifiStaIfaceAidlImpl: getCachedScanData failed with service-specific exception: android.os.ServiceSpecificException:  (code 4)
01-08 06:11:56.932     0     0 I FG      : calculate_average_current: current_now_ma=211425 averaged_iavg_ma=237548
01-08 06:11:56.932     0     0 I FG      : fg_battery_soc_smooth_tracking: soc:58, last_soc:58, raw_soc:58, soc_changed:1.
01-08 06:11:56.932     0     0 I FG      : soc_monitor_work: soc:58, raw_soc:58, c:211425, s:2
01-08 06:12:01.852  1038 23211 I netd    : setProcSysNet(4, 2, wlan0, retrans_time_ms, 750) <0.45ms>
01-08 06:12:01.854  1038 23211 I netd    : setProcSysNet(4, 2, wlan0, ucast_solicit, 10) <0.13ms>
01-08 06:12:01.855  1038 23211 I netd    : setProcSysNet(6, 2, wlan0, retrans_time_ms, 750) <0.15ms>
01-08 06:12:01.855  1038 23211 I netd    : setProcSysNet(6, 2, wlan0, ucast_solicit, 10) <0.10ms>
01-08 06:12:02.197  1949  2399 V DisplayPowerController[0]: Brightness [0.05] reason changing to: 'automatic [ dim ]', previous reason: 'automatic'.
01-08 06:12:02.198  1949  2399 I DisplayPowerController[0]: BrightnessEvent: brt=0.05 (39.0%), nits= 22.915419, lux=26.976755, reason=automatic [ dim ], strat=AutomaticBrightnessStrategy, state=ON, stateReason=DEFAULT_POLICY, policy=DIM, flags=, initBrt=0.16985261, rcmdBrt=0.16985261, preBrt=0.15408358, preLux=22.00811, wasShortTermModelActive=false, autoBrightness=true (default), unclampedBrt=0.16985261, hbmMax=1.0, hbmMode=off, thrmMax=1.0, rbcStrength=50, powerFactor=1.0, physDisp=Built-in Screen(local:4630946471422916225), logicalId=0
01-08 06:12:02.721  1949  2551 E WifiStaIfaceAidlImpl: getCachedScanData failed with service-specific exception: android.os.ServiceSpecificException:  (code 4)
01-08 06:12:04.058  1949  2551 E WifiStaIfaceAidlImpl: getCachedScanData failed with service-specific exception: android.os.ServiceSpecificException:  (code 4)
01-08 06:12:04.077  1038 23211 I netd    : tetherGetStats() -> {[]} <2.72ms>
01-08 06:12:04.191  1949  2384 E BluetoothPowerStatsCollector: Cannot acquire BluetoothActivityEnergyInfo
01-08 06:12:04.191  1949  2384 E BluetoothPowerStatsCollector: java.util.concurrent.ExecutionException: java.lang.RuntimeException: error: 9
01-08 06:12:04.191  1949  2384 E BluetoothPowerStatsCollector: 	at java.util.concurrent.CompletableFuture.reportGet(CompletableFuture.java:372)
01-08 06:12:04.191  1949  2384 E BluetoothPowerStatsCollector: 	at java.util.concurrent.CompletableFuture.get(CompletableFuture.java:2072)
01-08 06:12:04.191  1949  2384 E BluetoothPowerStatsCollector: 	at com.android.server.power.stats.BluetoothPowerStatsCollector.collectBluetoothActivityInfo(BluetoothPowerStatsCollector.java:181)
01-08 06:12:04.191  1949  2384 E BluetoothPowerStatsCollector: 	at com.android.server.power.stats.BluetoothPowerStatsCollector.collectStats(BluetoothPowerStatsCollector.java:149)
01-08 06:12:04.191  1949  2384 E BluetoothPowerStatsCollector: 	at com.android.server.power.stats.PowerStatsCollector.collectAndDeliverStats(PowerStatsCollector.java:176)
01-08 06:12:04.191  1949  2384 E BluetoothPowerStatsCollector: 	at com.android.server.power.stats.PowerStatsCollector$$ExternalSyntheticLambda0.run(R8$$SyntheticClass:0)
01-08 06:12:04.191  1949  2384 E BluetoothPowerStatsCollector: 	at android.os.Handler.handleCallback(Handler.java:991)
01-08 06:12:04.191  1949  2384 E BluetoothPowerStatsCollector: 	at android.os.Handler.dispatchMessage(Handler.java:102)
01-08 06:12:04.191  1949  2384 E BluetoothPowerStatsCollector: 	at android.os.Looper.loopOnce(Looper.java:232)
01-08 06:12:04.191  1949  2384 E BluetoothPowerStatsCollector: 	at android.os.Looper.loop(Looper.java:317)
01-08 06:12:04.191  1949  2384 E BluetoothPowerStatsCollector: 	at android.os.HandlerThread.run(HandlerThread.java:85)
01-08 06:12:04.191  1949  2384 E BluetoothPowerStatsCollector: Caused by: java.lang.RuntimeException: error: 9
01-08 06:12:04.191  1949  2384 E BluetoothPowerStatsCollector: 	at com.android.server.power.stats.BluetoothPowerStatsCollector$1.onBluetoothActivityEnergyInfoError(BluetoothPowerStatsCollector.java:170)
01-08 06:12:04.191  1949  2384 E BluetoothPowerStatsCollector: 	at android.bluetooth.BluetoothAdapter$OnBluetoothActivityEnergyInfoProxy.lambda$onError$2(BluetoothAdapter.java:1063)
01-08 06:12:04.191  1949  2384 E BluetoothPowerStatsCollector: 	at android.bluetooth.BluetoothAdapter$OnBluetoothActivityEnergyInfoProxy$$ExternalSyntheticLambda0.run(D8$$SyntheticClass:0)
01-08 06:12:04.191  1949  2384 E BluetoothPowerStatsCollector: 	at android.bluetooth.BluetoothUtils.lambda$executeFromBinder$0(BluetoothUtils.java:343)
01-08 06:12:04.191  1949  2384 E BluetoothPowerStatsCollector: 	at android.bluetooth.BluetoothUtils$$ExternalSyntheticLambda1.run(D8$$SyntheticClass:0)
01-08 06:12:04.191  1949  2384 E BluetoothPowerStatsCollector: 	at com.android.server.SystemServerInitThreadPool$$ExternalSyntheticLambda0.execute(R8$$SyntheticClass:0)
01-08 06:12:04.191  1949  2384 E BluetoothPowerStatsCollector: 	at android.bluetooth.BluetoothUtils.executeFromBinder(BluetoothUtils.java:343)
01-08 06:12:04.191  1949  2384 E BluetoothPowerStatsCollector: 	at android.bluetooth.BluetoothAdapter$OnBluetoothActivityEnergyInfoProxy.onError(BluetoothAdapter.java:1062)
01-08 06:12:04.191  1949  2384 E BluetoothPowerStatsCollector: 	at android.bluetooth.BluetoothAdapter.requestControllerActivityEnergyInfo(BluetoothAdapter.java:2769)
01-08 06:12:04.191  1949  2384 E BluetoothPowerStatsCollector: 	at com.android.server.power.stats.BatteryStatsImpl$BluetoothStatsRetrieverImpl.requestControllerActivityEnergyInfo(BatteryStatsImpl.java:401)
01-08 06:12:04.191  1949  2384 E BluetoothPowerStatsCollector: 	at com.android.server.power.stats.BluetoothPowerStatsCollector.collectBluetoothActivityInfo(BluetoothPowerStatsCollector.java:159)
01-08 06:12:04.191  1949  2384 E BluetoothPowerStatsCollector: 	... 8 more
01-08 06:12:04.283  1949  2210 I system_server: Background young concurrent copying GC freed 81MB AllocSpace bytes, 41(1224KB) LOS objects, 45% free, 79MB/145MB, paused 605us,775us total 200.448ms
01-08 06:12:05.747  1949  2551 E WifiStaIfaceAidlImpl: getCachedScanData failed with service-specific exception: android.os.ServiceSpecificException:  (code 4)
01-08 06:12:08.769  1949  2551 E WifiStaIfaceAidlImpl: getCachedScanData failed with service-specific exception: android.os.ServiceSpecificException:  (code 4)
01-08 06:12:09.190  1949  2399 I PowerGroup: Powering off display group due to timeout (groupId= 0, uid= 1000, millisSinceLastUserActivity=60001, lastUserActivityEvent=touch)...
01-08 06:12:09.192  1949  2399 I PowerManagerService: Going to sleep due to timeout (uid 1000, screenOffTimeout=60000, activityTimeoutWM=-1, maxDimRatio=0.29999995, maxDimDur=7000)...
01-08 06:12:09.196  1949  2609 D BackgroundInstallControlService: Package event received: 0
01-08 06:12:09.206  1949  2609 D BackgroundInstallControlService: Package event received: 0
01-08 06:12:09.222  1038 23211 I netd    : tetherGetStats() -> {[]} <1.71ms>
01-08 06:12:09.223  2670  2744 D KeyguardTransitionRepository: (Internal) Setting current transition info: TransitionInfo(ownerName=FromGoneTransitionInteractor(Sleep transition triggered), from=GONE, to=DOZING, animated)
01-08 06:12:09.228  1949  4778 D BiometricUtils: isEncrypted: false isLockdown: false
01-08 06:12:09.229  2670  2670 D KeyguardViewMediator: KeyguardViewMediator queue processing message: NOTIFY_STARTED_GOING_TO_SLEEP
01-08 06:12:09.236  1949  2605 D BiometricScheduler: [Added] {[963] com.android.server.biometrics.sensors.fingerprint.aidl.FingerprintAuthenticationClient, proto=3, owner=com.android.systemui, cookie=0, requestId=721, userId=0}, new queue size: 1
01-08 06:12:09.236  1949  2399 V DisplayPowerController[0]: Brightness [0.16985261] reason changing to: 'automatic', previous reason: 'automatic [ dim ]'.
01-08 06:12:09.236  1949  2605 D BiometricScheduler: [Polled] {[963] com.android.server.biometrics.sensors.fingerprint.aidl.FingerprintAuthenticationClient, proto=3, owner=com.android.systemui, cookie=0, requestId=721, userId=0}, State: 0
01-08 06:12:09.236  1949  2605 D GestureAvailabilityTracker: Notifying gesture availability, active=false
01-08 06:12:09.236  1949  2399 I DisplayPowerController[0]: BrightnessEvent: brt=0.16985261 (66.0%), nits= 72.9048, lux=26.976755, reason=automatic, strat=AutomaticBrightnessStrategy, state=ON, stateReason=DEFAULT_POLICY, policy=OFF, flags=, initBrt=0.05, rcmdBrt=0.16985261, preBrt=0.15408358, preLux=22.00811, wasShortTermModelActive=false, autoBrightness=true (default), unclampedBrt=0.16985261, hbmMax=1.0, hbmMode=off, thrmMax=1.0, rbcStrength=50, powerFactor=1.0, physDisp=Built-in Screen(local:4630946471422916225), logicalId=0
01-08 06:12:09.236  1949  2605 D BiometricScheduler: [Started] {[963] com.android.server.biometrics.sensors.fingerprint.aidl.FingerprintAuthenticationClient, proto=3, owner=com.android.systemui, cookie=0, requestId=721, userId=0}
01-08 06:12:09.236  1949  2605 D BiometricStateCallback: State updated from 0 to 2, client {[963] com.android.server.biometrics.sensors.fingerprint.aidl.FingerprintAuthenticationClient, proto=3, owner=com.android.systemui, cookie=0, requestId=721, userId=0}
01-08 06:12:09.237  1949  2605 D Biometrics/AuthenticationClient: Requesting auth for com.android.systemui
01-08 06:12:09.238  1582  1582 I [goodixHAL][gf_hal]: [gf_hal_authenticate] group_id=0
01-08 06:12:09.238  2670  3085 D BiometricStatusRepositoryImpl: authenticationState updated: Started(biometricSourceType=FINGERPRINT, requestReason=DeviceEntryAuthentication)
01-08 06:12:09.238  1582  1582 D [goodix_ca_entry]: [gx_ta_send_modified_cmd_req] begin token 2363, cmd_id=1010
01-08 06:12:09.238  2670  2670 I KeyguardTransitionRepository: STARTED transition: TransitionStep(from=GONE, to=DOZING, value=0.0, transitionState=STARTED, ownerName=FromGoneTransitionInteractor(Sleep transition triggered))
01-08 06:12:09.248  2670  2670 I vol.VolumeDialogImpl: mDialog.dismiss() reason: volume_controller from: com.android.systemui.volume.VolumeDialogImpl$9.onDismissRequested:3
01-08 06:12:09.329  1582  1582 D [goodix_ca_entry]: [gx_ta_send_modified_cmd_req] end
01-08 06:12:09.329  1582  1582 D [goodix_ca_entry]: [gf_ca_invoke_command] gx_ta_send_modified_cmd_req success
01-08 06:12:09.329  1582  1582 D [goodix_ca_entry]: [gf_ca_invoke_command] ta execution succeed
01-08 06:12:09.329  1582  1582 D android.hardware.biometrics.fingerprint-service.xiaomi: onAcquired(7, 21)
01-08 06:12:09.331  1949  2605 V BiometricSchedulerOperation: started: {[963] com.android.server.biometrics.sensors.fingerprint.aidl.FingerprintAuthenticationClient, proto=3, owner=com.android.systemui, cookie=0, requestId=721, userId=0}, State: 2
01-08 06:12:09.655  1949  2399 I DisplayPowerController[0]: Blocking screen off
01-08 06:12:09.656  1949  2399 I DisplayPowerController[0]: Unblocked screen off after 1 ms
01-08 06:12:09.660  1949  2384 E KernelWakelockReader: neither /proc/wakelocks nor /d/wakeup_sources exists
01-08 06:12:09.661  1949  2384 W BatteryStatsImpl: Couldn't get kernel wake lock stats
01-08 06:12:05.644     0     0 I backlight: backlight_device_set_brightness: set brightness to 0
01-08 06:12:09.670  1949  2399 D WindowManager: Create SleepToken: tag=Display-off, displayId=0
01-08 06:12:09.670  1949  2399 D ActivityTaskManager: Top Process State changed to PROCESS_STATE_TOP_SLEEPING
01-08 06:12:05.660     0     0 W healthd : battery l=58 v=3886 t=34.0 h=2 st=3 c=114746 fc=3159000 cc=246 chg=
01-08 06:12:09.675  1218  1218 I sensors-hal: activate:147, android.sensor.device_orientation/35 en=0
01-08 06:12:09.677  1218  1218 E sensors-hal: ~worker:70, pthread_join iRet = 0
01-08 06:12:09.677  1218  1218 I sensors-hal: activate:158, android.sensor.device_orientation/35 en=0 completed
01-08 06:12:09.678  2670  2670 D CentralSurfaces: !shouldBeKeyguard mStatusBarStateController.isKeyguardRequested() false keyguardForDozing false wakeAndUnlocking false isWakingAndOccluded false
01-08 06:12:09.678  2670  2670 D CentralSurfaces: hideKeyguardImpl false
01-08 06:12:09.678  1949  2609 D BackgroundInstallControlService: Package event received: 0
01-08 06:12:09.681  2881  2881 D QtiCarrierConfigHelper: WARNING, no carrier configs on phone Id: 0
01-08 06:12:09.682  1218  1218 I sensors-hal: batch:180, android.sensor.light/47, period=200000000, max_latency=0
01-08 06:12:09.682  1218  1218 I sensors-hal: batch:189, android.sensor.light/47, period=200000000, max_latency=0 request completed
01-08 06:12:09.683  1949  2399 I DisplayBrightnessStrategySelector: Changing the DisplayBrightnessStrategy from AutomaticBrightnessStrategy to ScreenOffBrightnessStrategy for display 0
01-08 06:12:09.685 16427 16427 D VRI[FilesActivity]: visibilityChanged oldVisibility=true newVisibility=false
01-08 06:12:09.686  1949  2399 V DisplayPowerController[0]: Brightness [0.0] reason changing to: 'screen_off', previous reason: 'automatic'.
01-08 06:12:09.686  1949  2399 I DisplayPowerController[0]: BrightnessEvent: brt=0.0 (0.0%), nits= 2.2, lux=-1.0, reason=screen_off, strat=ScreenOffBrightnessStrategy, state=OFF, stateReason=DEFAULT_POLICY, policy=OFF, flags=, initBrt=0.16985261, rcmdBrt=NaN, preBrt=NaN, preLux=0.0, wasShortTermModelActive=false, autoBrightness=true (default), unclampedBrt=-1.0, hbmMax=1.0, hbmMode=off, thrmMax=1.0, rbcStrength=50, powerFactor=1.0, physDisp=Built-in Screen(local:4630946471422916225), logicalId=0
01-08 06:12:09.687  1283  1283 D SurfaceFlinger: Setting power mode 0 on display 4630946471422916225
01-08 06:12:09.687  1210  1210 I SDM     : DisplayBase::SetDisplayState: Set state = 0, display 26-0
01-08 06:12:09.692  1949  2341 I DisplayDeviceRepository: Display device changed state: "Built-in Screen", OFF
01-08 06:12:09.693  1949  2399 D BrightnessThermalClamper: Thermal status observer already started
01-08 06:12:09.694  1949  2341 I InputManager-JNI: Viewport [0] to add: local:4630946471422916225, isActive: false
01-08 06:12:09.694  1949  2521 I InputReader: Reconfiguring input devices, changes=DISPLAY_INFO
01-08 06:12:09.695  1949  2521 I InputReader: Disabling fts_ts (device 2) because the associated viewport is not active
01-08 06:12:09.695  1949  2521 I InputReader: Device reconfigured: id=2, name='fts_ts', size 1080x2246, orientation Rotation0, mode DISABLED, display id 0
01-08 06:12:09.696  1949  2339 W SurfaceControl: Invalid layer stack -1
01-08 06:12:09.696  1949  2339 I DisplayDevice: [0] Layerstack set to -1 for local:4630946471422916225
01-08 06:12:09.698  1197 32173 D audio_hw_primary: adev_set_parameters: enter: screen_state=off
01-08 06:12:09.698  1197 32173 V msm8974_platform: platform_set_parameters: enter: screen_state=off
01-08 06:12:09.698  1197 32173 D audio_hw_hfp: hfp_set_parameters: enter
01-08 06:12:09.698  1197 32173 E sound_trigger_hw: sound_trigger_hw_call_back: NULL config for AUDIO_EVENT_GET_PARAM
01-08 06:12:09.698  1197 32173 D audio_hw_hfp: hfp_set_parameters: enter
01-08 06:12:09.698  1197 32173 D audio_hw_extn: audio_extn_fm_set_parameters: Enter
01-08 06:12:09.698  1197 32173 D audio_hw_hfp: hfp_set_parameters: enter
01-08 06:12:09.698  1197 32173 V ultrasound_extn: ultrasound_extn_set_parameters: enter
01-08 06:12:09.698  1197 32173 V ultrasound_extn: ultrasound_handle_screen_on_message: enter
01-08 06:12:09.698  1197 32173 V ultrasound_extn: ultrasound_handle_screen_on_message: exit
01-08 06:12:09.698  1197 32173 V ultrasound_extn: ultrasound_handle_sensor_fusion_message: enter
01-08 06:12:09.698  1197 32173 V ultrasound_extn: ultrasound_handle_sensor_fusion_message: exit
01-08 06:12:09.698  1197 32173 V ultrasound_extn: ultrasound_extn_set_parameters: usecase handling parms:screen_state=off
01-08 06:12:09.708  1218  1218 I sensors-hal: activate:147, android.sensor.light/47 en=0
01-08 06:12:09.709  1218  1218 E sensors-hal: ~worker:70, pthread_join iRet = 0
01-08 06:12:09.709  1218  1218 I sensors-hal: activate:158, android.sensor.light/47 en=0 completed
01-08 06:12:09.721  1949  2609 D BackgroundInstallControlService: Package event received: 0
01-08 06:12:09.790  1582  1734 I [goodixHAL][gf_hal]: [gf_hal_screen_off]
01-08 06:12:09.791  1437  1515 I ThermalEngine: ACTION: BATTERY - Setting battery charging mitigation to 4
01-08 06:12:09.791  1437  1515 I ThermalEngine: Mitigation:Battery:4
01-08 06:12:09.792  1210  1210 I SDM     : HWCSession::HandleConcurrency: sec_builtin_active 0
01-08 06:12:09.792  1283  1283 D SurfaceFlinger: Finished setting power mode 0 on display 4630946471422916225
01-08 06:12:09.793  1949  2631 D SurfaceControl: Excessive delay in setPowerMode()
01-08 06:12:05.777     0     0 W thermal_sys: screen_state_for_thermal_callback: DRM_BLANK_POWERDOWN
01-08 06:12:05.777     0     0 I [FTS]fts_ts_suspend: Enter
01-08 06:12:05.777     0     0 I [FTS]fts_irq_disable_sync: Enter
01-08 06:12:05.777     0     0 I [FTS]fts_irq_disable_sync: Exit(328)
01-08 06:12:05.777     0     0 I [FTS]fts_release_all_finger: Enter
01-08 06:12:05.777     0     0 I [FTS]fts_release_all_finger: Exit(639)
01-08 06:12:05.777     0     0 I         : [FTS][Info]gesture suspend...
01-08 06:12:05.778     0     0 E i2c_geni a98000.i2c: GSI QN err:0x0, status:0x3ec, err:2
01-08 06:12:09.795  1949  2399 D BrightnessThermalClamper: Thermal status observer already started
01-08 06:12:09.796  1197 32173 D audio_hw_primary: adev_set_parameters: enter: screen_state=off
01-08 06:12:09.796  1197 32173 V msm8974_platform: platform_set_parameters: enter: screen_state=off
01-08 06:12:05.778     0     0 E i2c_geni a98000.i2c: GSI QN err:0x0, status:0x3ec, err:2
01-08 06:12:09.796  1197 32173 D audio_hw_hfp: hfp_set_parameters: enter
01-08 06:12:09.796  1197 32173 E sound_trigger_hw: sound_trigger_hw_call_back: NULL config for AUDIO_EVENT_GET_PARAM
01-08 06:12:09.796  1197 32173 D audio_hw_hfp: hfp_set_parameters: enter
01-08 06:12:09.796  1197 32173 D audio_hw_extn: audio_extn_fm_set_parameters: Enter
01-08 06:12:09.796  1197 32173 D audio_hw_hfp: hfp_set_parameters: enter
01-08 06:12:09.796  1197 32173 V ultrasound_extn: ultrasound_extn_set_parameters: enter
01-08 06:12:09.796  1197 32173 V ultrasound_extn: ultrasound_handle_screen_on_message: enter
01-08 06:12:09.796  1197 32173 V ultrasound_extn: ultrasound_handle_screen_on_message: exit
01-08 06:12:09.796  1197 32173 V ultrasound_extn: ultrasound_handle_sensor_fusion_message: enter
01-08 06:12:09.796  1949  2399 I DreamManagerService: Entering dreamland.
01-08 06:12:09.796  1197 32173 V ultrasound_extn: ultrasound_handle_sensor_fusion_message: exit
01-08 06:12:09.796  1197 32173 V ultrasound_extn: ultrasound_extn_set_parameters: usecase handling parms:screen_state=off
01-08 06:12:09.798  1949  2399 I PowerManagerService: Dozing...
01-08 06:12:09.803  1949  2338 I DreamController: Starting dream: name=ComponentInfo{com.android.systemui/com.android.systemui.doze.DozeService}, isPreviewMode=false, canDoze=true, userId=0, reason='power manager request'
01-08 06:12:09.807  2670  2670 I vol.VolumeDialogImpl: mDialog.dismiss() reason: volume_controller from: com.android.systemui.volume.VolumeDialogImpl$9.onDismissRequested:3
01-08 06:12:09.809  1949  2609 D BackgroundInstallControlService: Package event received: 0
01-08 06:12:05.778     0     0 E [FTS][Error]fts_i2c_write: i2c_transfer(write) error, ret=-107
01-08 06:12:05.779     0     0 E i2c_geni a98000.i2c: GSI QN err:0x0, status:0x3ec, err:2
01-08 06:12:05.779     0     0 E i2c_geni a98000.i2c: GSI QN err:0x0, status:0x3ec, err:2
01-08 06:12:05.779     0     0 E [FTS][Error]fts_i2c_write: i2c_transfer(write) error, ret=-107
01-08 06:12:05.779     0     0 E i2c_geni a98000.i2c: GSI QN err:0x0, status:0x3ec, err:2
01-08 06:12:05.779     0     0 E i2c_geni a98000.i2c: GSI QN err:0x0, status:0x3ec, err:2
01-08 06:12:05.779     0     0 E [FTS][Error]fts_i2c_write: i2c_transfer(write) error, ret=-107
01-08 06:12:05.779     0     0 E i2c_geni a98000.i2c: GSI QN err:0x0, status:0x3ec, err:2
01-08 06:12:05.779     0     0 E i2c_geni a98000.i2c: GSI QN err:0x0, status:0x3ec, err:2
01-08 06:12:05.780     0     0 E [FTS][Error]fts_i2c_write: i2c_transfer(write) error, ret=-107
01-08 06:12:05.780     0     0 E i2c_geni a98000.i2c: GSI QN err:0x0, status:0x3ec, err:2
01-08 06:12:05.780     0     0 E i2c_geni a98000.i2c: GSI QN err:0x0, status:0x3ec, err:2
01-08 06:12:05.780     0     0 E [FTS][Error]fts_i2c_write: i2c_transfer(write) error, ret=-107
01-08 06:12:05.780     0     0 E i2c_geni a98000.i2c: GSI QN err:0x0, status:0x3ec, err:2
01-08 06:12:05.780     0     0 E i2c_geni a98000.i2c: GSI QN err:0x0, status:0x3ec, err:2
01-08 06:12:05.781     0     0 E [FTS][Error]fts_i2c_write: i2c_transfer(write) error, ret=-107
01-08 06:12:05.782     0     0 E i2c_geni a98000.i2c: GSI QN err:0x0, status:0x3ec, err:2
01-08 06:12:05.782     0     0 E i2c_geni a98000.i2c: GSI QN err:0x0, status:0x3ec, err:2
01-08 06:12:05.782     0     0 E [FTS][Error]fts_i2c_write: i2c_transfer(write) error, ret=-107
01-08 06:12:05.782     0     0 E i2c_geni a98000.i2c: GSI QN err:0x0, status:0x3ec, err:2
01-08 06:12:05.782     0     0 E i2c_geni a98000.i2c: GSI QN err:0x0, status:0x3ec, err:2
01-08 06:12:05.784     0     0 E [FTS][Error]fts_i2c_write: i2c_transfer(write) error, ret=-107
01-08 06:12:05.784     0     0 E i2c_geni a98000.i2c: GSI QN err:0x0, status:0x3ec, err:2
01-08 06:12:05.784     0     0 E i2c_geni a98000.i2c: GSI QN err:0x0, status:0x3ec, err:2
01-08 06:12:05.784     0     0 E [FTS][Error]fts_i2c_write: i2c_transfer(write) error, ret=-107
01-08 06:12:05.784     0     0 E i2c_geni a98000.i2c: GSI QN err:0x0, status:0x3ec, err:2
01-08 06:12:05.784     0     0 E i2c_geni a98000.i2c: GSI QN err:0x0, status:0x3ec, err:2
01-08 06:12:05.785     0     0 E [FTS][Error]fts_i2c_write: i2c_transfer(write) error, ret=-107
01-08 06:12:05.785     0     0 E i2c_geni a98000.i2c: GSI QN err:0x0, status:0x3ec, err:2
01-08 06:12:05.785     0     0 E i2c_geni a98000.i2c: GSI QN err:0x0, status:0x3ec, err:2
01-08 06:12:05.786     0     0 E [FTS][Error]fts_i2c_write: i2c_transfer(write) error, ret=-107
01-08 06:12:05.786     0     0 E i2c_geni a98000.i2c: GSI QN err:0x0, status:0x3ec, err:2
01-08 06:12:05.786     0     0 E i2c_geni a98000.i2c: GSI QN err:0x0, status:0x3ec, err:2
01-08 06:12:05.787     0     0 E [FTS][Error]fts_i2c_write: i2c_transfer(write) error, ret=-107
01-08 06:12:05.787     0     0 E i2c_geni a98000.i2c: GSI QN err:0x0, status:0x3ec, err:2
01-08 06:12:05.787     0     0 E i2c_geni a98000.i2c: GSI QN err:0x0, status:0x3ec, err:2
01-08 06:12:05.787     0     0 E [FTS][Error]fts_i2c_write: i2c_transfer(write) error, ret=-107
01-08 06:12:05.787     0     0 E i2c_geni a98000.i2c: GSI QN err:0x0, status:0x3ec, err:2
01-08 06:12:05.787     0     0 E i2c_geni a98000.i2c: GSI QN err:0x0, status:0x3ec, err:2
01-08 06:12:05.788     0     0 E [FTS][Error]fts_i2c_write: i2c_transfer(write) error, ret=-107
01-08 06:12:05.788     0     0 E i2c_geni a98000.i2c: GSI QN err:0x0, status:0x3ec, err:2
01-08 06:12:05.788     0     0 E i2c_geni a98000.i2c: GSI QN err:0x0, status:0x3ec, err:2
01-08 06:12:05.788     0     0 E [FTS][Error]fts_i2c_write: i2c_transfer(write) error, ret=-107
01-08 06:12:05.788     0     0 E i2c_geni a98000.i2c: GSI QN err:0x0, status:0x3ec, err:2
01-08 06:12:05.788     0     0 E i2c_geni a98000.i2c: GSI QN err:0x0, status:0x3ec, err:2
01-08 06:12:05.789     0     0 E [FTS][Error]fts_i2c_write: i2c_transfer(write) error, ret=-107
01-08 06:12:05.789     0     0 E i2c_geni a98000.i2c: GSI QN err:0x0, status:0x3ec, err:2
01-08 06:12:05.789     0     0 E i2c_geni a98000.i2c: GSI QN err:0x0, status:0x3ec, err:2
01-08 06:12:05.790     0     0 E [FTS][Error]fts_i2c_write: i2c_transfer(write) error, ret=-107
01-08 06:12:05.790     0     0 E i2c_geni a98000.i2c: GSI QN err:0x0, status:0x3ec, err:2
01-08 06:12:05.790     0     0 E i2c_geni a98000.i2c: GSI QN err:0x0, status:0x3ec, err:2
01-08 06:12:05.790     0     0 E [FTS][Error]fts_i2c_write: i2c_transfer(write) error, ret=-107
01-08 06:12:05.790     0     0 E i2c_geni a98000.i2c: GSI QN err:0x0, status:0x3ec, err:2
01-08 06:12:05.790     0     0 E i2c_geni a98000.i2c: GSI QN err:0x0, status:0x3ec, err:2
01-08 06:12:05.791     0     0 E [FTS][Error]fts_i2c_write: i2c_transfer(write) error, ret=-107
01-08 06:12:05.791     0     0 E i2c_geni a98000.i2c: GSI QN err:0x0, status:0x3ec, err:2
01-08 06:12:05.791     0     0 E i2c_geni a98000.i2c: GSI QN err:0x0, status:0x3ec, err:2
01-08 06:12:05.792     0     0 E [FTS][Error]fts_i2c_write: i2c_transfer(write) error, ret=-107
01-08 06:12:05.792     0     0 E i2c_geni a98000.i2c: GSI QN err:0x0, status:0x3ec, err:2
01-08 06:12:05.792     0     0 E i2c_geni a98000.i2c: GSI QN err:0x0, status:0x3ec, err:2
01-08 06:12:05.793     0     0 E [FTS][Error]fts_i2c_write: i2c_transfer(write) error, ret=-107
01-08 06:12:09.822  2670  2670 D SbStateController: setState: requested state KEYGUARD!= upcomingState: SHADE. This usually means the status bar state transition was interrupted before the upcoming state could be applied.
01-08 06:12:09.826  2670  2763 D KeyguardViewMediator: updateActivityLockScreenState(false, true, setDozing)
01-08 06:12:09.827  1949  6311 D WindowManager: Create SleepToken: tag=keyguard, displayId=0
01-08 06:12:05.813     0     0 E i2c_geni a98000.i2c: GSI QN err:0x0, status:0x3ec, err:2
01-08 06:12:05.813     0     0 E i2c_geni a98000.i2c: GSI QN err:0x0, status:0x3ec, err:2
01-08 06:12:05.814     0     0 E [FTS][Error][IIC]: i2c_transfer(write) error, ret=-107!!
01-08 06:12:05.814     0     0 E i2c_geni a98000.i2c: GSI QN err:0x0, status:0x3ec, err:2
01-08 06:12:05.814     0     0 E i2c_geni a98000.i2c: GSI QN err:0x0, status:0x3ec, err:2
01-08 06:12:05.814     0     0 E [FTS][Error][IIC]: i2c_transfer(write) error, ret=-107!!
01-08 06:12:05.814     0     0 E i2c_geni a98000.i2c: GSI QN err:0x0, status:0x3ec, err:2
01-08 06:12:05.814     0     0 E i2c_geni a98000.i2c: GSI QN err:0x0, status:0x3ec, err:2
01-08 06:12:05.815     0     0 E [FTS][Error][IIC]: i2c_transfer(write) error, ret=-107!!
01-08 06:12:05.815     0     0 E i2c_geni a98000.i2c: GSI QN err:0x0, status:0x3ec, err:2
01-08 06:12:05.815     0     0 E i2c_geni a98000.i2c: GSI QN err:0x0, status:0x3ec, err:2
01-08 06:12:05.816     0     0 E [FTS][Error]fts_i2c_write: i2c_transfer(write) error, ret=-107
01-08 06:12:05.816     0     0 E i2c_geni a98000.i2c: GSI QN err:0x0, status:0x3ec, err:2
01-08 06:12:05.816     0     0 E i2c_geni a98000.i2c: GSI QN err:0x0, status:0x3ec, err:2
01-08 06:12:05.816     0     0 E [FTS][Error]fts_i2c_write: i2c_transfer(write) error, ret=-107
01-08 06:12:05.816     0     0 E i2c_geni a98000.i2c: GSI QN err:0x0, status:0x3ec, err:2
01-08 06:12:05.816     0     0 E i2c_geni a98000.i2c: GSI QN err:0x0, status:0x3ec, err:2
01-08 06:12:05.817     0     0 E [FTS][Error]fts_i2c_write: i2c_transfer(write) error, ret=-107
01-08 06:12:05.817     0     0 E i2c_geni a98000.i2c: GSI QN err:0x0, status:0x3ec, err:2
01-08 06:12:05.817     0     0 E i2c_geni a98000.i2c: GSI QN err:0x0, status:0x3ec, err:2
01-08 06:12:05.818     0     0 E [FTS][Error]fts_i2c_write: i2c_transfer(write) error, ret=-107
01-08 06:12:09.833  2670  2670 D InsetsController: Setting requestedVisibleTypes to -11 (was -9)
01-08 06:12:05.818     0     0 E i2c_geni a98000.i2c: GSI QN err:0x0, status:0x3ec, err:2
01-08 06:12:05.818     0     0 E i2c_geni a98000.i2c: GSI QN err:0x0, status:0x3ec, err:2
01-08 06:12:05.818     0     0 E [FTS][Error]fts_i2c_write: i2c_transfer(write) error, ret=-107
01-08 06:12:05.818     0     0 E i2c_geni a98000.i2c: GSI QN err:0x0, status:0x3ec, err:2
01-08 06:12:05.818     0     0 E i2c_geni a98000.i2c: GSI QN err:0x0, status:0x3ec, err:2
01-08 06:12:05.819     0     0 E [FTS][Error]fts_i2c_write: i2c_transfer(write) error, ret=-107
01-08 06:12:05.819     0     0 E i2c_geni a98000.i2c: GSI QN err:0x0, status:0x3ec, err:2
01-08 06:12:05.819     0     0 E i2c_geni a98000.i2c: GSI QN err:0x0, status:0x3ec, err:2
01-08 06:12:05.819     0     0 E [FTS][Error]fts_i2c_write: i2c_transfer(write) error, ret=-107
