01-08 14:54:09.977  7135  7206 D DownloadManager: Skipping duplicate video: euFIpFwc-LE
01-08 14:54:09.977  7135  7188 D DownloadManager: Skipping duplicate video: 9LGXqR-Pj_M
01-08 14:54:09.978  7135  7211 D DownloadManager: Skipping duplicate video: AvKRqXpkmjM
01-08 14:54:09.980  7135  7155 D DownloadManager: Skipping duplicate video: DObppxCR9nU
01-08 14:54:09.981  7135  7155 D DownloadManager: Skipping duplicate video: 82wUgYO-PYI
01-08 14:54:09.981  7135  7155 D DownloadManager: Skipping duplicate video: w2WuXrZuSlQ
01-08 14:54:09.982  7135  7188 D DownloadManager: Skipping duplicate video: yf0tkY30-ps
01-08 14:54:09.982  7135  7188 D DownloadManager: Skipping duplicate video: iYmh2jIR0Ms
01-08 14:54:09.985  7135  7210 D DownloadManager: Skipping duplicate video: 9oU75QMKBCA
01-08 14:54:09.985  7135  7191 D DownloadManager: Skipping duplicate video: odqW8N2MvR0
01-08 14:54:09.986  7135  7206 D DownloadManager: Skipping duplicate video: kVPoS5TfXIo
01-08 14:54:09.986  7135  7206 D DownloadManager: Skipping duplicate video: ePLFu5KUfh0
01-08 14:54:09.988  7135  7206 D DownloadManager: Skipping duplicate video: TrHamrvg6dA
01-08 14:54:09.990  7135  7206 D DownloadManager: Skipping duplicate video: N2gjtl8TXPY
01-08 14:54:09.991  7135  7206 D DownloadManager: Skipping duplicate video: LWwfCuCEupc
01-08 14:54:09.992  7135  7195 D DownloadManager: Skipping duplicate video: fFZUDAAazGc
01-08 14:54:09.992  7135  7195 D DownloadManager: Skipping duplicate video: FJwZZbjEAz0
01-08 14:54:09.993  7135  7155 D DownloadManager: Skipping duplicate video: C6NPjFS-gBg
01-08 14:54:09.996  7135  7206 D DownloadManager: Skipping duplicate video: aMaWMAnNyyM
01-08 14:54:09.996  7135  7258 D DownloadManager: Skipping duplicate video: i0zxXxi1sxE
01-08 14:54:09.997  7135  7206 D DownloadManager: Skipping duplicate video: YRxDfxXARkA
01-08 14:54:09.998  7135  7258 D DownloadManager: Skipping duplicate video: jiZF0pvS404
01-08 14:54:09.998  7135  7258 D DownloadManager: Skipping duplicate video: 3aGSN7bBU4w
01-08 14:54:10.001  7135  7155 D DownloadManager: Skipping duplicate video: GGE7I99eRAI
01-08 14:54:10.002  7135  7182 D DownloadManager: Skipping duplicate video: Pgxf4jBBdjs
01-08 14:54:10.002  7135  7155 D DownloadManager: Skipping duplicate video: 0oTmkoV1mh8
01-08 14:54:10.003  7135  7155 D DownloadManager: Skipping duplicate video: imlc3K1JGXc
01-08 14:54:10.003  7135  7153 D DownloadManager: Skipping duplicate video: fwNHVQSwafA
01-08 14:54:10.006  7135  7256 D DownloadManager: Skipping duplicate video: sJOJtq-nJIQ
01-08 14:54:10.006  7135  7256 D DownloadManager: Skipping duplicate video: 8PbHb8XHyaE
01-08 14:54:10.007  7135  7191 D DownloadManager: Skipping duplicate video: LjMmP_GbUPI
01-08 14:54:10.008  7135  7256 D DownloadManager: Skipping duplicate video: ihJb5AVFNMg
01-08 14:54:10.009  7135  7256 D DownloadManager: Skipping duplicate video: IA48BbLbF2s
01-08 14:54:10.011  7135  7188 D DownloadManager: Skipping duplicate video: 10rOyamaCUk
01-08 14:54:10.013  7135  7184 D DownloadManager: Skipping duplicate video: naSi16mUb_o
01-08 14:54:10.013  7135  7210 D DownloadManager: Skipping duplicate video: aIYsaBz9LXY
01-08 14:54:10.014  7135  7195 D DownloadManager: Skipping duplicate video: UszlmBVy5-o
01-08 14:54:10.015  7135  7210 D DownloadManager: Skipping duplicate video: hBdORDPnkog
01-08 14:54:10.016  7135  7211 D DownloadManager: Skipping duplicate video: C-9GPYgT4nM
01-08 14:54:10.017  7135  7210 D DownloadManager: Skipping duplicate video: xjD1aKhTzsM
01-08 14:54:10.018  7135  7211 D DownloadManager: Skipping duplicate video: P5y0Pkx6PKw
01-08 14:54:10.019  7135  7210 D DownloadManager: Skipping duplicate video: mjxTseV37dk
01-08 14:54:10.019  7135  7210 D DownloadManager: Skipping duplicate video: kobKufTT53s
01-08 14:54:10.021  7135  7211 D DownloadManager: Skipping duplicate video: 1qPWYfF2FuY
01-08 14:54:10.022  7135  7210 D DownloadManager: Skipping duplicate video: 1ayqgeAttAQ
01-08 14:54:10.023  7135  7210 D DownloadManager: Skipping duplicate video: BeQEafpIJus
01-08 14:54:10.023  7135  7210 D DownloadManager: Skipping duplicate video: iFWNUYto7Fs
01-08 14:54:10.024  7135  7154 D DownloadManager: Skipping duplicate video: 7paOl7lJAmg
01-08 14:54:10.027  7135  7188 D DownloadManager: Skipping duplicate video: kmaUlw4RoEw
01-08 14:54:10.027  7135  7188 D DownloadManager: Skipping duplicate video: xzZmMZQO8tI
01-08 14:54:10.028  7135  7188 D DownloadManager: Skipping duplicate video: ufyzsloS248
01-08 14:54:10.029  7135  7154 D DownloadManager: Skipping duplicate video: rYiLbNZjwPQ
01-08 14:54:10.030  7135  7154 D DownloadManager: Skipping duplicate video: EvWkv0Gxnqc
01-08 14:54:10.032  7135  7191 D DownloadManager: Skipping duplicate video: uZFy1T9m0dQ
01-08 14:54:10.033  7135  7188 D DownloadManager: Skipping duplicate video: PUPlcCVTL6Y
01-08 14:54:10.033  7135  7191 D DownloadManager: Skipping duplicate video: tuKJ565qxd8
01-08 14:54:10.034  7135  7154 D DownloadManager: Skipping duplicate video: O5VcudOfKcM
01-08 14:54:10.034  7135  7191 D DownloadManager: Skipping duplicate video: HNsVVaa4EvA
01-08 14:54:10.037  7135  7153 D DownloadManager: Skipping duplicate video: lV43CTNSVD4
01-08 14:54:10.037  7135  7191 D DownloadManager: Skipping duplicate video: K8C7cqMKB9Q
01-08 14:54:10.038  7135  7182 D DownloadManager: Skipping duplicate video: cjeetK3Q84Q
01-08 14:54:10.038  7135  7153 D DownloadManager: Skipping duplicate video: OO527A-kupU
01-08 14:54:10.039  7135  7153 D DownloadManager: Skipping duplicate video: 1qbG0LIKdIg
01-08 14:54:10.041  7135  7154 D DownloadManager: Skipping duplicate video: mDpcZGjf5b8
01-08 14:54:10.042  7135  7256 D DownloadManager: Skipping duplicate video: Uxdynpsv-xk
01-08 14:54:10.044  7135  7184 D DownloadManager: Skipping duplicate video: WyHBjEizbgQ
01-08 14:54:10.045  7135  7184 D DownloadManager: Skipping duplicate video: bZRVr3v7nSU
01-08 14:54:13.207  7135  7211 E DownloadManager: Failed to enlist video fOFD1qJGXok after 3 attempts
01-08 14:54:13.207  7135  7211 E DownloadManager: org.schabi.newpipe.extractor.exceptions.ContentNotAvailableException: This video is not available
01-08 14:54:13.207  7135  7211 E DownloadManager: 	at org.schabi.newpipe.extractor.services.youtube.extractors.YoutubeStreamExtractor.checkPlayabilityStatus(YoutubeStreamExtractor.java:929)
01-08 14:54:13.207  7135  7211 E DownloadManager: 	at org.schabi.newpipe.extractor.services.youtube.extractors.YoutubeStreamExtractor.fetchHtml5Client(YoutubeStreamExtractor.java:977)
01-08 14:54:13.207  7135  7211 E DownloadManager: 	at org.schabi.newpipe.extractor.services.youtube.extractors.YoutubeStreamExtractor.onFetchPage(YoutubeStreamExtractor.java:858)
01-08 14:54:13.207  7135  7211 E DownloadManager: 	at org.schabi.newpipe.extractor.Extractor.fetchPage(Extractor.java:60)
01-08 14:54:13.207  7135  7211 E DownloadManager: 	at org.schabi.newpipe.extractor.stream.StreamInfo.getInfo(StreamInfo.java:77)
01-08 14:54:13.207  7135  7211 E DownloadManager: 	at org.schabi.newpipe.extractor.stream.StreamInfo.getInfo(StreamInfo.java:72)
01-08 14:54:13.207  7135  7211 E DownloadManager: 	at org.schabi.newpipe.extractor.stream.StreamInfo.getInfo(StreamInfo.java:67)
01-08 14:54:13.207  7135  7211 E DownloadManager: 	at com.github.libretube.test.api.NewPipeMediaServiceRepository$getStreams$2$respAsync$1.invokeSuspend(NewPipeMediaServiceRepository.kt:286)
01-08 14:54:13.207  7135  7211 E DownloadManager: 	at kotlin.coroutines.jvm.internal.BaseContinuationImpl.resumeWith(ContinuationImpl.kt:33)
01-08 14:54:13.207  7135  7211 E DownloadManager: 	at kotlinx.coroutines.DispatchedTask.run(DispatchedTask.kt:101)
01-08 14:54:13.207  7135  7211 E DownloadManager: 	at kotlinx.coroutines.internal.LimitedDispatcher$Worker.run(LimitedDispatcher.kt:113)
01-08 14:54:13.207  7135  7211 E DownloadManager: 	at kotlinx.coroutines.scheduling.TaskImpl.run(Tasks.kt:89)
01-08 14:54:13.207  7135  7211 E DownloadManager: 	at kotlinx.coroutines.scheduling.CoroutineScheduler.runSafely(CoroutineScheduler.kt:589)
01-08 14:54:13.207  7135  7211 E DownloadManager: 	at kotlinx.coroutines.scheduling.CoroutineScheduler$Worker.executeTask(CoroutineScheduler.kt:823)
01-08 14:54:13.207  7135  7211 E DownloadManager: 	at kotlinx.coroutines.scheduling.CoroutineScheduler$Worker.runWorker(CoroutineScheduler.kt:720)
01-08 14:54:13.207  7135  7211 E DownloadManager: 	at kotlinx.coroutines.scheduling.CoroutineScheduler$Worker.run(CoroutineScheduler.kt:707)
01-08 14:54:13.252  7135  7210 E DownloadManager: Failed to enlist video KWW7L4W7me8 after 3 attempts
01-08 14:54:13.252  7135  7210 E DownloadManager: org.schabi.newpipe.extractor.exceptions.ContentNotAvailableException: This video is not available
01-08 14:54:13.252  7135  7210 E DownloadManager: 	at org.schabi.newpipe.extractor.services.youtube.extractors.YoutubeStreamExtractor.checkPlayabilityStatus(YoutubeStreamExtractor.java:929)
01-08 14:54:13.252  7135  7210 E DownloadManager: 	at org.schabi.newpipe.extractor.services.youtube.extractors.YoutubeStreamExtractor.fetchHtml5Client(YoutubeStreamExtractor.java:977)
01-08 14:54:13.252  7135  7210 E DownloadManager: 	at org.schabi.newpipe.extractor.services.youtube.extractors.YoutubeStreamExtractor.onFetchPage(YoutubeStreamExtractor.java:858)
01-08 14:54:13.252  7135  7210 E DownloadManager: 	at org.schabi.newpipe.extractor.Extractor.fetchPage(Extractor.java:60)
01-08 14:54:13.252  7135  7210 E DownloadManager: 	at org.schabi.newpipe.extractor.stream.StreamInfo.getInfo(StreamInfo.java:77)
01-08 14:54:13.252  7135  7210 E DownloadManager: 	at org.schabi.newpipe.extractor.stream.StreamInfo.getInfo(StreamInfo.java:72)
01-08 14:54:13.252  7135  7210 E DownloadManager: 	at org.schabi.newpipe.extractor.stream.StreamInfo.getInfo(StreamInfo.java:67)
01-08 14:54:13.252  7135  7210 E DownloadManager: 	at com.github.libretube.test.api.NewPipeMediaServiceRepository$getStreams$2$respAsync$1.invokeSuspend(NewPipeMediaServiceRepository.kt:286)
01-08 14:54:13.252  7135  7210 E DownloadManager: 	at kotlin.coroutines.jvm.internal.BaseContinuationImpl.resumeWith(ContinuationImpl.kt:33)
01-08 14:54:13.252  7135  7210 E DownloadManager: 	at kotlinx.coroutines.DispatchedTask.run(DispatchedTask.kt:101)
01-08 14:54:13.252  7135  7210 E DownloadManager: 	at kotlinx.coroutines.internal.LimitedDispatcher$Worker.run(LimitedDispatcher.kt:113)
01-08 14:54:13.252  7135  7210 E DownloadManager: 	at kotlinx.coroutines.scheduling.TaskImpl.run(Tasks.kt:89)
01-08 14:54:13.252  7135  7210 E DownloadManager: 	at kotlinx.coroutines.scheduling.CoroutineScheduler.runSafely(CoroutineScheduler.kt:589)
01-08 14:54:13.252  7135  7210 E DownloadManager: 	at kotlinx.coroutines.scheduling.CoroutineScheduler$Worker.executeTask(CoroutineScheduler.kt:823)
01-08 14:54:13.252  7135  7210 E DownloadManager: 	at kotlinx.coroutines.scheduling.CoroutineScheduler$Worker.runWorker(CoroutineScheduler.kt:720)
01-08 14:54:13.252  7135  7210 E DownloadManager: 	at kotlinx.coroutines.scheduling.CoroutineScheduler$Worker.run(CoroutineScheduler.kt:707)
01-08 14:54:13.269  7135  7191 E DownloadManager: Failed to enlist video l5FYjAM3qXw after 3 attempts
01-08 14:54:13.269  7135  7191 E DownloadManager: org.schabi.newpipe.extractor.exceptions.ContentNotAvailableException: This video is not available
01-08 14:54:13.269  7135  7191 E DownloadManager: 	at org.schabi.newpipe.extractor.services.youtube.extractors.YoutubeStreamExtractor.checkPlayabilityStatus(YoutubeStreamExtractor.java:929)
01-08 14:54:13.269  7135  7191 E DownloadManager: 	at org.schabi.newpipe.extractor.services.youtube.extractors.YoutubeStreamExtractor.fetchHtml5Client(YoutubeStreamExtractor.java:977)
01-08 14:54:13.269  7135  7191 E DownloadManager: 	at org.schabi.newpipe.extractor.services.youtube.extractors.YoutubeStreamExtractor.onFetchPage(YoutubeStreamExtractor.java:858)
01-08 14:54:13.269  7135  7191 E DownloadManager: 	at org.schabi.newpipe.extractor.Extractor.fetchPage(Extractor.java:60)
01-08 14:54:13.269  7135  7191 E DownloadManager: 	at org.schabi.newpipe.extractor.stream.StreamInfo.getInfo(StreamInfo.java:77)
01-08 14:54:13.269  7135  7191 E DownloadManager: 	at org.schabi.newpipe.extractor.stream.StreamInfo.getInfo(StreamInfo.java:72)
01-08 14:54:13.269  7135  7191 E DownloadManager: 	at org.schabi.newpipe.extractor.stream.StreamInfo.getInfo(StreamInfo.java:67)
01-08 14:54:13.269  7135  7191 E DownloadManager: 	at com.github.libretube.test.api.NewPipeMediaServiceRepository$getStreams$2$respAsync$1.invokeSuspend(NewPipeMediaServiceRepository.kt:286)
01-08 14:54:13.269  7135  7191 E DownloadManager: 	at kotlin.coroutines.jvm.internal.BaseContinuationImpl.resumeWith(ContinuationImpl.kt:33)
01-08 14:54:13.269  7135  7191 E DownloadManager: 	at kotlinx.coroutines.DispatchedTask.run(DispatchedTask.kt:101)
01-08 14:54:13.269  7135  7191 E DownloadManager: 	at kotlinx.coroutines.internal.LimitedDispatcher$Worker.run(LimitedDispatcher.kt:113)
01-08 14:54:13.269  7135  7191 E DownloadManager: 	at kotlinx.coroutines.scheduling.TaskImpl.run(Tasks.kt:89)
01-08 14:54:13.269  7135  7191 E DownloadManager: 	at kotlinx.coroutines.scheduling.CoroutineScheduler.runSafely(CoroutineScheduler.kt:589)
01-08 14:54:13.269  7135  7191 E DownloadManager: 	at kotlinx.coroutines.scheduling.CoroutineScheduler$Worker.executeTask(CoroutineScheduler.kt:823)
01-08 14:54:13.269  7135  7191 E DownloadManager: 	at kotlinx.coroutines.scheduling.CoroutineScheduler$Worker.runWorker(CoroutineScheduler.kt:720)
01-08 14:54:13.269  7135  7191 E DownloadManager: 	at kotlinx.coroutines.scheduling.CoroutineScheduler$Worker.run(CoroutineScheduler.kt:707)
01-08 14:54:13.285  7135  7191 D DownloadManager: Skipping duplicate video: WHvk2orm-oE
01-08 14:54:13.285  7135  7210 D DownloadManager: Skipping duplicate video: S126h7xY-Xk
01-08 14:54:13.287  7135  7191 D DownloadManager: Skipping duplicate video: vTIAn9IznSI
01-08 14:54:13.289  7135  7191 D DownloadManager: Skipping duplicate video: kqm_EZot5xI
01-08 14:54:13.292  7135  7191 D DownloadManager: Skipping duplicate video: 9vR34e1zdpc
01-08 14:54:13.295  7135  7191 D DownloadManager: Skipping duplicate video: Ib5XbHoKDNw
01-08 14:54:13.297  7135  7210 D DownloadManager: Skipping duplicate video: byQn2Kw3xjE
01-08 14:54:13.297  7135  7191 D DownloadManager: Skipping duplicate video: Zi0lKMzNEJA
01-08 14:54:13.298  7135  7256 D DownloadManager: Skipping duplicate video: pa_Mtf_EXVo
01-08 14:54:13.300  7135  7210 D DownloadManager: Skipping duplicate video: V0vCZYaU90Y
01-08 14:54:13.303  7135  7256 D DownloadManager: Skipping duplicate video: YG6Lc5O8BtM
01-08 14:54:13.304  7135  7256 D DownloadManager: Skipping duplicate video: Vv6p_vwy49c
01-08 14:54:13.306  7135  7154 D DownloadManager: Skipping duplicate video: 7ulo2W0LM3o
01-08 14:54:13.306  7135  7154 D DownloadManager: Skipping duplicate video: GJTT6q-AkXE
01-08 14:54:13.307  7135  7182 D DownloadManager: Skipping duplicate video: _hUH_Uj28PY
01-08 14:54:13.311  7135  7210 D DownloadManager: Skipping duplicate video: fYAZU0ZEh2E
01-08 14:54:13.312  7135  7258 D DownloadManager: Skipping duplicate video: mIma3c-hRPI
01-08 14:54:13.312  7135  7256 D DownloadManager: Skipping duplicate video: ZZcyY2h3IbQ
01-08 14:54:13.313  7135  7256 D DownloadManager: Skipping duplicate video: klPy5blL1m0
01-08 14:54:13.313  7135  7210 D DownloadManager: Skipping duplicate video: GTiAYku8AoA
01-08 14:54:13.316  7135  7191 D DownloadManager: Skipping duplicate video: ZGkrRRtuY48
01-08 14:54:13.317  7135  7191 D DownloadManager: Skipping duplicate video: hpLSdjGV2N0
01-08 14:54:13.318  7135  7210 D DownloadManager: Skipping duplicate video: C0UOxzs2YCo
01-08 14:54:13.318  7135  7258 D DownloadManager: Skipping duplicate video: JW4psMciS34
01-08 14:54:13.319  7135  7258 D DownloadManager: Skipping duplicate video: e01J9rOskr0
01-08 14:54:13.321  7135  7256 D DownloadManager: Skipping duplicate video: nFPzfmbY_4E
01-08 14:54:13.321  7135  7256 D DownloadManager: Skipping duplicate video: BUr2eNYcrAw
01-08 14:54:13.323  7135  7258 D DownloadManager: Skipping duplicate video: TIB5-Nu0S7A
01-08 14:54:13.323  7135  7256 D DownloadManager: Skipping duplicate video: GlFZeqnSgn4
01-08 14:54:13.324  7135  7258 D DownloadManager: Skipping duplicate video: 3Dyg1cy61uw
01-08 14:54:13.326  7135  7206 D DownloadManager: Skipping duplicate video: Ism0k7k4pkU
01-08 14:54:13.327  7135  7206 D DownloadManager: Skipping duplicate video: wAeYWQP-7EY
01-08 14:54:13.328  7135  7206 D DownloadManager: Skipping duplicate video: fQO-DXzcSgg
01-08 14:54:13.329  7135  7258 D DownloadManager: Skipping duplicate video: vkJOS_6F1zo
01-08 14:54:13.329  7135  7206 D DownloadManager: Skipping duplicate video: LYSxId3byM4
01-08 14:54:13.332  7135  7155 D DownloadManager: Skipping duplicate video: ylL1v_xiZys
01-08 14:54:13.332  7135  7184 D DownloadManager: Skipping duplicate video: 70gqVrOP8hk
01-08 14:54:13.334  7135  7184 D DownloadManager: Skipping duplicate video: 9ABcAIRT4fk
01-08 14:54:13.334  7135  7184 D DownloadManager: Skipping duplicate video: CiXEPJaVocw
01-08 14:54:13.335  7135  7155 D DownloadManager: Skipping duplicate video: 0mI7GU0fYA8
01-08 14:54:13.338  7135  7182 D DownloadManager: Skipping duplicate video: 9DT4CW4UmVM
01-08 14:54:13.338  7135  7153 D DownloadManager: Skipping duplicate video: s2si0jeYk00
01-08 14:54:13.340  7135  7153 D DownloadManager: Skipping duplicate video: DhQauG_Qtuo
01-08 14:54:13.340  7135  7184 D DownloadManager: Skipping duplicate video: UsU8G81ggT4
01-08 14:54:13.341  7135  7256 D DownloadManager: Skipping duplicate video: 9qbk3sPfWHQ
01-08 14:54:13.343  7135  7182 D DownloadManager: Skipping duplicate video: X3TBByRo2_U
01-08 14:54:13.344  7135  7191 D DownloadManager: Skipping duplicate video: 9uU58WcBYwA
01-08 14:54:13.345  7135  7153 D DownloadManager: Skipping duplicate video: it34xdsiicM
01-08 14:54:13.346  7135  7153 D DownloadManager: Skipping duplicate video: e8Dc8GSqfKU
01-08 14:54:13.347  7135  7191 D DownloadManager: Skipping duplicate video: jtvE9wuoVdI
01-08 14:54:13.349  7135  7188 D DownloadManager: Skipping duplicate video: 1zyXUOj7_Bg
01-08 14:54:13.350  7135  7153 D DownloadManager: Skipping duplicate video: KxpexQ_h_Jo
01-08 14:54:13.351  7135  7211 D DownloadManager: Skipping duplicate video: XqeTjchkg1E
01-08 14:54:13.352  7135  7211 D DownloadManager: Skipping duplicate video: jzWCynyFzSU
01-08 14:54:13.353  7135  7211 D DownloadManager: Skipping duplicate video: PGgCLJbziwA
01-08 14:54:13.356  7135  7211 D DownloadManager: Skipping duplicate video: L0AhaieY6qc
01-08 14:54:13.356  7135  7182 D DownloadManager: Skipping duplicate video: hf_wpujq3CE
01-08 14:54:13.357  7135  7182 D DownloadManager: Skipping duplicate video: 5lwbosRSdd0
01-08 14:54:13.358  7135  7211 D DownloadManager: Skipping duplicate video: xFckl-Yqqr4
01-08 14:54:13.358  7135  7210 D DownloadManager: Skipping duplicate video: unErIQuT9uQ
01-08 14:54:13.362  7135  7188 D DownloadManager: Skipping duplicate video: CwMNK8zGdxw
01-08 14:54:13.362  7135  7210 D DownloadManager: Skipping duplicate video: VA9FyrVKrLo
01-08 14:54:13.363  7135  7188 D DownloadManager: Skipping duplicate video: ZDdXf0wu3t0
01-08 14:54:13.364  7135  7256 D DownloadManager: Skipping duplicate video: NavBkkg4y4M
01-08 14:54:13.365  7135  7256 D DownloadManager: Skipping duplicate video: R53yMcw3f-Q
01-08 14:54:13.367  7135  7258 D DownloadManager: Skipping duplicate video: qGZPoVZEsRc
01-08 14:54:13.368  7135  7153 D DownloadManager: Skipping duplicate video: gyt9Fwa_iJM
01-08 14:54:13.369  7135  7153 D DownloadManager: Skipping duplicate video: Ph3jEn1-zZ0
01-08 14:54:13.369  7135  7153 D DownloadManager: Skipping duplicate video: S2N_dBJQ2i8
01-08 14:54:13.370  7135  7191 D DownloadManager: Skipping duplicate video: BJ0AnBTP31o
01-08 14:54:13.373  7135  7154 D DownloadManager: Skipping duplicate video: nnONuAED2-M
01-08 14:54:13.374  7135  7210 D DownloadManager: Skipping duplicate video: TxAuuLGeJQY
01-08 14:54:13.374  7135  7210 D DownloadManager: Skipping duplicate video: UOfTU4W7IGc
01-08 14:54:13.375  7135  7153 D DownloadManager: Skipping duplicate video: k19eovATQLA
01-08 14:54:13.375  7135  7153 D DownloadManager: Skipping duplicate video: gpd07uSJsNI
01-08 14:54:13.378  7135  7188 D DownloadManager: Skipping duplicate video: HT9ZzkyFPDk
01-08 14:54:13.379  7135  7188 D DownloadManager: Skipping duplicate video: on3YlH2vCno
01-08 14:54:13.380  7135  7182 D DownloadManager: Skipping duplicate video: w26G3ppL93o
01-08 14:54:13.381  7135  7182 D DownloadManager: Skipping duplicate video: 0TBW1fWwhKY
01-08 14:54:13.382  7135  7182 D DownloadManager: Skipping duplicate video: EEmnV2GXMPk
01-08 14:54:13.384  7135  7188 D DownloadManager: Skipping duplicate video: j8DC2lLX1_0
01-08 14:54:13.385  7135  7188 D DownloadManager: Skipping duplicate video: i4awGEmovb8
01-08 14:54:13.386  7135  7188 D DownloadManager: Skipping duplicate video: XKsnXHURDk0
01-08 14:54:13.387  7135  7188 D DownloadManager: Skipping duplicate video: SHRXNNmyneA
01-08 14:54:13.387  7135  7188 D DownloadManager: Skipping duplicate video: fgKmVNPHAlc
01-08 14:54:13.390  7135  7188 D DownloadManager: Skipping duplicate video: E6G456l69hU
01-08 14:54:13.391  7135  7206 D DownloadManager: Skipping duplicate video: l4AMqgeOV9E
01-08 14:54:13.391  7135  7188 D DownloadManager: Skipping duplicate video: gMNlSBpFAVY
01-08 14:54:13.393  7135  7188 D DownloadManager: Skipping duplicate video: IGpFWLgWAxU
01-08 14:54:13.393  7135  7188 D DownloadManager: Skipping duplicate video: 06BkSpBr_i0
01-08 14:54:13.395  7135  7188 D DownloadManager: Skipping duplicate video: WaAkpJjQZEM
01-08 14:54:13.396  7135  7210 D DownloadManager: Skipping duplicate video: x63XRDEiMPs
01-08 14:54:13.396  7135  7188 D DownloadManager: Skipping duplicate video: drD2hmYcWAM
01-08 14:54:13.397  7135  7188 D DownloadManager: Skipping duplicate video: s8hnee6ITPY
01-08 14:54:13.398  7135  7206 D DownloadManager: Skipping duplicate video: gpRlVjW8J8w
01-08 14:54:13.400  7135  7206 D DownloadManager: Skipping duplicate video: ZLDMDAQSP44
01-08 14:54:13.401  7135  7211 D DownloadManager: Skipping duplicate video: Lefa3v-Tkjk
01-08 14:54:13.402  7135  7188 D DownloadManager: Skipping duplicate video: QeCnMBNV1gQ
01-08 14:54:13.403  7135  7188 D DownloadManager: Skipping duplicate video: -z3_uhdqybI
01-08 14:54:13.403  7135  7188 D DownloadManager: Skipping duplicate video: rBG9zV8zaXQ
01-08 14:54:13.406  7135  7211 D DownloadManager: Skipping duplicate video: GlM_JEHxZBs
01-08 14:54:13.407  7135  7211 D DownloadManager: Skipping duplicate video: mAbhq5D8s-U
01-08 14:54:13.407  7135  7211 D DownloadManager: Skipping duplicate video: eplFOQZeQIM
01-08 14:54:13.408  7135  7206 D DownloadManager: Skipping duplicate video: 8jUbbUlG-jI
01-08 14:54:13.409  7135  7206 D DownloadManager: Skipping duplicate video: kEzP_4N05WE
01-08 14:54:13.412  7135  7210 D DownloadManager: Skipping duplicate video: _oYKXEXtmDo
01-08 14:54:13.412  7135  7210 D DownloadManager: Skipping duplicate video: GLOtcA5LP1Q
01-08 14:54:13.413  7135  7210 D DownloadManager: Skipping duplicate video: EBevaYCfHWY
01-08 14:54:13.414  7135  7211 D DownloadManager: Skipping duplicate video: 7iF3cY-t1HU
01-08 14:54:13.414  7135  7206 D DownloadManager: Skipping duplicate video: 9Wg2rk5AVqQ
01-08 14:54:13.417  7135  7210 D DownloadManager: Skipping duplicate video: 2_t1rPlRmbk
01-08 14:54:13.418  7135  7182 D DownloadManager: Skipping duplicate video: WcQWNOXzsJw
01-08 14:54:13.418  7135  7195 D DownloadManager: Skipping duplicate video: HDB9lmN4pnM
01-08 14:54:13.419  7135  7195 D DownloadManager: Skipping duplicate video: VYNkMj_ZE60
01-08 14:54:13.419  7135  7206 D DownloadManager: Skipping duplicate video: DxlnR-VNWCA
01-08 14:54:13.421  7135  7153 D DownloadManager: Skipping duplicate video: GvmNaXZs29Q
01-08 14:54:13.422  7135  7206 D DownloadManager: Skipping duplicate video: V0e_eZEVYJM
01-08 14:54:13.422  7135  7153 D DownloadManager: Skipping duplicate video: dNiR-4ZcuO4
01-08 14:54:13.423  7135  7211 D DownloadManager: Skipping duplicate video: U8xBXiKWVs4
01-08 14:54:13.424  7135  7211 D DownloadManager: Skipping duplicate video: Ir_z0GGfvGU
01-08 14:54:13.426  7135  7182 D DownloadManager: Skipping duplicate video: 2K1yPbAUmW4
01-08 14:54:13.427  7135  7182 D DownloadManager: Skipping duplicate video: VbgFW9MMmE8
01-08 14:54:13.427  7135  7182 D DownloadManager: Skipping duplicate video: RDmIr-ybxmw
01-08 14:54:13.428  7135  7182 D DownloadManager: Skipping duplicate video: kROB184hbsA
01-08 14:54:13.429  7135  7155 D DownloadManager: Skipping duplicate video: 4gnN89J6xAs
01-08 14:54:13.431  7135  7195 D DownloadManager: Skipping duplicate video: _VLYl0m03nE
01-08 14:54:13.431  7135  7195 D DownloadManager: Skipping duplicate video: NlT72OYQuSs
01-08 14:54:13.432  7135  7188 D DownloadManager: Skipping duplicate video: OUYMGR0-z70
01-08 14:54:13.433  7135  7188 D DownloadManager: Skipping duplicate video: 8TFXcd2FZu8
01-08 14:54:13.434  7135  7188 D DownloadManager: Skipping duplicate video: BFCPVbwvGec
01-08 14:54:13.436  7135  7188 D DownloadManager: Skipping duplicate video: jYJ7Zw6O6xg
01-08 14:54:13.436  7135  7211 D DownloadManager: Skipping duplicate video: X2BdDLfzgbA
01-08 14:54:13.437  7135  7188 D DownloadManager: Skipping duplicate video: Gs35ZBhkgds
01-08 14:54:13.438  7135  7211 D DownloadManager: Skipping duplicate video: BRqurQfp7EU
01-08 14:54:13.439  7135  7211 D DownloadManager: Skipping duplicate video: Lpm9zb2fM7w
01-08 14:54:13.441  7135  7211 D DownloadManager: Skipping duplicate video: 9-J8iKVH6jQ
01-08 14:54:13.442  7135  7211 D DownloadManager: Skipping duplicate video: ay2pxNtbQiw
01-08 14:54:13.442  7135  7211 D DownloadManager: Skipping duplicate video: f0Lkdc_jpR8
01-08 14:54:13.443  7135  7211 D DownloadManager: Skipping duplicate video: J7iEsXP1QtQ
01-08 14:54:13.444  7135  7188 D DownloadManager: Skipping duplicate video: ALhjH86EiaQ
01-08 14:54:13.446  7135  7206 D DownloadManager: Skipping duplicate video: 8qGGhDiqDVY
01-08 14:54:13.447  7135  7256 D DownloadManager: Skipping duplicate video: 0azhRxCIhrU
01-08 14:54:13.447  7135  7206 D DownloadManager: Skipping duplicate video: t9YyaNWhq8M
01-08 14:54:13.448  7135  7195 D DownloadManager: Skipping duplicate video: 5UAJ_Ee__ok
01-08 14:54:13.448  7135  7256 D DownloadManager: Skipping duplicate video: nwG_sFr_VXU
01-08 14:54:13.452  7135  7155 D DownloadManager: Skipping duplicate video: BbDw6Y8iadg
01-08 14:54:13.453  7135  7155 D DownloadManager: Skipping duplicate video: nxZ-HOWkETM
01-08 14:54:13.454  7135  7155 D DownloadManager: Skipping duplicate video: L7zSFECGl8k
01-08 14:54:13.455  7135  7191 D DownloadManager: Skipping duplicate video: rpO6DsPHq7s
01-08 14:54:13.456  7135  7155 D DownloadManager: Skipping duplicate video: ExXmu-WJ3lo
01-08 14:54:13.458  7135  7188 D DownloadManager: Skipping duplicate video: iGCf2d1UDZw
01-08 14:54:13.459  7135  7188 D DownloadManager: Skipping duplicate video: mgclM5PkDMA
01-08 14:54:13.459  7135  7188 D DownloadManager: Skipping duplicate video: O9M-3pm4aQM
01-08 14:54:13.460  7135  7210 D DownloadManager: Skipping duplicate video: RyJSQEgIwz4
01-08 14:54:13.461  7135  7211 D DownloadManager: Skipping duplicate video: fYamfEDX-QU
01-08 14:54:13.463  7135  7210 D DownloadManager: Skipping duplicate video: xcYwsoKCkak
01-08 14:54:13.464  7135  7210 D DownloadManager: Skipping duplicate video: 0ubiIsN4Zp4
01-08 14:54:13.464  7135  7210 D DownloadManager: Skipping duplicate video: VmzsLKgECco
01-08 14:54:13.465  7135  7210 D DownloadManager: Skipping duplicate video: FcjIuYTg8jk
01-08 14:54:13.466  7135  7155 D DownloadManager: Skipping duplicate video: YHV1ElWorVg
01-08 14:54:13.468  7135  7153 D DownloadManager: Skipping duplicate video: nEbbCgyOIeU
01-08 14:54:13.469  7135  7154 D DownloadManager: Skipping duplicate video: 0hnzmzeQoNQ
01-08 14:54:13.469  7135  7154 D DownloadManager: Skipping duplicate video: Fk7YoS0U7X4
01-08 14:54:13.470  7135  7154 D DownloadManager: Skipping duplicate video: xCQE1R07FwM
01-08 14:54:13.471  7135  7211 D DownloadManager: Skipping duplicate video: ty6QIeMdInU
01-08 14:54:13.473  7135  7211 D DownloadManager: Skipping duplicate video: jIerm_0hCGI
01-08 14:54:13.474  7135  7211 D DownloadManager: Skipping duplicate video: RACt1djE4VI
01-08 14:54:13.475  7135  7155 D DownloadManager: Skipping duplicate video: TsrjWA3o2Qw
01-08 14:54:13.475  7135  7154 D DownloadManager: Skipping duplicate video: 0rHmFW4-FGc
01-08 14:54:13.476  7135  7155 D DownloadManager: Skipping duplicate video: DPgCyE3NefI
01-08 14:54:13.478  7135  7206 D DownloadManager: Skipping duplicate video: BepqZ-UAT_w
01-08 14:54:13.479  7135  7206 D DownloadManager: Skipping duplicate video: IyzZVgFwRGA
01-08 14:54:13.480  7135  7211 D DownloadManager: Skipping duplicate video: 56rvOujUsd4
01-08 14:54:13.480  7135  7206 D DownloadManager: Skipping duplicate video: 5QhYZ_w2_KM
01-08 14:54:13.481  7135  7191 D DownloadManager: Skipping duplicate video: uiZf9KLRCcg
01-08 14:54:13.483  7135  7211 D DownloadManager: Skipping duplicate video: p_kESrr0aHs
01-08 14:54:13.483  7135  7182 D DownloadManager: Skipping duplicate video: ZxdSPJFsdvw
01-08 14:54:13.485  7135  7211 D DownloadManager: Skipping duplicate video: Ysr0F64qVfk
01-08 14:54:13.485  7135  7191 D DownloadManager: Skipping duplicate video: G3z98ZS0YZM
01-08 14:54:13.486  7135  7211 D DownloadManager: Skipping duplicate video: K_fN5yysMHg
01-08 14:54:13.488  7135  7206 D DownloadManager: Skipping duplicate video: JZj4w8HCV4M
01-08 14:54:13.489  7135  7206 D DownloadManager: Skipping duplicate video: pi7x_dkoghU
01-08 14:54:13.490  7135  7211 D DownloadManager: Skipping duplicate video: z5Iury4rYU8
01-08 14:54:13.490  7135  7188 D DownloadManager: Skipping duplicate video: NIZCaA7EeNo
01-08 14:54:13.491  7135  7188 D DownloadManager: Skipping duplicate video: pkcyjexTfQ8
01-08 14:54:13.493  7135  7211 D DownloadManager: Skipping duplicate video: LZ1j-yworzs
01-08 14:54:13.494  7135  7154 D DownloadManager: Skipping duplicate video: d5kbHIMMe4w
01-08 14:54:13.495  7135  7155 D DownloadManager: Skipping duplicate video: 43nUOfPstWE
01-08 14:54:13.495  7135  7184 D DownloadManager: Skipping duplicate video: Mib3a4TZxrc
01-08 14:54:13.496  7135  7184 D DownloadManager: Skipping duplicate video: PCJ2Xr5-qcY
01-08 14:54:13.498  7135  7206 D DownloadManager: Skipping duplicate video: BpAxkwavXiI
01-08 14:54:13.499  7135  7206 D DownloadManager: Skipping duplicate video: DDQbCdWG8FU
01-08 14:54:13.499  7135  7211 D DownloadManager: Skipping duplicate video: rqzlE14yiws
01-08 14:54:13.500  7135  7188 D DownloadManager: Skipping duplicate video: 4mBoHO8-pgw
01-08 14:54:13.501  7135  7184 D DownloadManager: Skipping duplicate video: a70PVqe7Rzg
01-08 14:54:13.503  7135  7153 D DownloadManager: Skipping duplicate video: 9z8-J3NnrG4
01-08 14:54:13.504  7135  7258 D DownloadManager: Skipping duplicate video: Lj4FxQEMHf4
01-08 14:54:13.505  7135  7184 D DownloadManager: Skipping duplicate video: 4Gq_6Dp430Y
01-08 14:54:13.505  7135  7184 D DownloadManager: Skipping duplicate video: 03S9wvn1FoU
01-08 14:54:13.506  7135  7258 D DownloadManager: Skipping duplicate video: ZfYhnCJPErw
01-08 14:54:13.508  7135  7191 D DownloadManager: Skipping duplicate video: 4UbY5Cr6fns
01-08 14:54:13.509  7135  7184 D DownloadManager: Skipping duplicate video: 7ayrAv8s6hA
01-08 14:54:13.510  7135  7155 D DownloadManager: Skipping duplicate video: epHvyyZoU60
01-08 14:54:13.511  7135  7155 D DownloadManager: Skipping duplicate video: pjvV-MbUF9s
01-08 14:54:13.511  7135  7191 D DownloadManager: Skipping duplicate video: nSzZk4-Akww
01-08 14:54:13.514  7135  7188 D DownloadManager: Skipping duplicate video: T-XX38cUv4g
01-08 14:54:13.514  7135  7211 D DownloadManager: Skipping duplicate video: FPHBMVEC7XY
01-08 14:54:13.514  7135  7211 D DownloadManager: Skipping duplicate video: ys0JJP7DF6I
01-08 14:54:13.516  7135  7211 D DownloadManager: Skipping duplicate video: Yfm2l73_Yb0
01-08 14:54:13.516  7135  7188 D DownloadManager: Skipping duplicate video: oVW_1AS_mM4
01-08 14:54:13.519  7135  7155 D DownloadManager: Skipping duplicate video: UrXt79YVKfg
01-08 14:54:13.519  7135  7155 D DownloadManager: Skipping duplicate video: gn_rNdUt3FY
01-08 14:54:13.520  7135  7155 D DownloadManager: Skipping duplicate video: gO2qERNvGmk
01-08 14:54:13.521  7135  7155 D DownloadManager: Skipping duplicate video: D1ct69KoTKU
01-08 14:54:13.521  7135  7155 D DownloadManager: Skipping duplicate video: 3rxR3EFBczQ
01-08 14:54:13.524  7135  7211 D DownloadManager: Skipping duplicate video: 1z0X3UCCGHg
01-08 14:54:13.524  7135  7211 D DownloadManager: Skipping duplicate video: FTx2Y_qIGuc
01-08 14:54:13.525  7135  7188 D DownloadManager: Skipping duplicate video: iN2h38m53Xg
01-08 14:54:13.526  7135  7155 D DownloadManager: Skipping duplicate video: xT2PCW7ZB5c
01-08 14:54:13.526  7135  7188 D DownloadManager: Skipping duplicate video: Zj4n9ZIfEfY
01-08 14:54:13.528  7135  7211 D DownloadManager: Skipping duplicate video: 3i9Dth3Wfq4
01-08 14:54:13.529  7135  7155 D DownloadManager: Skipping duplicate video: ILiYsZya8X0
01-08 14:54:13.529  7135  7210 D DownloadManager: Skipping duplicate video: HUXkCSe-F3E
01-08 14:54:13.530  7135  7155 D DownloadManager: Skipping duplicate video: 4wb8ZnWdjlA
01-08 14:54:13.531  7135  7211 D DownloadManager: Skipping duplicate video: YeTFtBfUzPw
01-08 14:54:13.533  7135  7210 D DownloadManager: Skipping duplicate video: wgbJCilg23U
01-08 14:54:13.534  7135  7210 D DownloadManager: Skipping duplicate video: PT22m35M3yU
01-08 14:54:13.535  7135  7210 D DownloadManager: Skipping duplicate video: gLjfqiGc3-M
01-08 14:54:13.538  7135  7153 D DownloadManager: Skipping duplicate video: g7qlUSV-1hQ
01-08 14:54:13.539  7135  7188 D DownloadManager: Skipping duplicate video: iqU9C0R6ITw
01-08 14:54:13.541  7135  7153 D DownloadManager: Skipping duplicate video: Urw0Fqzd4eo
01-08 14:54:13.542  7135  7153 D DownloadManager: Skipping duplicate video: TfdKurHaYlE
01-08 14:54:13.542  7135  7191 D DownloadManager: Skipping duplicate video: snVTWFgy0CY
01-08 14:54:13.543  7135  7191 D DownloadManager: Skipping duplicate video: eRbExdu746M
01-08 14:54:13.543  7135  7191 D DownloadManager: Skipping duplicate video: g1AzOk9Hjko
01-08 14:54:13.545  7135  7206 D DownloadManager: Skipping duplicate video: Sb33V-Zjx7c
01-08 14:54:13.545  7135  7206 D DownloadManager: Skipping duplicate video: zv3FjVf3zuA
01-08 14:54:13.546  7135  7210 D DownloadManager: Skipping duplicate video: fqAljCTdFyA
01-08 14:54:13.547  7135  7153 D DownloadManager: Skipping duplicate video: jn7sS0BMjbU
01-08 14:54:13.549  7135  7153 D DownloadManager: Skipping duplicate video: dHJmPiVfEA4
01-08 14:54:13.552  7135  7155 D DownloadManager: Skipping duplicate video: 8-Pd2U_tqPc
01-08 14:54:13.553  7135  7153 D DownloadManager: Skipping duplicate video: 6Nb38Zu3EoE
01-08 14:54:13.554  7135  7153 D DownloadManager: Skipping duplicate video: 4dCAJ99y6kw
01-08 14:54:13.554  7135  7188 D DownloadManager: Skipping duplicate video: 8nzJbhQnIOA
01-08 14:54:13.556  7135  7188 D DownloadManager: Skipping duplicate video: qfdU_0h-rls
01-08 14:54:13.558  7135  7188 D DownloadManager: Skipping duplicate video: GCzsA9LqEWc
01-08 14:54:13.558  7135  7188 D DownloadManager: Skipping duplicate video: IToqjTw-5LI
01-08 14:54:13.559  7135  7191 D DownloadManager: Skipping duplicate video: dpGCTHoRaMc
01-08 14:54:13.560  7135  7154 D DownloadManager: Skipping duplicate video: hXCXXbB3SOw
01-08 14:54:13.561  7135  7191 D DownloadManager: Skipping duplicate video: NfAA9FAaO7M
01-08 14:54:13.563  7135  7188 D DownloadManager: Skipping duplicate video: ES2fiwC7vwQ
01-08 14:54:13.564  7135  7188 D DownloadManager: Skipping duplicate video: ugoIb2UbPqo
01-08 14:54:13.565  7135  7188 D DownloadManager: Skipping duplicate video: PKNpHD8ovGY
01-08 14:54:13.565  7135  7191 D DownloadManager: Skipping duplicate video: Ljb_jXfPSM0
01-08 14:54:13.566  7135  7191 D DownloadManager: Skipping duplicate video: i7EAgcOwXWA
01-08 14:54:13.569  7135  7155 D DownloadManager: Skipping duplicate video: 4-XOeA3VjZE
01-08 14:54:13.569  7135  7154 D DownloadManager: Skipping duplicate video: zFAGrFT_uRk
01-08 14:54:13.570  7135  7153 D DownloadManager: Skipping duplicate video: _6kUhZr4sWc
01-08 14:54:13.571  7135  7155 D DownloadManager: Skipping duplicate video: hnJGECcrsjQ
01-08 14:54:13.571  7135  7155 D DownloadManager: Skipping duplicate video: u4Q1zOunDUw
01-08 14:54:13.574  7135  7191 D DownloadManager: Skipping duplicate video: KO4HBMrRqQI
01-08 14:54:13.575  7135  7154 D DownloadManager: Skipping duplicate video: PcdWhhJS_TM
01-08 14:54:13.575  7135  7191 D DownloadManager: Skipping duplicate video: jev6CsrSR5M
01-08 14:54:13.576  7135  7154 D DownloadManager: Skipping duplicate video: gu5WLbdYFOQ
01-08 14:54:13.576  7135  7154 D DownloadManager: Skipping duplicate video: _RY3rb0SKGE
01-08 14:54:13.579  7135  7195 D DownloadManager: Skipping duplicate video: -KUJTu3Ev_U
01-08 14:54:13.579  7135  7195 D DownloadManager: Skipping duplicate video: dAkEQ-aKhpQ
01-08 14:54:13.580  7135  7195 D DownloadManager: Skipping duplicate video: TS0ubfuP8R4
01-08 14:54:13.580  7135  7191 D DownloadManager: Skipping duplicate video: -6FptxdqSLc
01-08 14:54:13.582  7135  7191 D DownloadManager: Skipping duplicate video: -GngfGEQDjE
01-08 14:54:13.584  7135  7195 D DownloadManager: Skipping duplicate video: o7AH56aE-W8
01-08 14:54:13.585  7135  7191 D DownloadManager: Skipping duplicate video: wHAPQg_i9Hs
01-08 14:54:13.586  7135  7256 D DownloadManager: Skipping duplicate video: LM-ICgG09oY
01-08 14:54:13.587  7135  7154 D DownloadManager: Skipping duplicate video: gbWwRnXwRVY
01-08 14:54:13.587  7135  7154 D DownloadManager: Skipping duplicate video: 5wS57lg7OLY
01-08 14:54:13.590  7135  7154 D DownloadManager: Skipping duplicate video: SIZojoTIvE0
01-08 14:54:13.590  7135  7155 D DownloadManager: Skipping duplicate video: -RJ8GeQ92Ew
01-08 14:54:13.591  7135  7155 D DownloadManager: Skipping duplicate video: w-i0BDwAKCs
01-08 14:54:13.591  7135  7155 D DownloadManager: Skipping duplicate video: Hj0s61jjxs8
01-08 14:54:13.592  7135  7155 D DownloadManager: Skipping duplicate video: H5mMypGYbfM
01-08 14:54:13.595  7135  7155 D DownloadManager: Skipping duplicate video: qGikwF1i8og
01-08 14:54:13.596  7135  7256 D DownloadManager: Skipping duplicate video: fw4Cf936zoE
01-08 14:54:13.596  7135  7155 D DownloadManager: Skipping duplicate video: IjTz9C93JFU
01-08 14:54:13.597  7135  7155 D DownloadManager: Skipping duplicate video: IJOjhDW3Fzo
01-08 14:54:13.598  7135  7155 D DownloadManager: Skipping duplicate video: I1t0kLgrecE
01-08 14:54:13.600  7135  7184 D DownloadManager: Skipping duplicate video: wgevvu3AkQQ
01-08 14:54:13.601  7135  7195 D DownloadManager: Skipping duplicate video: Tk-d41ViDLs
01-08 14:54:13.602  7135  7195 D DownloadManager: Skipping duplicate video: RXg-KN1xDz8
01-08 14:54:13.603  7135  7195 D DownloadManager: Skipping duplicate video: sit6VL9HMXg
01-08 14:54:13.604  7135  7184 D DownloadManager: Skipping duplicate video: nosaHjFPYyY
01-08 14:54:13.606  7135  7184 D DownloadManager: Skipping duplicate video: Znn8oAnGuIw
01-08 14:54:13.606  7135  7210 D DownloadManager: Skipping duplicate video: IoHz8M3HXOs
01-08 14:54:13.607  7135  7258 D DownloadManager: Skipping duplicate video: 0rGTWG6kjmo
01-08 14:54:13.608  7135  7258 D DownloadManager: Skipping duplicate video: BzSy3Pb7Qdk
01-08 14:54:13.609  7135  7184 D DownloadManager: Skipping duplicate video: mBBkP0QcSHE
01-08 14:54:13.611  7135  7258 D DownloadManager: Skipping duplicate video: ZEXCDeOu_ow
01-08 14:54:13.612  7135  7188 D DownloadManager: Skipping duplicate video: eRW3suw1T9E
01-08 14:54:13.612  7135  7188 D DownloadManager: Skipping duplicate video: 2ds9swOGAps
01-08 14:54:13.614  7135  7154 D DownloadManager: Skipping duplicate video: HkXsegcx4ac
01-08 14:54:13.615  7135  7154 D DownloadManager: Skipping duplicate video: eNNpw3_5X7E
01-08 14:54:13.617  7135  7155 D DownloadManager: Skipping duplicate video: O_ZEFugiGAw
01-08 14:54:13.618  7135  7155 D DownloadManager: Skipping duplicate video: 5u7brjkC1zU
01-08 14:54:13.619  7135  7210 D DownloadManager: Skipping duplicate video: lio68vsibj4
01-08 14:54:13.620  7135  7188 D DownloadManager: Skipping duplicate video: 54jgFbHt-4c
01-08 14:54:13.621  7135  7258 D DownloadManager: Skipping duplicate video: ScP6qPLyToI
01-08 14:54:13.624  7135  7210 D DownloadManager: Skipping duplicate video: lTVYSItiJ1g
01-08 14:54:13.625  7135  7153 D DownloadManager: Skipping duplicate video: v6Q2GMEXfLM
01-08 14:54:13.625  7135  7153 D DownloadManager: Skipping duplicate video: 0XAcuwmii6Q
01-08 14:54:13.626  7135  7210 D DownloadManager: Skipping duplicate video: FDhko_Fe2js
01-08 14:54:13.627  7135  7210 D DownloadManager: Skipping duplicate video: 1rr8YSM5AZc
01-08 14:54:13.630  7135  7153 D DownloadManager: Skipping duplicate video: W03kAbN8eb8
01-08 14:54:13.630  7135  7153 D DownloadManager: Skipping duplicate video: s7nSEV_i6So
01-08 14:54:13.632  7135  7258 D DownloadManager: Skipping duplicate video: 8Pc5nSEXDEk
01-08 14:54:13.632  7135  7258 D DownloadManager: Skipping duplicate video: LiLquFqhNzM
01-08 14:54:13.633  7135  7206 D DownloadManager: Skipping duplicate video: xs-PmrCe8Xk
01-08 14:54:13.635  7135  7206 D DownloadManager: Skipping duplicate video: I76qt1f7Mdo
01-08 14:54:13.636  7135  7206 D DownloadManager: Skipping duplicate video: PhMplG_KY9Y
01-08 14:54:13.637  7135  7155 D DownloadManager: Skipping duplicate video: bIxNy0Xul7s
01-08 14:54:13.638  7135  7155 D DownloadManager: Skipping duplicate video: DayCAazGaoI
01-08 14:54:13.639  7135  7182 D DownloadManager: Skipping duplicate video: k60gGyw0vgc
01-08 14:54:13.641  7135  7154 D DownloadManager: Skipping duplicate video: 6KgBlI6-0Gs
01-08 14:54:13.642  7135  7154 D DownloadManager: Skipping duplicate video: G5zIvIe_aC4
01-08 14:54:13.643  7135  7195 D DownloadManager: Skipping duplicate video: tM-x-Gkg4Uw
01-08 14:54:13.643  7135  7195 D DownloadManager: Skipping duplicate video: FMsPhn2_Ia0
01-08 14:54:13.644  7135  7153 D DownloadManager: Skipping duplicate video: Sejwe4G93FU
01-08 14:54:13.647  7135  7182 D DownloadManager: Skipping duplicate video: sTsQp08oTcU
01-08 14:54:13.648  7135  7195 D DownloadManager: Skipping duplicate video: jR6MPMca5Do
01-08 14:54:13.648  7135  7195 D DownloadManager: Skipping duplicate video: Bt_zjyPaz18
01-08 14:54:13.650  7135  7182 D DownloadManager: Skipping duplicate video: A9J3PSpIRyM
01-08 14:54:13.650  7135  7195 D DownloadManager: Skipping duplicate video: isrA3IXptPI
01-08 14:54:13.653  7135  7195 D DownloadManager: Skipping duplicate video: 4jrqZXH9QCM
01-08 14:54:13.654  7135  7188 D DownloadManager: Skipping duplicate video: hHueE6WSvvM
01-08 14:54:13.823  7135  7211 E DownloadManager: Failed to enlist video L0kesVX57pg after 3 attempts
01-08 14:54:13.823  7135  7211 E DownloadManager: org.schabi.newpipe.extractor.exceptions.ContentNotAvailableException: This video is not available
01-08 14:54:13.823  7135  7211 E DownloadManager: 	at org.schabi.newpipe.extractor.services.youtube.extractors.YoutubeStreamExtractor.checkPlayabilityStatus(YoutubeStreamExtractor.java:929)
01-08 14:54:13.823  7135  7211 E DownloadManager: 	at org.schabi.newpipe.extractor.services.youtube.extractors.YoutubeStreamExtractor.fetchHtml5Client(YoutubeStreamExtractor.java:977)
01-08 14:54:13.823  7135  7211 E DownloadManager: 	at org.schabi.newpipe.extractor.services.youtube.extractors.YoutubeStreamExtractor.onFetchPage(YoutubeStreamExtractor.java:858)
01-08 14:54:13.823  7135  7211 E DownloadManager: 	at org.schabi.newpipe.extractor.Extractor.fetchPage(Extractor.java:60)
01-08 14:54:13.823  7135  7211 E DownloadManager: 	at org.schabi.newpipe.extractor.stream.StreamInfo.getInfo(StreamInfo.java:77)
01-08 14:54:13.823  7135  7211 E DownloadManager: 	at org.schabi.newpipe.extractor.stream.StreamInfo.getInfo(StreamInfo.java:72)
01-08 14:54:13.823  7135  7211 E DownloadManager: 	at org.schabi.newpipe.extractor.stream.StreamInfo.getInfo(StreamInfo.java:67)
01-08 14:54:13.823  7135  7211 E DownloadManager: 	at com.github.libretube.test.api.NewPipeMediaServiceRepository$getStreams$2$respAsync$1.invokeSuspend(NewPipeMediaServiceRepository.kt:286)
01-08 14:54:13.823  7135  7211 E DownloadManager: 	at kotlin.coroutines.jvm.internal.BaseContinuationImpl.resumeWith(ContinuationImpl.kt:33)
01-08 14:54:13.823  7135  7211 E DownloadManager: 	at kotlinx.coroutines.DispatchedTask.run(DispatchedTask.kt:101)
01-08 14:54:13.823  7135  7211 E DownloadManager: 	at kotlinx.coroutines.internal.LimitedDispatcher$Worker.run(LimitedDispatcher.kt:113)
01-08 14:54:13.823  7135  7211 E DownloadManager: 	at kotlinx.coroutines.scheduling.TaskImpl.run(Tasks.kt:89)
01-08 14:54:13.823  7135  7211 E DownloadManager: 	at kotlinx.coroutines.scheduling.CoroutineScheduler.runSafely(CoroutineScheduler.kt:589)
01-08 14:54:13.823  7135  7211 E DownloadManager: 	at kotlinx.coroutines.scheduling.CoroutineScheduler$Worker.executeTask(CoroutineScheduler.kt:823)
01-08 14:54:13.823  7135  7211 E DownloadManager: 	at kotlinx.coroutines.scheduling.CoroutineScheduler$Worker.runWorker(CoroutineScheduler.kt:720)
01-08 14:54:13.823  7135  7211 E DownloadManager: 	at kotlinx.coroutines.scheduling.CoroutineScheduler$Worker.run(CoroutineScheduler.kt:707)
01-08 14:54:13.838  7135  7203 D DownloadManager: Skipping duplicate video: qGIANLns7W8
01-08 14:54:13.839  7135  7211 D DownloadManager: Skipping duplicate video: jsbK-JbzW0I
01-08 14:54:13.839  7135  7182 D DownloadManager: Skipping duplicate video: _i8wQCfVFH0
01-08 14:54:13.841  7135  7195 D DownloadManager: Skipping duplicate video: c1twKm49Jrk
01-08 14:54:13.841  7135  7211 D DownloadManager: Skipping duplicate video: SGtuqgcqHws
01-08 14:54:13.845  7135  7191 D DownloadManager: Skipping duplicate video: iRI6dZHIliY
01-08 14:54:13.846  7135  7203 D DownloadManager: Skipping duplicate video: 2ykxcQiY7mo
01-08 14:54:13.846  7135  7153 D DownloadManager: Skipping duplicate video: 9sqhVN5to_4
01-08 14:54:13.847  7135  7153 D DownloadManager: Skipping duplicate video: 4EFPOO1lKiI
01-08 14:54:13.848  7135  7153 D DownloadManager: Skipping duplicate video: E9OI_V3gN6g
01-08 14:54:13.851  7135  7206 D DownloadManager: Skipping duplicate video: scfx6XKN-Jk
01-08 14:54:13.852  7135  7206 D DownloadManager: Skipping duplicate video: XYpHq3KB_eA
01-08 14:54:13.853  7135  7203 D DownloadManager: Skipping duplicate video: 2go3FwNMP70
01-08 14:54:13.855  7135  7191 D DownloadManager: Skipping duplicate video: s0Ds91sP_Ok
01-08 14:54:13.855  7135  7191 D DownloadManager: Skipping duplicate video: _WACWYMppBY
01-08 14:54:13.858  7135  7153 D DownloadManager: Skipping duplicate video: ZrMuqOJP6Fc
01-08 14:54:13.859  7135  7153 D DownloadManager: Skipping duplicate video: JwYlN5pB7D0
01-08 14:54:13.860  7135  7191 D DownloadManager: Skipping duplicate video: N4mH0qA87Zg
01-08 14:54:13.861  7135  7191 D DownloadManager: Skipping duplicate video: n-aDpVbHHpU
01-08 14:54:13.862  7135  7191 D DownloadManager: Skipping duplicate video: BCrJfAF3s4Y
01-08 14:54:13.864  7135  7191 D DownloadManager: Skipping duplicate video: gjB_HFPsvBQ
01-08 14:54:13.864  7135  7153 D DownloadManager: Skipping duplicate video: DHl3gvqjn7M
01-08 14:54:13.866  7135  7153 D DownloadManager: Skipping duplicate video: ETkQjUi7dXc
01-08 14:54:13.866  7135  7191 D DownloadManager: Skipping duplicate video: zckjplFWj0M
01-08 14:54:13.867  7135  7153 D DownloadManager: Skipping duplicate video: IbhdzWPRgMA
01-08 14:54:13.869  7135  7153 D DownloadManager: Skipping duplicate video: CJabiFml7eU
01-08 14:54:13.870  7135  7153 D DownloadManager: Skipping duplicate video: dJ_FIQe98Hs
01-08 14:54:13.871  7135  7153 D DownloadManager: Skipping duplicate video: 9hotns0Pgt0
01-08 14:54:13.872  7135  7153 D DownloadManager: Skipping duplicate video: Yt4xOLzQgrE
01-08 14:54:13.873  7135  7153 D DownloadManager: Skipping duplicate video: ZM5gYuxr2bg
01-08 14:54:13.874  7135  7206 D DownloadManager: Skipping duplicate video: W7cN5zbgF0w
01-08 14:54:13.875  7135  7195 D DownloadManager: Skipping duplicate video: urMaU_5E8eU
01-08 14:54:13.876  7135  7206 D DownloadManager: Skipping duplicate video: 7cO_n-T8RjE
01-08 14:54:13.877  7135  7211 D DownloadManager: Skipping duplicate video: Z1Ez0HcRV2Q
01-08 14:54:13.877  7135  7153 D DownloadManager: Skipping duplicate video: 0VBDXF-nQEk
01-08 14:54:13.879  7135  7153 D DownloadManager: Skipping duplicate video: xYwCwdIbUmg
01-08 14:54:13.880  7135  7153 D DownloadManager: Skipping duplicate video: u5Ex4Pk0zHM
01-08 14:54:13.881  7135  7153 D DownloadManager: Skipping duplicate video: fVNundfPN80
01-08 14:54:13.882  7135  7184 D DownloadManager: Skipping duplicate video: sr_ZtWtvNtY
01-08 14:54:13.883  7135  7206 D DownloadManager: Skipping duplicate video: lGGn4rNhZQ0
01-08 14:54:13.885  7135  7153 D DownloadManager: Skipping duplicate video: 3Mjn9mlGLKQ
01-08 14:54:13.886  7135  7191 D DownloadManager: Skipping duplicate video: ShnLCbUL3ls
01-08 14:54:13.887  7135  7206 D DownloadManager: Skipping duplicate video: 3-CP4O3FvI8
01-08 14:54:13.887  7135  7206 D DownloadManager: Skipping duplicate video: lw7_qmYbSqk
01-08 14:54:13.888  7135  7206 D DownloadManager: Skipping duplicate video: iBcrcVqy9SE
01-08 14:54:13.890  7135  7206 D DownloadManager: Skipping duplicate video: H297bQzb9Ao
01-08 14:54:13.891  7135  7182 D DownloadManager: Skipping duplicate video: u-OyizDoyFw
01-08 14:54:13.892  7135  7191 D DownloadManager: Skipping duplicate video: xh-WMsSqcyk
01-08 14:54:13.893  7135  7191 D DownloadManager: Skipping duplicate video: zNssTfUMaPA
01-08 14:54:13.893  7135  7206 D DownloadManager: Skipping duplicate video: GHKlANrcjnY
01-08 14:54:13.896  7135  7191 D DownloadManager: Skipping duplicate video: JLWQ_mMGXI0
