01-08 14:54:22.256  7135  7155 D DownloadManager: Skipping duplicate video: L7FCeRIyC8g
01-08 14:54:22.257  7135  7155 D DownloadManager: Skipping duplicate video: yLKM4P1a1dM
01-08 14:54:22.258  7135  7206 D DownloadManager: Skipping duplicate video: QApDPGMXtyY
01-08 14:54:22.259  7135  7211 D DownloadManager: Skipping duplicate video: FkfuOmAIPio
01-08 14:54:22.263  7135  7153 D DownloadManager: Skipping duplicate video: BvPwbvR0rcE
01-08 14:54:22.263  7135  7256 D DownloadManager: Skipping duplicate video: CYBIMiZCUr0
01-08 14:54:22.266  7135  7195 D DownloadManager: Skipping duplicate video: 5defZ67KKaw
01-08 14:54:22.266  7135  7153 D DownloadManager: Skipping duplicate video: Fuvp2-gyYe8
01-08 14:54:22.267  7135  7195 D DownloadManager: Skipping duplicate video: TbXpOJqMPrU
01-08 14:54:22.272  7135  7256 D DownloadManager: Skipping duplicate video: v21i7RXlK9E
01-08 14:54:22.274  7135  7207 D DownloadManager: Skipping duplicate video: MNhcnXRjtZQ
01-08 14:54:22.276  7135  7207 D DownloadManager: Skipping duplicate video: MkvIlzEy2Hw
01-08 14:54:22.277  7135  7207 D DownloadManager: Skipping duplicate video: K5AEqxy9hpU
01-08 14:54:22.278  7135  7153 D DownloadManager: Skipping duplicate video: n4e07Zm3754
01-08 14:54:22.282  7135  7256 D DownloadManager: Skipping duplicate video: BIlE3fJmdW0
01-08 14:54:22.283  7135  7256 D DownloadManager: Skipping duplicate video: mAsnIAd_o8o
01-08 14:54:22.284  7135  7256 D DownloadManager: Skipping duplicate video: p5vxVGmrjkk
01-08 14:54:22.286  7135  7256 D DownloadManager: Skipping duplicate video: I_k6H2kEuio
01-08 14:54:22.288  7135  7182 D DownloadManager: Skipping duplicate video: 8PQFGEtxrN0
01-08 14:54:22.293  7135  7206 D DownloadManager: Skipping duplicate video: Zb-zY-wU32k
01-08 14:54:22.294  7135  7256 D DownloadManager: Skipping duplicate video: 6ixnykwNaWw
01-08 14:54:22.297  7135  7191 D DownloadManager: Skipping duplicate video: lT0k6d5FRMk
01-08 14:54:22.299  7135  7191 D DownloadManager: Skipping duplicate video: LOEqPkq8_vw
01-08 14:54:22.301  7135  7191 D DownloadManager: Skipping duplicate video: COUg_KSHxtc
01-08 14:54:22.305  7135  7153 D DownloadManager: Skipping duplicate video: CNibXXAMeow
01-08 14:54:22.306  7135  7153 D DownloadManager: Skipping duplicate video: zrnmeWN5Pmg
01-08 14:54:22.307  7135  7207 D DownloadManager: Skipping duplicate video: LE-hdpnmAAk
01-08 14:54:22.308  7135  7153 D DownloadManager: Skipping duplicate video: BVPX0AayiDc
01-08 14:54:22.310  7135  7153 D DownloadManager: Skipping duplicate video: DtUw_1NG5rw
01-08 14:54:22.314  7135  7191 D DownloadManager: Skipping duplicate video: 6V8oxXm-cfA
01-08 14:54:22.316  7135  7191 D DownloadManager: Skipping duplicate video: abhPfmYCUlo
01-08 14:54:22.318  7135  7256 D DownloadManager: Skipping duplicate video: MLKnA1zNDGk
01-08 14:54:22.318  7135  7256 D DownloadManager: Skipping duplicate video: zFK9eofeNj0
01-08 14:54:22.319  7135  7256 D DownloadManager: Skipping duplicate video: EQL5nQ2NMdU
01-08 14:54:22.324  7135  7203 D DownloadManager: Skipping duplicate video: eAeNfV1WMTc
01-08 14:54:22.325  7135  7207 D DownloadManager: Skipping duplicate video: MKPfcSlS2kA
01-08 14:54:22.326  7135  7153 D DownloadManager: Skipping duplicate video: Y6a6WRUpnOU
01-08 14:54:22.327  7135  7207 D DownloadManager: Skipping duplicate video: yBL5UebegCA
01-08 14:54:22.328  7135  7153 D DownloadManager: Skipping duplicate video: DAh1EDBjY7Q
01-08 14:54:22.331  7135  7203 D DownloadManager: Skipping duplicate video: Y6rkIVoegLY
01-08 14:54:22.332  7135  7203 D DownloadManager: Skipping duplicate video: P9E5IxNkIHk
01-08 14:54:22.333  7135  7191 D DownloadManager: Skipping duplicate video: J51eEaqhmyE
01-08 14:54:22.334  7135  7203 D DownloadManager: Skipping duplicate video: O91yqXZL-V0
01-08 14:54:22.335  7135  7210 D DownloadManager: Skipping duplicate video: Sn--z1LsJKg
01-08 14:54:22.339  7135  7187 D DownloadManager: Skipping duplicate video: UEiT7QNkba4
01-08 14:54:22.340  7135  7187 D DownloadManager: Skipping duplicate video: PMkH3EEtsGY
01-08 14:54:22.342  7135  7191 D DownloadManager: Skipping duplicate video: GY9g9CFovBo
01-08 14:54:22.343  7135  7207 D DownloadManager: Skipping duplicate video: GufUTPH2cPg
01-08 14:54:22.344  7135  7207 D DownloadManager: Skipping duplicate video: uH8pTSR0KE0
01-08 14:54:22.347  7135  7210 D DownloadManager: Skipping duplicate video: 9Z9HIIfY3Wc
01-08 14:54:22.348  7135  7182 D DownloadManager: Skipping duplicate video: emwl2Ejy83o
01-08 14:54:22.350  7135  7207 D DownloadManager: Skipping duplicate video: vzK1FJ9bKJc
01-08 14:54:22.351  7135  7210 D DownloadManager: Skipping duplicate video: PI-KC0vA2lg
01-08 14:54:22.352  7135  7256 D DownloadManager: Skipping duplicate video: 9tb6AK30sNE
01-08 14:54:22.360  7135  7258 E DownloadManager: Failed to enlist video Tm1BC7N2ATw after 3 attempts
01-08 14:54:22.360  7135  7258 E DownloadManager: org.schabi.newpipe.extractor.exceptions.ContentNotAvailableException: This video is not available
01-08 14:54:22.360  7135  7258 E DownloadManager: 	at org.schabi.newpipe.extractor.services.youtube.extractors.YoutubeStreamExtractor.checkPlayabilityStatus(YoutubeStreamExtractor.java:929)
01-08 14:54:22.360  7135  7258 E DownloadManager: 	at org.schabi.newpipe.extractor.services.youtube.extractors.YoutubeStreamExtractor.fetchHtml5Client(YoutubeStreamExtractor.java:977)
01-08 14:54:22.360  7135  7258 E DownloadManager: 	at org.schabi.newpipe.extractor.services.youtube.extractors.YoutubeStreamExtractor.onFetchPage(YoutubeStreamExtractor.java:858)
01-08 14:54:22.360  7135  7258 E DownloadManager: 	at org.schabi.newpipe.extractor.Extractor.fetchPage(Extractor.java:60)
01-08 14:54:22.360  7135  7258 E DownloadManager: 	at org.schabi.newpipe.extractor.stream.StreamInfo.getInfo(StreamInfo.java:77)
01-08 14:54:22.360  7135  7258 E DownloadManager: 	at org.schabi.newpipe.extractor.stream.StreamInfo.getInfo(StreamInfo.java:72)
01-08 14:54:22.360  7135  7258 E DownloadManager: 	at org.schabi.newpipe.extractor.stream.StreamInfo.getInfo(StreamInfo.java:67)
01-08 14:54:22.360  7135  7258 E DownloadManager: 	at com.github.libretube.test.api.NewPipeMediaServiceRepository$getStreams$2$respAsync$1.invokeSuspend(NewPipeMediaServiceRepository.kt:286)
01-08 14:54:22.360  7135  7258 E DownloadManager: 	at kotlin.coroutines.jvm.internal.BaseContinuationImpl.resumeWith(ContinuationImpl.kt:33)
01-08 14:54:22.360  7135  7258 E DownloadManager: 	at kotlinx.coroutines.DispatchedTask.run(DispatchedTask.kt:101)
01-08 14:54:22.360  7135  7258 E DownloadManager: 	at kotlinx.coroutines.internal.LimitedDispatcher$Worker.run(LimitedDispatcher.kt:113)
01-08 14:54:22.360  7135  7258 E DownloadManager: 	at kotlinx.coroutines.scheduling.TaskImpl.run(Tasks.kt:89)
01-08 14:54:22.360  7135  7258 E DownloadManager: 	at kotlinx.coroutines.scheduling.CoroutineScheduler.runSafely(CoroutineScheduler.kt:589)
01-08 14:54:22.360  7135  7258 E DownloadManager: 	at kotlinx.coroutines.scheduling.CoroutineScheduler$Worker.executeTask(CoroutineScheduler.kt:823)
01-08 14:54:22.360  7135  7258 E DownloadManager: 	at kotlinx.coroutines.scheduling.CoroutineScheduler$Worker.runWorker(CoroutineScheduler.kt:720)
01-08 14:54:22.360  7135  7258 E DownloadManager: 	at kotlinx.coroutines.scheduling.CoroutineScheduler$Worker.run(CoroutineScheduler.kt:707)
01-08 14:54:22.362  7135  7187 D DownloadManager: Skipping duplicate video: Ig_eqa7wEFQ
01-08 14:54:22.362  7135  7211 D DownloadManager: Skipping duplicate video: JO-qGIV4Abg
01-08 14:54:22.366  7135  7206 D DownloadManager: Skipping duplicate video: 9vDkzqTrcL8
01-08 14:54:22.367  7135  7182 D DownloadManager: Skipping duplicate video: Azo0Gf_ZAA8
01-08 14:54:22.368  7135  7178 D DownloadManager: Skipping duplicate video: cJ0or_dYIDM
01-08 14:54:22.381  7135  7184 D DownloadManager: Skipping duplicate video: BX-ptO0eeDI
01-08 14:54:22.381  7135  7184 D DownloadManager: Skipping duplicate video: zzgUZt5scbY
01-08 14:54:22.382  7135  7155 D DownloadManager: Skipping duplicate video: St1pXQBWvpU
01-08 14:54:22.384  7135  7206 D DownloadManager: Skipping duplicate video: gI6BqJS0avs
01-08 14:54:22.384  7135  7187 D DownloadManager: Skipping duplicate video: AT6L5Kullwo
01-08 14:54:22.385  7135  7187 D DownloadManager: Skipping duplicate video: Src8oSpPAnQ
01-08 14:54:22.386  7135  7206 D DownloadManager: Skipping duplicate video: FspydovOlZU
01-08 14:54:22.389  7135  7178 D DownloadManager: Skipping duplicate video: 6z1Jz5re3lM
01-08 14:54:22.393  7135  7206 D DownloadManager: Skipping duplicate video: RrEiS0FM1Bs
01-08 14:54:22.394  7135  7178 D DownloadManager: Skipping duplicate video: -yc8GCRLG5I
01-08 14:54:22.395  7135  7206 D DownloadManager: Skipping duplicate video: OX2qei_QfCg
01-08 14:54:22.396  7135  7258 D DownloadManager: Skipping duplicate video: QkBmZ1mCOOY
01-08 14:54:22.399  7135  7256 D DownloadManager: Skipping duplicate video: RX3sKBTze6w
01-08 14:54:22.400  7135  7256 D DownloadManager: Skipping duplicate video: jl3CFSWMMxc
01-08 14:54:22.402  7135  7256 D DownloadManager: Skipping duplicate video: 3Xdt4sejmQc
01-08 14:54:22.404  7135  7256 D DownloadManager: Skipping duplicate video: osIgJfFtG0Y
01-08 14:54:22.405  7135  7184 D DownloadManager: Skipping duplicate video: xKvffSbQV2s
01-08 14:54:22.407  7135  7178 D DownloadManager: Skipping duplicate video: 2E4n4BojtCY
01-08 14:54:22.408  7135  7188 D DownloadManager: Skipping duplicate video: -nj-OTOojkw
01-08 14:54:26.143  7135  7256 E DownloadManager: Failed to enlist video KWW7L4W7me8 after 3 attempts
01-08 14:54:26.143  7135  7256 E DownloadManager: org.schabi.newpipe.extractor.exceptions.ContentNotAvailableException: This video is not available
01-08 14:54:26.143  7135  7256 E DownloadManager: 	at org.schabi.newpipe.extractor.services.youtube.extractors.YoutubeStreamExtractor.checkPlayabilityStatus(YoutubeStreamExtractor.java:929)
01-08 14:54:26.143  7135  7256 E DownloadManager: 	at org.schabi.newpipe.extractor.services.youtube.extractors.YoutubeStreamExtractor.fetchHtml5Client(YoutubeStreamExtractor.java:977)
01-08 14:54:26.143  7135  7256 E DownloadManager: 	at org.schabi.newpipe.extractor.services.youtube.extractors.YoutubeStreamExtractor.onFetchPage(YoutubeStreamExtractor.java:858)
01-08 14:54:26.143  7135  7256 E DownloadManager: 	at org.schabi.newpipe.extractor.Extractor.fetchPage(Extractor.java:60)
01-08 14:54:26.143  7135  7256 E DownloadManager: 	at org.schabi.newpipe.extractor.stream.StreamInfo.getInfo(StreamInfo.java:77)
01-08 14:54:26.143  7135  7256 E DownloadManager: 	at org.schabi.newpipe.extractor.stream.StreamInfo.getInfo(StreamInfo.java:72)
01-08 14:54:26.143  7135  7256 E DownloadManager: 	at org.schabi.newpipe.extractor.stream.StreamInfo.getInfo(StreamInfo.java:67)
01-08 14:54:26.143  7135  7256 E DownloadManager: 	at com.github.libretube.test.api.NewPipeMediaServiceRepository$getStreams$2$respAsync$1.invokeSuspend(NewPipeMediaServiceRepository.kt:286)
01-08 14:54:26.143  7135  7256 E DownloadManager: 	at kotlin.coroutines.jvm.internal.BaseContinuationImpl.resumeWith(ContinuationImpl.kt:33)
01-08 14:54:26.143  7135  7256 E DownloadManager: 	at kotlinx.coroutines.DispatchedTask.run(DispatchedTask.kt:101)
01-08 14:54:26.143  7135  7256 E DownloadManager: 	at kotlinx.coroutines.internal.LimitedDispatcher$Worker.run(LimitedDispatcher.kt:113)
01-08 14:54:26.143  7135  7256 E DownloadManager: 	at kotlinx.coroutines.scheduling.TaskImpl.run(Tasks.kt:89)
01-08 14:54:26.143  7135  7256 E DownloadManager: 	at kotlinx.coroutines.scheduling.CoroutineScheduler.runSafely(CoroutineScheduler.kt:589)
01-08 14:54:26.143  7135  7256 E DownloadManager: 	at kotlinx.coroutines.scheduling.CoroutineScheduler$Worker.executeTask(CoroutineScheduler.kt:823)
01-08 14:54:26.143  7135  7256 E DownloadManager: 	at kotlinx.coroutines.scheduling.CoroutineScheduler$Worker.runWorker(CoroutineScheduler.kt:720)
01-08 14:54:26.143  7135  7256 E DownloadManager: 	at kotlinx.coroutines.scheduling.CoroutineScheduler$Worker.run(CoroutineScheduler.kt:707)
01-08 14:54:26.172  7135  7256 E DownloadManager: Failed to enlist video fOFD1qJGXok after 3 attempts
01-08 14:54:26.172  7135  7256 E DownloadManager: org.schabi.newpipe.extractor.exceptions.ContentNotAvailableException: This video is not available
01-08 14:54:26.172  7135  7256 E DownloadManager: 	at org.schabi.newpipe.extractor.services.youtube.extractors.YoutubeStreamExtractor.checkPlayabilityStatus(YoutubeStreamExtractor.java:929)
01-08 14:54:26.172  7135  7256 E DownloadManager: 	at org.schabi.newpipe.extractor.services.youtube.extractors.YoutubeStreamExtractor.fetchHtml5Client(YoutubeStreamExtractor.java:977)
01-08 14:54:26.172  7135  7256 E DownloadManager: 	at org.schabi.newpipe.extractor.services.youtube.extractors.YoutubeStreamExtractor.onFetchPage(YoutubeStreamExtractor.java:858)
01-08 14:54:26.172  7135  7256 E DownloadManager: 	at org.schabi.newpipe.extractor.Extractor.fetchPage(Extractor.java:60)
01-08 14:54:26.172  7135  7256 E DownloadManager: 	at org.schabi.newpipe.extractor.stream.StreamInfo.getInfo(StreamInfo.java:77)
01-08 14:54:26.172  7135  7256 E DownloadManager: 	at org.schabi.newpipe.extractor.stream.StreamInfo.getInfo(StreamInfo.java:72)
01-08 14:54:26.172  7135  7256 E DownloadManager: 	at org.schabi.newpipe.extractor.stream.StreamInfo.getInfo(StreamInfo.java:67)
01-08 14:54:26.172  7135  7256 E DownloadManager: 	at com.github.libretube.test.api.NewPipeMediaServiceRepository$getStreams$2$respAsync$1.invokeSuspend(NewPipeMediaServiceRepository.kt:286)
01-08 14:54:26.172  7135  7256 E DownloadManager: 	at kotlin.coroutines.jvm.internal.BaseContinuationImpl.resumeWith(ContinuationImpl.kt:33)
01-08 14:54:26.172  7135  7256 E DownloadManager: 	at kotlinx.coroutines.DispatchedTask.run(DispatchedTask.kt:101)
01-08 14:54:26.172  7135  7256 E DownloadManager: 	at kotlinx.coroutines.internal.LimitedDispatcher$Worker.run(LimitedDispatcher.kt:113)
01-08 14:54:26.172  7135  7256 E DownloadManager: 	at kotlinx.coroutines.scheduling.TaskImpl.run(Tasks.kt:89)
01-08 14:54:26.172  7135  7256 E DownloadManager: 	at kotlinx.coroutines.scheduling.CoroutineScheduler.runSafely(CoroutineScheduler.kt:589)
01-08 14:54:26.172  7135  7256 E DownloadManager: 	at kotlinx.coroutines.scheduling.CoroutineScheduler$Worker.executeTask(CoroutineScheduler.kt:823)
01-08 14:54:26.172  7135  7256 E DownloadManager: 	at kotlinx.coroutines.scheduling.CoroutineScheduler$Worker.runWorker(CoroutineScheduler.kt:720)
01-08 14:54:26.172  7135  7256 E DownloadManager: 	at kotlinx.coroutines.scheduling.CoroutineScheduler$Worker.run(CoroutineScheduler.kt:707)
01-08 14:54:26.224  7135  7210 E DownloadManager: Failed to enlist video l5FYjAM3qXw after 3 attempts
01-08 14:54:26.224  7135  7210 E DownloadManager: org.schabi.newpipe.extractor.exceptions.ContentNotAvailableException: This video is not available
01-08 14:54:26.224  7135  7210 E DownloadManager: 	at org.schabi.newpipe.extractor.services.youtube.extractors.YoutubeStreamExtractor.checkPlayabilityStatus(YoutubeStreamExtractor.java:929)
01-08 14:54:26.224  7135  7210 E DownloadManager: 	at org.schabi.newpipe.extractor.services.youtube.extractors.YoutubeStreamExtractor.fetchHtml5Client(YoutubeStreamExtractor.java:977)
01-08 14:54:26.224  7135  7210 E DownloadManager: 	at org.schabi.newpipe.extractor.services.youtube.extractors.YoutubeStreamExtractor.onFetchPage(YoutubeStreamExtractor.java:858)
01-08 14:54:26.224  7135  7210 E DownloadManager: 	at org.schabi.newpipe.extractor.Extractor.fetchPage(Extractor.java:60)
01-08 14:54:26.224  7135  7210 E DownloadManager: 	at org.schabi.newpipe.extractor.stream.StreamInfo.getInfo(StreamInfo.java:77)
01-08 14:54:26.224  7135  7210 E DownloadManager: 	at org.schabi.newpipe.extractor.stream.StreamInfo.getInfo(StreamInfo.java:72)
01-08 14:54:26.224  7135  7210 E DownloadManager: 	at org.schabi.newpipe.extractor.stream.StreamInfo.getInfo(StreamInfo.java:67)
01-08 14:54:26.224  7135  7210 E DownloadManager: 	at com.github.libretube.test.api.NewPipeMediaServiceRepository$getStreams$2$respAsync$1.invokeSuspend(NewPipeMediaServiceRepository.kt:286)
01-08 14:54:26.224  7135  7210 E DownloadManager: 	at kotlin.coroutines.jvm.internal.BaseContinuationImpl.resumeWith(ContinuationImpl.kt:33)
01-08 14:54:26.224  7135  7210 E DownloadManager: 	at kotlinx.coroutines.DispatchedTask.run(DispatchedTask.kt:101)
01-08 14:54:26.224  7135  7210 E DownloadManager: 	at kotlinx.coroutines.internal.LimitedDispatcher$Worker.run(LimitedDispatcher.kt:113)
01-08 14:54:26.224  7135  7210 E DownloadManager: 	at kotlinx.coroutines.scheduling.TaskImpl.run(Tasks.kt:89)
01-08 14:54:26.224  7135  7210 E DownloadManager: 	at kotlinx.coroutines.scheduling.CoroutineScheduler.runSafely(CoroutineScheduler.kt:589)
01-08 14:54:26.224  7135  7210 E DownloadManager: 	at kotlinx.coroutines.scheduling.CoroutineScheduler$Worker.executeTask(CoroutineScheduler.kt:823)
01-08 14:54:26.224  7135  7210 E DownloadManager: 	at kotlinx.coroutines.scheduling.CoroutineScheduler$Worker.runWorker(CoroutineScheduler.kt:720)
01-08 14:54:26.224  7135  7210 E DownloadManager: 	at kotlinx.coroutines.scheduling.CoroutineScheduler$Worker.run(CoroutineScheduler.kt:707)
