01-08 14:54:04.990  7135  7203 D DownloadManager: Skipping duplicate video: ev_KqKmmNlc
01-08 14:54:04.990  7135  7184 D DownloadManager: Skipping duplicate video: O9Ma-SrEckU
01-08 14:54:04.991  7135  7184 D DownloadManager: Skipping duplicate video: yBVFxPExwF8
01-08 14:54:04.992  7135  7184 D DownloadManager: Skipping duplicate video: hytmqGxd9QE
01-08 14:54:04.993  7135  7184 D DownloadManager: Skipping duplicate video: e6zzo68QQYk
01-08 14:54:04.997  7135  7203 D DownloadManager: Skipping duplicate video: 3r5ELckRJAs
01-08 14:54:04.999  7135  7210 D DownloadManager: Skipping duplicate video: yje_kx6vOB0
01-08 14:54:05.000  7135  7203 D DownloadManager: Skipping duplicate video: h_YBZGaPl8M
01-08 14:54:05.001  7135  7203 D DownloadManager: Skipping duplicate video: x_tkMp4Q4_Y
01-08 14:54:05.003  7135  7203 D DownloadManager: Skipping duplicate video: O7h9l5Vb0Q8
01-08 14:54:05.007  7135  7206 D DownloadManager: Skipping duplicate video: C4vcqr0Tnf0
01-08 14:54:05.008  7135  7155 D DownloadManager: Skipping duplicate video: UKKEm8NraJQ
01-08 14:54:05.009  7135  7206 D DownloadManager: Skipping duplicate video: JpeG_addtv4
01-08 14:54:05.011  7135  7153 D DownloadManager: Skipping duplicate video: v1vrXy0zI7w
01-08 14:54:05.012  7135  7184 D DownloadManager: Skipping duplicate video: nyJMwfR9vIE
01-08 14:54:05.015  7135  7203 D DownloadManager: Skipping duplicate video: f9kUUruKYxI
01-08 14:54:05.016  7135  7155 D DownloadManager: Skipping duplicate video: XvQJM1Fuzxs
01-08 14:54:05.017  7135  7155 D DownloadManager: Skipping duplicate video: JqhjYiO4Iqs
01-08 14:54:05.019  7135  7155 D DownloadManager: Skipping duplicate video: AdM1ajc8i_o
01-08 14:54:05.020  7135  7203 D DownloadManager: Skipping duplicate video: YmIc-geZpkw
01-08 14:54:05.024  7135  7155 D DownloadManager: Skipping duplicate video: zSRJjmGmKXc
01-08 14:54:05.026  7135  7155 D DownloadManager: Skipping duplicate video: -aBkbwtf1y8
01-08 14:54:05.027  7135  7195 D DownloadManager: Skipping duplicate video: ojMkrXJc7eQ
01-08 14:54:05.028  7135  7195 D DownloadManager: Skipping duplicate video: 6_tiboW_O7Q
01-08 14:54:05.030  7135  7155 D DownloadManager: Skipping duplicate video: 5v7gguAZGOQ
01-08 14:54:05.034  7135  7155 D DownloadManager: Skipping duplicate video: p7VtujhpB_Q
01-08 14:54:05.036  7135  7155 D DownloadManager: Skipping duplicate video: fu9pv0_0PDw
01-08 14:54:05.036  7135  7154 D DownloadManager: Skipping duplicate video: eugC0etTeGs
01-08 14:54:05.038  7135  7195 D DownloadManager: Skipping duplicate video: JTQkHmgsG00
01-08 14:54:05.040  7135  7155 D DownloadManager: Skipping duplicate video: T_BBc-461oU
01-08 14:54:05.045  7135  7153 D DownloadManager: Skipping duplicate video: r77R658frmc
01-08 14:54:05.046  7135  7184 D DownloadManager: Skipping duplicate video: E-OF_BI0Dc0
01-08 14:54:05.047  7135  7184 D DownloadManager: Skipping duplicate video: ebIjq3rBVJU
01-08 14:54:05.049  7135  7195 D DownloadManager: Skipping duplicate video: k8SHN7mjAD8
01-08 14:54:05.050  7135  7184 D DownloadManager: Skipping duplicate video: zkWBgJ6csiU
01-08 14:54:05.054  7135  7154 D DownloadManager: Skipping duplicate video: HKDQE-H_piE
01-08 14:54:05.055  7135  7184 D DownloadManager: Skipping duplicate video: LBqOWb0XlG8
01-08 14:54:05.056  7135  7184 D DownloadManager: Skipping duplicate video: gAYIASNqAcY
01-08 14:54:05.059  7135  7184 D DownloadManager: Skipping duplicate video: 5DNxKHykhpE
01-08 14:54:05.061  7135  7184 D DownloadManager: Skipping duplicate video: eEkdkk32WhU
01-08 14:54:05.065  7135  7154 D DownloadManager: Skipping duplicate video: _8XZwVBynUI
01-08 14:54:05.068  7135  7203 D DownloadManager: Skipping duplicate video: jt3yQ4Sxjk0
01-08 14:54:05.069  7135  7153 D DownloadManager: Skipping duplicate video: ffYDfvG45sM
01-08 14:54:05.070  7135  7184 D DownloadManager: Skipping duplicate video: IpxwFtIxu7k
01-08 14:54:05.073  7135  7184 D DownloadManager: Skipping duplicate video: SToMQLeEtjw
01-08 14:54:05.077  7135  7203 D DownloadManager: Skipping duplicate video: Dj_9BjXs7PQ
01-08 14:54:05.079  7135  7203 D DownloadManager: Skipping duplicate video: bcy1K6LQ_yY
01-08 14:54:05.080  7135  7203 D DownloadManager: Skipping duplicate video: lSg-mom4GF0
01-08 14:54:05.083  7135  7211 D DownloadManager: Skipping duplicate video: o3BmHS-9f48
01-08 14:54:05.084  7135  7184 D DownloadManager: Skipping duplicate video: ezh8dSLNxK0
01-08 14:54:05.087  7135  7191 D DownloadManager: Skipping duplicate video: gypxTpsjIwc
01-08 14:54:05.089  7135  7191 D DownloadManager: Skipping duplicate video: DWswi8l4Dy8
01-08 14:54:05.091  7135  7153 D DownloadManager: Skipping duplicate video: 3GiLKNZOPWw
01-08 14:54:05.091  7135  7210 D DownloadManager: Skipping duplicate video: fm5a-mDFiPk
01-08 14:54:05.093  7135  7211 D DownloadManager: Skipping duplicate video: fh6_h3BEWLs
01-08 14:54:05.097  7135  7211 D DownloadManager: Skipping duplicate video: xI2DJQpTGRE
01-08 14:54:05.099  7135  7211 D DownloadManager: Skipping duplicate video: M-gKOqiSB2c
01-08 14:54:05.100  7135  7211 D DownloadManager: Skipping duplicate video: Dcf6j8eVVH0
01-08 14:54:05.101  7135  7211 D DownloadManager: Skipping duplicate video: uWP2boQz_n0
01-08 14:54:05.102  7135  7211 D DownloadManager: Skipping duplicate video: nJnFQ1tUeXM
01-08 14:54:05.107  7135  7155 D DownloadManager: Skipping duplicate video: XOt-9XNf3PY
01-08 14:54:05.107  7135  7195 D DownloadManager: Skipping duplicate video: _g0C0BkO-0I
01-08 14:54:05.109  7135  7195 D DownloadManager: Skipping duplicate video: 0Z3X5OotyaI
01-08 14:54:05.109  7135  7155 D DownloadManager: Skipping duplicate video: uaB-pxV08LU
01-08 14:54:05.110  7135  7154 D DownloadManager: Skipping duplicate video: 1j54-2rOvkY
01-08 14:54:05.114  7135  7153 D DownloadManager: Skipping duplicate video: UGvC32wl6PI
01-08 14:54:05.115  7135  7191 D DownloadManager: Skipping duplicate video: 0IFm93yc3zY
01-08 14:54:05.116  7135  7191 D DownloadManager: Skipping duplicate video: THzPkhXYLd4
01-08 14:54:05.117  7135  7203 D DownloadManager: Skipping duplicate video: UK8jNSvRsp8
01-08 14:54:05.119  7135  7153 D DownloadManager: Skipping duplicate video: jyfQkefBAqY
01-08 14:54:05.123  7135  7203 D DownloadManager: Skipping duplicate video: 62E09tGUK48
01-08 14:54:05.124  7135  7210 D DownloadManager: Skipping duplicate video: 8Q7ogrrsKgg
01-08 14:54:05.125  7135  7210 D DownloadManager: Skipping duplicate video: dsewGXLOuXs
01-08 14:54:05.126  7135  7210 D DownloadManager: Skipping duplicate video: SbKaWenqyow
01-08 14:54:05.127  7135  7210 D DownloadManager: Skipping duplicate video: tZcGSFbIelY
01-08 14:54:05.133  7135  7203 D DownloadManager: Skipping duplicate video: BTXL_pGUA1A
01-08 14:54:05.134  7135  7203 D DownloadManager: Skipping duplicate video: 5T3JAsCbpYM
01-08 14:54:05.135  7135  7155 D DownloadManager: Skipping duplicate video: Ho9QufF3l3w
01-08 14:54:05.137  7135  7203 D DownloadManager: Skipping duplicate video: xvXbszUNF98
01-08 14:54:05.138  7135  7155 D DownloadManager: Skipping duplicate video: KCGXa5sfuQw
01-08 14:54:05.142  7135  7258 D DownloadManager: Skipping duplicate video: rD1kh0_I25w
01-08 14:54:05.143  7135  7258 D DownloadManager: Skipping duplicate video: kdRDyAE9_7o
01-08 14:54:05.144  7135  7210 D DownloadManager: Skipping duplicate video: diaZU8gajU4
01-08 14:54:05.146  7135  7258 D DownloadManager: Skipping duplicate video: xRqU0LJUMHY
01-08 14:54:05.147  7135  7210 D DownloadManager: Skipping duplicate video: ixf4IGfhYOo
01-08 14:54:05.151  7135  7210 D DownloadManager: Skipping duplicate video: ttzQvaVthUE
01-08 14:54:05.152  7135  7210 D DownloadManager: Skipping duplicate video: 6PMWnl6gDzE
01-08 14:54:05.154  7135  7210 D DownloadManager: Skipping duplicate video: 0c3ahfS2LHg
01-08 14:54:05.155  7135  7210 D DownloadManager: Skipping duplicate video: oJNXJd_lklk
01-08 14:54:05.156  7135  7210 D DownloadManager: Skipping duplicate video: w8ChzNr2w3k
01-08 14:54:05.160  7135  7203 D DownloadManager: Skipping duplicate video: XCYaktgVxqs
01-08 14:54:05.162  7135  7153 D DownloadManager: Skipping duplicate video: yxp54-_gLGQ
01-08 14:54:05.162  7135  7184 D DownloadManager: Skipping duplicate video: fip_Egw4eLo
01-08 14:54:05.163  7135  7210 D DownloadManager: Skipping duplicate video: XesVqBqWj_A
01-08 14:54:05.164  7135  7210 D DownloadManager: Skipping duplicate video: t50oNbFLfn4
01-08 14:54:05.169  7135  7155 D DownloadManager: Skipping duplicate video: 3VLqps4xdDY
01-08 14:54:05.171  7135  7155 D DownloadManager: Skipping duplicate video: 4khO8uNfu74
01-08 14:54:05.173  7135  7155 D DownloadManager: Skipping duplicate video: EVXcEG9pPuI
01-08 14:54:05.175  7135  7195 D DownloadManager: Skipping duplicate video: dy2fHvQgCrA
01-08 14:54:05.176  7135  7195 D DownloadManager: Skipping duplicate video: JiP9FtYkNag
01-08 14:54:05.181  7135  7153 D DownloadManager: Skipping duplicate video: BJsVMh64AHo
01-08 14:54:05.182  7135  7195 D DownloadManager: Skipping duplicate video: 8zj1Qzu7ETs
01-08 14:54:05.184  7135  7154 D DownloadManager: Skipping duplicate video: KQl8cVk8Lmk
01-08 14:54:05.185  7135  7154 D DownloadManager: Skipping duplicate video: Sj20XjM3kfM
01-08 14:54:05.187  7135  7258 D DownloadManager: Skipping duplicate video: uQBZYBvxzD4
01-08 14:54:05.191  7135  7154 D DownloadManager: Skipping duplicate video: 4hvsC-TADkI
01-08 14:54:05.193  7135  7191 D DownloadManager: Skipping duplicate video: uNWQgcR1S6E
01-08 14:54:05.194  7135  7258 D DownloadManager: Skipping duplicate video: IMONolvzuAE
01-08 14:54:05.196  7135  7258 D DownloadManager: Skipping duplicate video: 6gy5RTVpXrw
01-08 14:54:05.196  7135  7191 D DownloadManager: Skipping duplicate video: APDsrBVBGyg
01-08 14:54:05.201  7135  7155 D DownloadManager: Skipping duplicate video: bKU0wHruuME
01-08 14:54:05.202  7135  7155 D DownloadManager: Skipping duplicate video: EWzx1vKRH9k
01-08 14:54:05.203  7135  7154 D DownloadManager: Skipping duplicate video: qHRiLtd3vJA
01-08 14:54:05.204  7135  7154 D DownloadManager: Skipping duplicate video: wuUMM2E0B6s
01-08 14:54:05.205  7135  7258 D DownloadManager: Skipping duplicate video: GdRFWtp1298
01-08 14:54:05.209  7135  7155 D DownloadManager: Skipping duplicate video: 8jpDr7HLcQU
01-08 14:54:05.210  7135  7258 D DownloadManager: Skipping duplicate video: z6ByHKoTxxs
01-08 14:54:05.211  7135  7258 D DownloadManager: Skipping duplicate video: Z4k4etptJQU
01-08 14:54:05.212  7135  7155 D DownloadManager: Skipping duplicate video: OfHNOuKuRdE
01-08 14:54:05.213  7135  7258 D DownloadManager: Skipping duplicate video: ZekRhol6LRE
01-08 14:54:05.216  7135  7155 D DownloadManager: Skipping duplicate video: 4QSwt6CLS1A
01-08 14:54:05.218  7135  7210 D DownloadManager: Skipping duplicate video: lSnln8ssq6w
01-08 14:54:05.219  7135  7155 D DownloadManager: Skipping duplicate video: 7Nh7F9AK_i4
01-08 14:54:05.221  7135  7191 D DownloadManager: Skipping duplicate video: TqcaXFb2vQo
01-08 14:54:05.221  7135  7191 D DownloadManager: Skipping duplicate video: BINn_BWICHo
01-08 14:54:05.225  7135  7191 D DownloadManager: Skipping duplicate video: QdyLvv2hZcQ
01-08 14:54:05.227  7135  7258 D DownloadManager: Skipping duplicate video: Ujj89abiFqk
01-08 14:54:05.228  7135  7155 D DownloadManager: Skipping duplicate video: uvrpSHP7M6w
01-08 14:54:05.229  7135  7155 D DownloadManager: Skipping duplicate video: RCaBQd4um8c
01-08 14:54:05.231  7135  7206 D DownloadManager: Skipping duplicate video: 87sfThpVAZM
01-08 14:54:05.235  7135  7210 D DownloadManager: Skipping duplicate video: AOv_ANRlDB0
01-08 14:54:05.236  7135  7191 D DownloadManager: Skipping duplicate video: 9QUWeoJayOM
01-08 14:54:05.238  7135  7191 D DownloadManager: Skipping duplicate video: kqOHdJqrH7U
01-08 14:54:05.240  7135  7155 D DownloadManager: Skipping duplicate video: Us87twgRExU
01-08 14:54:05.241  7135  7210 D DownloadManager: Skipping duplicate video: mHAw-M6xUxI
01-08 14:54:05.245  7135  7210 D DownloadManager: Skipping duplicate video: ogZH748JV7Q
01-08 14:54:05.246  7135  7182 D DownloadManager: Skipping duplicate video: hwbrYu4JFPc
01-08 14:54:05.247  7135  7182 D DownloadManager: Skipping duplicate video: an0loubttNU
01-08 14:54:05.248  7135  7184 D DownloadManager: Skipping duplicate video: UpMkCZ9mmfY
01-08 14:54:05.249  7135  7182 D DownloadManager: Skipping duplicate video: C2VXD_R0yoE
01-08 14:54:05.253  7135  7206 D DownloadManager: Skipping duplicate video: FAYx9JbtHRc
01-08 14:54:05.254  7135  7182 D DownloadManager: Skipping duplicate video: 35E4DKnXXCg
01-08 14:54:05.256  7135  7182 D DownloadManager: Skipping duplicate video: ezkBNNFmAJ8
01-08 14:54:05.256  7135  7184 D DownloadManager: Skipping duplicate video: NexxhE65uYo
01-08 14:54:05.258  7135  7206 D DownloadManager: Skipping duplicate video: _9r0-yosPF8
01-08 14:54:05.262  7135  7195 D DownloadManager: Skipping duplicate video: 3B3Qns3giEg
01-08 14:54:05.264  7135  7258 D DownloadManager: Skipping duplicate video: 64Uxf6jrUUQ
01-08 14:54:05.265  7135  7195 D DownloadManager: Skipping duplicate video: htdS1UxDOXA
01-08 14:54:05.267  7135  7191 D DownloadManager: Skipping duplicate video: Pn5A4OHkHZQ
01-08 14:54:05.268  7135  7191 D DownloadManager: Skipping duplicate video: 8Yvgqi5_Mrs
01-08 14:54:05.272  7135  7182 D DownloadManager: Skipping duplicate video: VaQoJno5JpQ
01-08 14:54:05.273  7135  7182 D DownloadManager: Skipping duplicate video: 6lPMtxr-l2k
01-08 14:54:05.274  7135  7210 D DownloadManager: Skipping duplicate video: t3qGv6XZtcQ
01-08 14:54:05.276  7135  7182 D DownloadManager: Skipping duplicate video: VtBSAttj2ws
01-08 14:54:05.277  7135  7182 D DownloadManager: Skipping duplicate video: ZSOJ84sfDDs
01-08 14:54:05.282  7135  7182 D DownloadManager: Skipping duplicate video: MIMtvQIXQXw
01-08 14:54:05.284  7135  7182 D DownloadManager: Skipping duplicate video: CiaLjMhJ61o
01-08 14:54:05.284  7135  7182 D DownloadManager: Skipping duplicate video: 9hykASm4lmo
01-08 14:54:05.286  7135  7191 D DownloadManager: Skipping duplicate video: qT4aMYKjYto
01-08 14:54:05.287  7135  7191 D DownloadManager: Skipping duplicate video: 0DYCDPJQlGY
01-08 14:54:05.291  7135  7182 D DownloadManager: Skipping duplicate video: 41LOLZrjmqM
01-08 14:54:05.293  7135  7210 D DownloadManager: Skipping duplicate video: OYCI0IQFqsw
01-08 14:54:05.294  7135  7191 D DownloadManager: Skipping duplicate video: 0kHTazMt9SI
01-08 14:54:05.295  7135  7210 D DownloadManager: Skipping duplicate video: vBeLwO8HtLo
01-08 14:54:05.297  7135  7210 D DownloadManager: Skipping duplicate video: jr1oTqQeQLI
01-08 14:54:05.301  7135  7182 D DownloadManager: Skipping duplicate video: uyVcirq5uSc
01-08 14:54:05.302  7135  7211 D DownloadManager: Skipping duplicate video: qgpU6YSkhMY
01-08 14:54:05.304  7135  7211 D DownloadManager: Skipping duplicate video: Nqf0_Xxh9HU
01-08 14:54:05.305  7135  7182 D DownloadManager: Skipping duplicate video: SCdN0aH9u0Q
01-08 14:54:05.306  7135  7211 D DownloadManager: Skipping duplicate video: 5TXdihHZAAw
01-08 14:54:05.310  7135  7191 D DownloadManager: Skipping duplicate video: H8ZBJESeo6Q
01-08 14:54:05.312  7135  7211 D DownloadManager: Skipping duplicate video: Ot42oaUM8S4
01-08 14:54:05.313  7135  7258 D DownloadManager: Skipping duplicate video: -Dtj0xoOsY0
01-08 14:54:05.314  7135  7191 D DownloadManager: Skipping duplicate video: oTs9ujKHH8U
01-08 14:54:05.315  7135  7191 D DownloadManager: Skipping duplicate video: EOaJ2PxgoPA
01-08 14:54:05.319  7135  7211 D DownloadManager: Skipping duplicate video: l_XmMTHyxHs
01-08 14:54:05.321  7135  7211 D DownloadManager: Skipping duplicate video: ibxlnXAsmHM
01-08 14:54:05.321  7135  7154 D DownloadManager: Skipping duplicate video: 8MHao6-39VM
01-08 14:54:05.325  7135  7154 D DownloadManager: Skipping duplicate video: fJ-_wD-4QQ4
01-08 14:54:05.326  7135  7211 D DownloadManager: Skipping duplicate video: v_15POnsbKQ
01-08 14:54:05.329  7135  7211 D DownloadManager: Skipping duplicate video: McquvcOKYXk
01-08 14:54:05.332  7135  7182 D DownloadManager: Skipping duplicate video: zil6AdA_1PU
01-08 14:54:05.334  7135  7154 D DownloadManager: Skipping duplicate video: Q81wlHuIaSc
01-08 14:54:05.335  7135  7211 D DownloadManager: Skipping duplicate video: BhXnQPtcFow
01-08 14:54:05.336  7135  7182 D DownloadManager: Skipping duplicate video: xXTs6y4ByVs
01-08 14:54:05.340  7135  7155 D DownloadManager: Skipping duplicate video: UBwh89VuRbk
01-08 14:54:05.342  7135  7203 D DownloadManager: Skipping duplicate video: Orwc14eXZyk
01-08 14:54:05.343  7135  7203 D DownloadManager: Skipping duplicate video: 2H6xr0FIpvI
01-08 14:54:05.345  7135  7154 D DownloadManager: Skipping duplicate video: tmhjibaweao
01-08 14:54:05.346  7135  7154 D DownloadManager: Skipping duplicate video: IS3j2wco8gY
01-08 14:54:05.351  7135  7211 D DownloadManager: Skipping duplicate video: D92qRQH1syg
01-08 14:54:05.351  7135  7211 D DownloadManager: Skipping duplicate video: 01PrW3U8RUo
01-08 14:54:05.352  7135  7203 D DownloadManager: Skipping duplicate video: 3eci3x68f7M
01-08 14:54:05.354  7135  7211 D DownloadManager: Skipping duplicate video: kueubhgEwfA
01-08 14:54:05.355  7135  7182 D DownloadManager: Skipping duplicate video: 1VVMDKUQJoA
01-08 14:54:05.363  7135  7182 D DownloadManager: Skipping duplicate video: grvYRGZqcow
01-08 14:54:05.364  7135  7155 D DownloadManager: Skipping duplicate video: fHClI2lLrYc
01-08 14:54:05.366  7135  7182 D DownloadManager: Skipping duplicate video: PysJ7B_puE4
01-08 14:54:05.367  7135  7155 D DownloadManager: Skipping duplicate video: 1YSXSMEgjS0
01-08 14:54:05.368  7135  7211 D DownloadManager: Skipping duplicate video: CVi3bfUm0Lg
01-08 14:54:05.372  7135  7155 D DownloadManager: Skipping duplicate video: Y8SVV3pGozM
01-08 14:54:05.375  7135  7191 D DownloadManager: Skipping duplicate video: Wr6EtdD_vco
01-08 14:54:05.377  7135  7155 D DownloadManager: Skipping duplicate video: KES-qieL59A
01-08 14:54:05.377  7135  7191 D DownloadManager: Skipping duplicate video: ugFaUPp1mEU
01-08 14:54:05.378  7135  7154 D DownloadManager: Skipping duplicate video: p0wwdYGjDbU
01-08 14:54:05.382  7135  7155 D DownloadManager: Skipping duplicate video: sAzXxgly7kM
01-08 14:54:05.383  7135  7155 D DownloadManager: Skipping duplicate video: wXCigeI1RX0
01-08 14:54:05.385  7135  7191 D DownloadManager: Skipping duplicate video: 7lWzL_VBano
01-08 14:54:05.387  7135  7191 D DownloadManager: Skipping duplicate video: 4aMLf4tqfGQ
01-08 14:54:05.389  7135  7191 D DownloadManager: Skipping duplicate video: Hjrqfms7-bY
01-08 14:54:05.393  7135  7191 D DownloadManager: Skipping duplicate video: _sWE4FzB1ag
01-08 14:54:05.396  7135  7258 D DownloadManager: Skipping duplicate video: JUeaSAVLUO0
01-08 14:54:05.397  7135  7191 D DownloadManager: Skipping duplicate video: 195YLBjhTHs
01-08 14:54:05.399  7135  7191 D DownloadManager: Skipping duplicate video: Hp0LkujoCmc
01-08 14:54:05.400  7135  7191 D DownloadManager: Skipping duplicate video: _WsDebtRCVU
01-08 14:54:05.404  7135  7258 D DownloadManager: Skipping duplicate video: J5YmdSdOgvc
01-08 14:54:05.405  7135  7258 D DownloadManager: Skipping duplicate video: qHwMQb_SriY
01-08 14:54:05.408  7135  7258 D DownloadManager: Skipping duplicate video: Yt9ojnATbfg
01-08 14:54:05.408  7135  7155 D DownloadManager: Skipping duplicate video: 1LwTQy5MyiA
01-08 14:54:05.410  7135  7191 D DownloadManager: Skipping duplicate video: 1L5xte2af5U
01-08 14:54:05.413  7135  7210 D DownloadManager: Skipping duplicate video: KwvYf0JaA1U
01-08 14:54:05.414  7135  7210 D DownloadManager: Skipping duplicate video: vkUp2H2VTW4
01-08 14:54:05.416  7135  7191 D DownloadManager: Skipping duplicate video: 7bM_RU5ajjk
01-08 14:54:05.417  7135  7210 D DownloadManager: Skipping duplicate video: KpBzzMtQKBU
01-08 14:54:05.418  7135  7191 D DownloadManager: Skipping duplicate video: MHmnyusKh5U
01-08 14:54:05.423  7135  7258 D DownloadManager: Skipping duplicate video: 5nlMMyTH8V4
01-08 14:54:05.424  7135  7191 D DownloadManager: Skipping duplicate video: elwpydImsZc
01-08 14:54:05.426  7135  7191 D DownloadManager: Skipping duplicate video: aLYey1qXp90
01-08 14:54:05.427  7135  7182 D DownloadManager: Skipping duplicate video: sFlcGtidizk
01-08 14:54:05.428  7135  7153 D DownloadManager: Skipping duplicate video: I6dlmVidTOM
01-08 14:54:05.433  7135  7203 D DownloadManager: Skipping duplicate video: A4xO1T-_UEc
01-08 14:54:05.434  7135  7154 D DownloadManager: Skipping duplicate video: HcC95i1sloI
01-08 14:54:05.436  7135  7154 D DownloadManager: Skipping duplicate video: 5Si1zNec6GE
01-08 14:54:05.436  7135  7154 D DownloadManager: Skipping duplicate video: 4Qg_4BZ6FtU
01-08 14:54:05.440  7135  7203 D DownloadManager: Skipping duplicate video: P1UHdh0ys4I
01-08 14:54:05.444  7135  7191 D DownloadManager: Skipping duplicate video: NecNPDk2w90
01-08 14:54:05.445  7135  7203 D DownloadManager: Skipping duplicate video: -GyOKmoLbng
01-08 14:54:05.447  7135  7203 D DownloadManager: Skipping duplicate video: dHpvF5Vn7Dg
01-08 14:54:05.447  7135  7203 D DownloadManager: Skipping duplicate video: ZuS28_4c5l4
01-08 14:54:05.449  7135  7203 D DownloadManager: Skipping duplicate video: 5CoI0nVA4kY
01-08 14:54:05.453  7135  7203 D DownloadManager: Skipping duplicate video: P734lyeWnk4
01-08 14:54:05.454  7135  7210 D DownloadManager: Skipping duplicate video: YGZaRwIw6kk
01-08 14:54:05.455  7135  7211 D DownloadManager: Skipping duplicate video: tPZMQXbGdA0
01-08 14:54:05.457  7135  7203 D DownloadManager: Skipping duplicate video: XHM3q_a3t1A
01-08 14:54:05.458  7135  7210 D DownloadManager: Skipping duplicate video: 9nAmZaEapj4
01-08 14:54:05.462  7135  7153 D DownloadManager: Skipping duplicate video: 4d-FhmQ9ff8
01-08 14:54:05.463  7135  7153 D DownloadManager: Skipping duplicate video: T9A1TC42UmM
01-08 14:54:05.464  7135  7154 D DownloadManager: Skipping duplicate video: J3c75bLrlwU
01-08 14:54:05.465  7135  7153 D DownloadManager: Skipping duplicate video: 5tRtUbt1hRs
01-08 14:54:05.466  7135  7258 D DownloadManager: Skipping duplicate video: W8llyBIyooc
01-08 14:54:05.471  7135  7191 D DownloadManager: Skipping duplicate video: _oRlyqyEz40
01-08 14:54:05.472  7135  7211 D DownloadManager: Skipping duplicate video: gEfD82hXN5c
01-08 14:54:05.473  7135  7155 D DownloadManager: Skipping duplicate video: mBRLnJBD9Sc
01-08 14:54:05.474  7135  7211 D DownloadManager: Skipping duplicate video: du_n21l6Hkg
01-08 14:54:05.476  7135  7211 D DownloadManager: Skipping duplicate video: 9bDlAh5v4J8
01-08 14:54:05.480  7135  7211 D DownloadManager: Skipping duplicate video: N0UfdA7PJL0
01-08 14:54:05.481  7135  7211 D DownloadManager: Skipping duplicate video: nn7WJlphPSE
01-08 14:54:05.483  7135  7153 D DownloadManager: Skipping duplicate video: rJcSLBaw2JM
01-08 14:54:05.484  7135  7211 D DownloadManager: Skipping duplicate video: JmLhGLM4Uqc
01-08 14:54:05.485  7135  7191 D DownloadManager: Skipping duplicate video: RErGVXlceRs
01-08 14:54:05.489  7135  7191 D DownloadManager: Skipping duplicate video: tm4cHijresM
01-08 14:54:05.490  7135  7195 D DownloadManager: Skipping duplicate video: lb0TNu103uQ
01-08 14:54:05.492  7135  7206 D DownloadManager: Skipping duplicate video: WfM_pvgI5mA
01-08 14:54:05.493  7135  7206 D DownloadManager: Skipping duplicate video: 0h3s2sUVqB0
01-08 14:54:05.494  7135  7211 D DownloadManager: Skipping duplicate video: wOropKX7ly4
01-08 14:54:05.497  7135  7211 D DownloadManager: Skipping duplicate video: BUlX6vA1XRM
01-08 14:54:05.499  7135  7155 D DownloadManager: Skipping duplicate video: 1ep2YY56fuw
01-08 14:54:05.500  7135  7154 D DownloadManager: Skipping duplicate video: XchnFp8KAK4
01-08 14:54:05.511  7135  7155 D DownloadManager: Skipping duplicate video: bgQDxOpEFR4
01-08 14:54:05.513  7135  7154 D DownloadManager: Skipping duplicate video: H91Qs0R4ItA
01-08 14:54:05.518  7135  7206 D DownloadManager: Skipping duplicate video: hwfk5_50qJ4
01-08 14:54:05.518  7135  7191 D DownloadManager: Skipping duplicate video: KhznoYzO84g
01-08 14:54:05.520  7135  7206 D DownloadManager: Skipping duplicate video: jt6T5PKGkQY
01-08 14:54:05.522  7135  7184 D DownloadManager: Skipping duplicate video: bw7K2uGze8U
01-08 14:54:05.523  7135  7206 D DownloadManager: Skipping duplicate video: LXR2Y8TtY4E
01-08 14:54:05.527  7135  7182 D DownloadManager: Skipping duplicate video: nP_VG9MPXjE
01-08 14:54:05.528  7135  7211 D DownloadManager: Skipping duplicate video: drT_FhGB02M
01-08 14:54:05.530  7135  7154 D DownloadManager: Skipping duplicate video: Nf1RcWyLaA0
01-08 14:54:05.531  7135  7154 D DownloadManager: Skipping duplicate video: jxwNwZPkgts
01-08 14:54:05.533  7135  7154 D DownloadManager: Skipping duplicate video: MvtKgQpMj8Y
01-08 14:54:05.538  7135  7154 D DownloadManager: Skipping duplicate video: Ofe_6YuoSwc
01-08 14:54:05.538  7135  7153 D DownloadManager: Skipping duplicate video: 03RELkOCVbU
01-08 14:54:05.540  7135  7153 D DownloadManager: Skipping duplicate video: IMya4fcvDiY
01-08 14:54:05.542  7135  7184 D DownloadManager: Skipping duplicate video: iTmgief_iIw
01-08 14:54:05.542  7135  7154 D DownloadManager: Skipping duplicate video: 0XaFiUatUmo
01-08 14:54:05.546  7135  7184 D DownloadManager: Skipping duplicate video: toKUc0mSCE8
01-08 14:54:05.548  7135  7184 D DownloadManager: Skipping duplicate video: -UHlHvwzho0
01-08 14:54:05.550  7135  7184 D DownloadManager: Skipping duplicate video: QfxB9haNikE
01-08 14:54:05.551  7135  7203 D DownloadManager: Skipping duplicate video: 0IPr5fD9Z0Q
01-08 14:54:05.552  7135  7211 D DownloadManager: Skipping duplicate video: dCojZqMKKrQ
01-08 14:54:05.556  7135  7155 D DownloadManager: Skipping duplicate video: 6myU1ykjo6Y
01-08 14:54:05.556  7135  7155 D DownloadManager: Skipping duplicate video: 4PHf_FQUCDU
01-08 14:54:05.558  7135  7155 D DownloadManager: Skipping duplicate video: rSmsQ3236sU
01-08 14:54:05.559  7135  7206 D DownloadManager: Skipping duplicate video: -mcyHQ5wMk0
01-08 14:54:05.561  7135  7182 D DownloadManager: Skipping duplicate video: 6mGzx8VgyxY
01-08 14:54:05.564  7135  7154 D DownloadManager: Skipping duplicate video: Ytq7bJ-uS_Y
01-08 14:54:05.566  7135  7206 D DownloadManager: Skipping duplicate video: aPPWG7fclhk
01-08 14:54:05.567  7135  7206 D DownloadManager: Skipping duplicate video: E4cyPgjQiFw
01-08 14:54:05.568  7135  7206 D DownloadManager: Skipping duplicate video: fkrEdxmCzWQ
01-08 14:54:05.569  7135  7154 D DownloadManager: Skipping duplicate video: GdghHNmJSd0
01-08 14:54:05.573  7135  7154 D DownloadManager: Skipping duplicate video: GCGOF0pPKvI
01-08 14:54:05.574  7135  7154 D DownloadManager: Skipping duplicate video: gXj9BSZN00E
01-08 14:54:05.576  7135  7203 D DownloadManager: Skipping duplicate video: vJ9-fh4dgNo
01-08 14:54:05.578  7135  7154 D DownloadManager: Skipping duplicate video: TgZOOxrbTjA
01-08 14:54:05.578  7135  7206 D DownloadManager: Skipping duplicate video: r2TpbF1Pk60
01-08 14:54:05.582  7135  7258 D DownloadManager: Skipping duplicate video: ZS55JF-Z9FQ
01-08 14:54:05.583  7135  7153 D DownloadManager: Skipping duplicate video: UHao04nv4Eg
01-08 14:54:05.584  7135  7258 D DownloadManager: Skipping duplicate video: 4GAW6o7eajw
01-08 14:54:05.587  7135  7211 D DownloadManager: Skipping duplicate video: BvAoV9qLGRA
01-08 14:54:09.402  7135  7206 E DownloadManager: Failed to enlist video Tm1BC7N2ATw after 3 attempts
01-08 14:54:09.402  7135  7206 E DownloadManager: org.schabi.newpipe.extractor.exceptions.ContentNotAvailableException: This video is not available
01-08 14:54:09.402  7135  7206 E DownloadManager: 	at org.schabi.newpipe.extractor.services.youtube.extractors.YoutubeStreamExtractor.checkPlayabilityStatus(YoutubeStreamExtractor.java:929)
01-08 14:54:09.402  7135  7206 E DownloadManager: 	at org.schabi.newpipe.extractor.services.youtube.extractors.YoutubeStreamExtractor.fetchHtml5Client(YoutubeStreamExtractor.java:977)
01-08 14:54:09.402  7135  7206 E DownloadManager: 	at org.schabi.newpipe.extractor.services.youtube.extractors.YoutubeStreamExtractor.onFetchPage(YoutubeStreamExtractor.java:858)
01-08 14:54:09.402  7135  7206 E DownloadManager: 	at org.schabi.newpipe.extractor.Extractor.fetchPage(Extractor.java:60)
01-08 14:54:09.402  7135  7206 E DownloadManager: 	at org.schabi.newpipe.extractor.stream.StreamInfo.getInfo(StreamInfo.java:77)
01-08 14:54:09.402  7135  7206 E DownloadManager: 	at org.schabi.newpipe.extractor.stream.StreamInfo.getInfo(StreamInfo.java:72)
01-08 14:54:09.402  7135  7206 E DownloadManager: 	at org.schabi.newpipe.extractor.stream.StreamInfo.getInfo(StreamInfo.java:67)
01-08 14:54:09.402  7135  7206 E DownloadManager: 	at com.github.libretube.test.api.NewPipeMediaServiceRepository$getStreams$2$respAsync$1.invokeSuspend(NewPipeMediaServiceRepository.kt:286)
01-08 14:54:09.402  7135  7206 E DownloadManager: 	at kotlin.coroutines.jvm.internal.BaseContinuationImpl.resumeWith(ContinuationImpl.kt:33)
01-08 14:54:09.402  7135  7206 E DownloadManager: 	at kotlinx.coroutines.DispatchedTask.run(DispatchedTask.kt:101)
01-08 14:54:09.402  7135  7206 E DownloadManager: 	at kotlinx.coroutines.internal.LimitedDispatcher$Worker.run(LimitedDispatcher.kt:113)
01-08 14:54:09.402  7135  7206 E DownloadManager: 	at kotlinx.coroutines.scheduling.TaskImpl.run(Tasks.kt:89)
01-08 14:54:09.402  7135  7206 E DownloadManager: 	at kotlinx.coroutines.scheduling.CoroutineScheduler.runSafely(CoroutineScheduler.kt:589)
01-08 14:54:09.402  7135  7206 E DownloadManager: 	at kotlinx.coroutines.scheduling.CoroutineScheduler$Worker.executeTask(CoroutineScheduler.kt:823)
01-08 14:54:09.402  7135  7206 E DownloadManager: 	at kotlinx.coroutines.scheduling.CoroutineScheduler$Worker.runWorker(CoroutineScheduler.kt:720)
01-08 14:54:09.402  7135  7206 E DownloadManager: 	at kotlinx.coroutines.scheduling.CoroutineScheduler$Worker.run(CoroutineScheduler.kt:707)
01-08 14:54:09.421  7135  7153 D DownloadManager: Skipping duplicate video: zzgUZt5scbY
01-08 14:54:09.426  7135  7184 D DownloadManager: Skipping duplicate video: BX-ptO0eeDI
01-08 14:54:09.725  7135  7188 D DownloadManager: Skipping duplicate video: Wnt5XAooDjo
01-08 14:54:09.726  7135  7188 D DownloadManager: Skipping duplicate video: ib8FunNzsg0
01-08 14:54:09.727  7135  7191 D DownloadManager: Skipping duplicate video: 4-J7QxJfn3U
01-08 14:54:09.728  7135  7191 D DownloadManager: Skipping duplicate video: RECResAs8d4
01-08 14:54:09.729  7135  7211 D DownloadManager: Skipping duplicate video: DrF5ST4W-zU
01-08 14:54:09.732  7135  7210 D DownloadManager: Skipping duplicate video: UhJiY07aGqE
01-08 14:54:09.732  7135  7184 D DownloadManager: Skipping duplicate video: ONc22KtX7fQ
01-08 14:54:09.733  7135  7188 D DownloadManager: Skipping duplicate video: QNjCPC0VAf4
01-08 14:54:09.734  7135  7191 D DownloadManager: Skipping duplicate video: QmeNUVWir-k
01-08 14:54:09.734  7135  7210 D DownloadManager: Skipping duplicate video: QCBRrOKsiH8
01-08 14:54:09.736  7135  7210 D DownloadManager: Skipping duplicate video: CWj7jT3nR5E
01-08 14:54:09.737  7135  7191 D DownloadManager: Skipping duplicate video: uPe6WMo55WU
01-08 14:54:09.738  7135  7210 D DownloadManager: Skipping duplicate video: Ubrtd-HVU2c
01-08 14:54:09.740  7135  7153 D DownloadManager: Skipping duplicate video: AV0PS2ZY9lg
01-08 14:54:09.741  7135  7210 D DownloadManager: Skipping duplicate video: 8haXxnwWCBs
01-08 14:54:09.743  7135  7195 D DownloadManager: Skipping duplicate video: KvXSf9QLcyw
01-08 14:54:09.744  7135  7195 D DownloadManager: Skipping duplicate video: eyTEr0GQnBM
01-08 14:54:09.745  7135  7195 D DownloadManager: Skipping duplicate video: Qc9l9jc6Y9w
01-08 14:54:09.746  7135  7195 D DownloadManager: Skipping duplicate video: TpoWauTMlLs
01-08 14:54:09.746  7135  7195 D DownloadManager: Skipping duplicate video: jvbxaUZoXO8
01-08 14:54:09.748  7135  7195 D DownloadManager: Skipping duplicate video: S-HMrDu6UsM
01-08 14:54:09.749  7135  7184 D DownloadManager: Skipping duplicate video: 1rYBGgiBwu4
01-08 14:54:09.750  7135  7184 D DownloadManager: Skipping duplicate video: 4xhOD7Q8LNU
01-08 14:54:09.752  7135  7195 D DownloadManager: Skipping duplicate video: _Z6wxp-WPjw
01-08 14:54:09.752  7135  7184 D DownloadManager: Skipping duplicate video: WAG_nw7BG4M
01-08 14:54:09.755  7135  7210 D DownloadManager: Skipping duplicate video: 3aQ9TjCrpgQ
01-08 14:54:09.756  7135  7195 D DownloadManager: Skipping duplicate video: N2aReo2ciQY
01-08 14:54:09.757  7135  7155 D DownloadManager: Skipping duplicate video: lr_gwBQg3ZY
01-08 14:54:09.758  7135  7195 D DownloadManager: Skipping duplicate video: k6DssKj3BCg
01-08 14:54:09.759  7135  7155 D DownloadManager: Skipping duplicate video: djO9JneZjKc
01-08 14:54:09.762  7135  7188 D DownloadManager: Skipping duplicate video: 1Opl_u9GFus
01-08 14:54:09.763  7135  7258 D DownloadManager: Skipping duplicate video: ZlRqAJpqj30
01-08 14:54:09.763  7135  7206 D DownloadManager: Skipping duplicate video: 0pl_M_KYt5c
01-08 14:54:09.764  7135  7206 D DownloadManager: Skipping duplicate video: T5tDmD2U4kI
01-08 14:54:09.765  7135  7258 D DownloadManager: Skipping duplicate video: hDYjPoNtUbI
01-08 14:54:09.768  7135  7153 D DownloadManager: Skipping duplicate video: MIr1BGfFx2w
01-08 14:54:09.768  7135  7195 D DownloadManager: Skipping duplicate video: hBr0FPjiNA4
01-08 14:54:09.769  7135  7195 D DownloadManager: Skipping duplicate video: aBlRau90omI
01-08 14:54:09.770  7135  7153 D DownloadManager: Skipping duplicate video: Yv3XQzq4yUw
01-08 14:54:09.770  7135  7195 D DownloadManager: Skipping duplicate video: VPzEQuX3Tvk
01-08 14:54:09.773  7135  7210 D DownloadManager: Skipping duplicate video: MjDBfTbQ_18
01-08 14:54:09.774  7135  7210 D DownloadManager: Skipping duplicate video: fKH1C2JC_Yc
01-08 14:54:09.774  7135  7210 D DownloadManager: Skipping duplicate video: aJ_v7W20CIs
01-08 14:54:09.775  7135  7210 D DownloadManager: Skipping duplicate video: dpKyO4zkVK0
01-08 14:54:09.776  7135  7210 D DownloadManager: Skipping duplicate video: XWCgUK5D1BI
01-08 14:54:09.778  7135  7184 D DownloadManager: Skipping duplicate video: oJLvGN9X-Z4
01-08 14:54:09.779  7135  7155 D DownloadManager: Skipping duplicate video: et0-Mh5UR58
01-08 14:54:09.780  7135  7155 D DownloadManager: Skipping duplicate video: T_wJGHL3JjE
01-08 14:54:09.782  7135  7155 D DownloadManager: Skipping duplicate video: QUpnrWg_c0U
01-08 14:54:09.783  7135  7155 D DownloadManager: Skipping duplicate video: mvcsBh7m_Zk
01-08 14:54:09.785  7135  7206 D DownloadManager: Skipping duplicate video: 2MTPDPonKnY
01-08 14:54:09.786  7135  7191 D DownloadManager: Skipping duplicate video: J2gvpc0zo0M
01-08 14:54:09.787  7135  7191 D DownloadManager: Skipping duplicate video: ySNJqar6wW8
01-08 14:54:09.788  7135  7258 D DownloadManager: Skipping duplicate video: 1TT7bOxlorw
01-08 14:54:09.788  7135  7258 D DownloadManager: Skipping duplicate video: IkrOGH71eKA
01-08 14:54:09.792  7135  7206 D DownloadManager: Skipping duplicate video: f0wMYW470cM
01-08 14:54:09.793  7135  7184 D DownloadManager: Skipping duplicate video: Hp9I8NOquPY
01-08 14:54:09.793  7135  7184 D DownloadManager: Skipping duplicate video: SAZNZ51OtdA
01-08 14:54:09.795  7135  7206 D DownloadManager: Skipping duplicate video: kDVPbEUU5L4
01-08 14:54:09.796  7135  7206 D DownloadManager: Skipping duplicate video: UheWYR1LkZ8
01-08 14:54:09.799  7135  7154 D DownloadManager: Skipping duplicate video: TL3-9aq5Rfg
01-08 14:54:09.800  7135  7154 D DownloadManager: Skipping duplicate video: LMOShP5dsCw
01-08 14:54:09.801  7135  7203 D DownloadManager: Skipping duplicate video: ewa8rdpG6LQ
01-08 14:54:09.801  7135  7154 D DownloadManager: Skipping duplicate video: UE6KMXxOy7A
01-08 14:54:09.802  7135  7154 D DownloadManager: Skipping duplicate video: xBjrceyreR0
01-08 14:54:09.804  7135  7203 D DownloadManager: Skipping duplicate video: fn7Gi7YVx7Q
01-08 14:54:09.806  7135  7153 D DownloadManager: Skipping duplicate video: IwPHdPf1io4
01-08 14:54:09.807  7135  7195 D DownloadManager: Skipping duplicate video: rr9PEl8v2WU
01-08 14:54:09.807  7135  7153 D DownloadManager: Skipping duplicate video: fdNdxUN11Es
01-08 14:54:09.808  7135  7203 D DownloadManager: Skipping duplicate video: JzU99mOHP0A
01-08 14:54:09.811  7135  7258 D DownloadManager: Skipping duplicate video: u74TssmP5CY
01-08 14:54:09.812  7135  7203 D DownloadManager: Skipping duplicate video: Xpqn2pjV6vM
01-08 14:54:09.812  7135  7182 D DownloadManager: Skipping duplicate video: zsP1FhlrDDc
01-08 14:54:09.812  7135  7203 D DownloadManager: Skipping duplicate video: yphnMAW2pao
01-08 14:54:09.814  7135  7203 D DownloadManager: Skipping duplicate video: -28p6dL3Qg4
01-08 14:54:09.817  7135  7203 D DownloadManager: Skipping duplicate video: rH8NDZWmGAA
01-08 14:54:09.817  7135  7184 D DownloadManager: Skipping duplicate video: oSVFKRJkk4A
01-08 14:54:09.818  7135  7203 D DownloadManager: Skipping duplicate video: LH5aKTDkVHU
01-08 14:54:09.818  7135  7184 D DownloadManager: Skipping duplicate video: cvy689iznS8
01-08 14:54:09.820  7135  7191 D DownloadManager: Skipping duplicate video: -qDQzdpgfiA
01-08 14:54:09.823  7135  7203 D DownloadManager: Skipping duplicate video: MZ8_zUsu77g
01-08 14:54:09.825  7135  7153 D DownloadManager: Skipping duplicate video: FGk-lTxN69w
01-08 14:54:09.826  7135  7210 D DownloadManager: Skipping duplicate video: wHn2njfQCuA
01-08 14:54:09.827  7135  7203 D DownloadManager: Skipping duplicate video: WmC7qSYhRxs
01-08 14:54:09.827  7135  7153 D DownloadManager: Skipping duplicate video: 1A32f9J3o8g
01-08 14:54:09.830  7135  7153 D DownloadManager: Skipping duplicate video: lmldBGON3r0
01-08 14:54:09.830  7135  7153 D DownloadManager: Skipping duplicate video: 21QM9yzSz4g
01-08 14:54:09.831  7135  7153 D DownloadManager: Skipping duplicate video: pMs-dQ99LTQ
01-08 14:54:09.832  7135  7206 D DownloadManager: Skipping duplicate video: -nbKDBw8HXs
01-08 14:54:09.833  7135  7206 D DownloadManager: Skipping duplicate video: _lr-7m8eoE8
01-08 14:54:09.835  7135  7206 D DownloadManager: Skipping duplicate video: e63EJ8wPKEI
01-08 14:54:09.835  7135  7191 D DownloadManager: Skipping duplicate video: izt2rnr-Sv8
01-08 14:54:09.836  7135  7206 D DownloadManager: Skipping duplicate video: pmAZ_xCgHWk
01-08 14:54:09.837  7135  7206 D DownloadManager: Skipping duplicate video: uVeZO85nHSk
01-08 14:54:09.837  7135  7203 D DownloadManager: Skipping duplicate video: Jp4ADXvd9jE
01-08 14:54:09.840  7135  7206 D DownloadManager: Skipping duplicate video: zu2Hs-HHLbg
01-08 14:54:09.841  7135  7153 D DownloadManager: Skipping duplicate video: Drmbns8Y0rg
01-08 14:54:09.842  7135  7153 D DownloadManager: Skipping duplicate video: KgQbeOoo-nE
01-08 14:54:09.842  7135  7191 D DownloadManager: Skipping duplicate video: Rw1I7nVJ5aY
01-08 14:54:09.843  7135  7203 D DownloadManager: Skipping duplicate video: eU7xNtonBd0
01-08 14:54:09.846  7135  7203 D DownloadManager: Skipping duplicate video: 70QTYmOJrow
01-08 14:54:09.848  7135  7206 D DownloadManager: Skipping duplicate video: BeEzpm8y4H4
01-08 14:54:09.848  7135  7210 D DownloadManager: Skipping duplicate video: ru96FlB_OWQ
01-08 14:54:09.848  7135  7191 D DownloadManager: Skipping duplicate video: OmRb3c7YT38
01-08 14:54:09.849  7135  7206 D DownloadManager: Skipping duplicate video: ZztlcejWob8
01-08 14:54:09.851  7135  7203 D DownloadManager: Skipping duplicate video: orfnBcxKvX8
01-08 14:54:09.852  7135  7210 D DownloadManager: Skipping duplicate video: IFJPAiUbjnI
01-08 14:54:09.853  7135  7210 D DownloadManager: Skipping duplicate video: YaZZwsiMjZg
01-08 14:54:09.854  7135  7203 D DownloadManager: Skipping duplicate video: q3h249eDFYI
01-08 14:54:09.854  7135  7203 D DownloadManager: Skipping duplicate video: D1_xpIFzdug
01-08 14:54:09.857  7135  7203 D DownloadManager: Skipping duplicate video: r5qoXtEdpH8
01-08 14:54:09.857  7135  7188 D DownloadManager: Skipping duplicate video: 4JtP1kwuozw
01-08 14:54:09.858  7135  7203 D DownloadManager: Skipping duplicate video: 0R1EIqGiJMY
01-08 14:54:09.859  7135  7188 D DownloadManager: Skipping duplicate video: pO7Bu20jLeo
01-08 14:54:09.860  7135  7258 D DownloadManager: Skipping duplicate video: vLPW-Z5AYMw
01-08 14:54:09.862  7135  7210 D DownloadManager: Skipping duplicate video: e4E01E-Q2Gk
01-08 14:54:09.863  7135  7188 D DownloadManager: Skipping duplicate video: PYgcJpC6WAQ
01-08 14:54:09.864  7135  7210 D DownloadManager: Skipping duplicate video: NivQ_dJVkbk
01-08 14:54:09.864  7135  7210 D DownloadManager: Skipping duplicate video: at489NLr0N4
01-08 14:54:09.865  7135  7210 D DownloadManager: Skipping duplicate video: xVkL1IbV_vU
01-08 14:54:09.868  7135  7188 D DownloadManager: Skipping duplicate video: 4AAqSluzwrU
01-08 14:54:09.868  7135  7155 D DownloadManager: Skipping duplicate video: Tn92Ll5SThY
01-08 14:54:09.869  7135  7191 D DownloadManager: Skipping duplicate video: 2EEXtmVF92g
01-08 14:54:09.870  7135  7191 D DownloadManager: Skipping duplicate video: UYXDLraElGM
01-08 14:54:09.870  7135  7191 D DownloadManager: Skipping duplicate video: ILDyEBEZ1k4
01-08 14:54:09.872  7135  7188 D DownloadManager: Skipping duplicate video: PZRBwfij87I
01-08 14:54:09.873  7135  7191 D DownloadManager: Skipping duplicate video: 5eaJu1UJ2ts
01-08 14:54:09.874  7135  7191 D DownloadManager: Skipping duplicate video: WUreMfBm43w
01-08 14:54:09.875  7135  7188 D DownloadManager: Skipping duplicate video: xuoTSc1Wz6Q
01-08 14:54:09.875  7135  7206 D DownloadManager: Skipping duplicate video: eTYA3zvLc3U
01-08 14:54:09.877  7135  7203 D DownloadManager: Skipping duplicate video: YPGxr2KWNr0
01-08 14:54:09.878  7135  7210 D DownloadManager: Skipping duplicate video: CuHnHsVostg
01-08 14:54:09.879  7135  7203 D DownloadManager: Skipping duplicate video: Qv8gAnGuixY
01-08 14:54:09.879  7135  7203 D DownloadManager: Skipping duplicate video: CITWurHnVMo
01-08 14:54:09.880  7135  7203 D DownloadManager: Skipping duplicate video: LGjOjViPq8g
01-08 14:54:09.882  7135  7153 D DownloadManager: Skipping duplicate video: 89-XKZEnfxU
01-08 14:54:09.883  7135  7203 D DownloadManager: Skipping duplicate video: owYApkHaLM4
01-08 14:54:09.884  7135  7203 D DownloadManager: Skipping duplicate video: IxfN1IJtndg
01-08 14:54:09.885  7135  7153 D DownloadManager: Skipping duplicate video: MmQjfaTEuKM
01-08 14:54:09.885  7135  7206 D DownloadManager: Skipping duplicate video: PYRobUWKEyo
01-08 14:54:09.887  7135  7195 D DownloadManager: Skipping duplicate video: 9TXAEupSpqE
01-08 14:54:09.888  7135  7206 D DownloadManager: Skipping duplicate video: QNUkgvoOP9w
01-08 14:54:09.889  7135  7195 D DownloadManager: Skipping duplicate video: 38LGyJ1DvzA
01-08 14:54:09.889  7135  7195 D DownloadManager: Skipping duplicate video: pRT9WYKzqeA
01-08 14:54:09.891  7135  7206 D DownloadManager: Skipping duplicate video: R9aHcmKEY8s
01-08 14:54:09.893  7135  7188 D DownloadManager: Skipping duplicate video: IRaUOpjIhCQ
01-08 14:54:09.894  7135  7195 D DownloadManager: Skipping duplicate video: H5ZEgeKI-RY
01-08 14:54:09.895  7135  7210 D DownloadManager: Skipping duplicate video: yzINF5NHJ2U
01-08 14:54:09.895  7135  7210 D DownloadManager: Skipping duplicate video: Nvd4Pt8O98o
01-08 14:54:09.896  7135  7210 D DownloadManager: Skipping duplicate video: VJN3DHpmM3g
01-08 14:54:09.899  7135  7188 D DownloadManager: Skipping duplicate video: 50Cy1YKg3RI
01-08 14:54:09.899  7135  7188 D DownloadManager: Skipping duplicate video: HyK2KY630ws
01-08 14:54:09.900  7135  7203 D DownloadManager: Skipping duplicate video: 95-m9097ij0
01-08 14:54:09.901  7135  7195 D DownloadManager: Skipping duplicate video: 9ML6JqYDiHY
01-08 14:54:09.902  7135  7203 D DownloadManager: Skipping duplicate video: g0nIfMKO7Tk
01-08 14:54:09.904  7135  7258 D DownloadManager: Skipping duplicate video: _jcdpLUH6S8
01-08 14:54:09.905  7135  7203 D DownloadManager: Skipping duplicate video: 8jiVVW_TnUc
01-08 14:54:09.905  7135  7206 D DownloadManager: Skipping duplicate video: aVpkM0GHzU4
01-08 14:54:09.906  7135  7188 D DownloadManager: Skipping duplicate video: H7HDsr_DvJg
01-08 14:54:09.907  7135  7210 D DownloadManager: Skipping duplicate video: oy7LoNx36rE
01-08 14:54:09.909  7135  7154 D DownloadManager: Skipping duplicate video: HZC1NOQKwP8
01-08 14:54:09.910  7135  7211 D DownloadManager: Skipping duplicate video: AVIqBvQdQoI
01-08 14:54:09.911  7135  7188 D DownloadManager: Skipping duplicate video: lL8fiHX7rBs
01-08 14:54:09.912  7135  7188 D DownloadManager: Skipping duplicate video: yeLZTLsBI40
01-08 14:54:09.912  7135  7211 D DownloadManager: Skipping duplicate video: JQBZE9qMBbw
01-08 14:54:09.915  7135  7155 D DownloadManager: Skipping duplicate video: YqT4xRjytOo
01-08 14:54:09.916  7135  7258 D DownloadManager: Skipping duplicate video: 4dJfka9Q4pg
01-08 14:54:09.916  7135  7155 D DownloadManager: Skipping duplicate video: ASmkb3qeYt8
01-08 14:54:09.917  7135  7206 D DownloadManager: Skipping duplicate video: 9qRvaJ1TKGs
01-08 14:54:09.917  7135  7182 D DownloadManager: Skipping duplicate video: fizpkK_HOzk
01-08 14:54:09.920  7135  7206 D DownloadManager: Skipping duplicate video: eefJa3ydaKQ
01-08 14:54:09.920  7135  7206 D DownloadManager: Skipping duplicate video: bx4BBCYZbFY
01-08 14:54:09.921  7135  7206 D DownloadManager: Skipping duplicate video: X4CnTndjlxU
01-08 14:54:09.922  7135  7256 D DownloadManager: Skipping duplicate video: JIc0b7fToA8
01-08 14:54:09.923  7135  7206 D DownloadManager: Skipping duplicate video: McTvummBHt0
01-08 14:54:09.925  7135  7258 D DownloadManager: Skipping duplicate video: 3zWNVUwpwts
01-08 14:54:09.925  7135  7256 D DownloadManager: Skipping duplicate video: fccXKFiXEGU
01-08 14:54:09.926  7135  7256 D DownloadManager: Skipping duplicate video: c5itKl6Mdn4
01-08 14:54:09.927  7135  7210 D DownloadManager: Skipping duplicate video: is9J2yQRFRA
01-08 14:54:09.927  7135  7210 D DownloadManager: Skipping duplicate video: Q_WDDQ8FsxE
01-08 14:54:09.930  7135  7258 D DownloadManager: Skipping duplicate video: b3Stbu-DZOs
01-08 14:54:09.931  7135  7258 D DownloadManager: Skipping duplicate video: 60AliPgEIog
01-08 14:54:09.932  7135  7206 D DownloadManager: Skipping duplicate video: cfa-VJUpMKQ
01-08 14:54:09.932  7135  7206 D DownloadManager: Skipping duplicate video: pZKQswihHF0
01-08 14:54:09.933  7135  7206 D DownloadManager: Skipping duplicate video: fCDoslIAsE8
01-08 14:54:09.935  7135  7154 D DownloadManager: Skipping duplicate video: 5X-QuLik8ZE
01-08 14:54:09.936  7135  7258 D DownloadManager: Skipping duplicate video: Y5FP5pdile4
01-08 14:54:09.936  7135  7258 D DownloadManager: Skipping duplicate video: DeHdGFjxsws
01-08 14:54:09.938  7135  7258 D DownloadManager: Skipping duplicate video: fUzyGnsqaYM
01-08 14:54:09.938  7135  7258 D DownloadManager: Skipping duplicate video: PiRn4_HUeTU
01-08 14:54:09.940  7135  7191 D DownloadManager: Skipping duplicate video: 52Ezi37HxXc
01-08 14:54:09.941  7135  7155 D DownloadManager: Skipping duplicate video: gpx7m_lK-zY
01-08 14:54:09.942  7135  7155 D DownloadManager: Skipping duplicate video: V7xE7fvKn9A
01-08 14:54:09.942  7135  7155 D DownloadManager: Skipping duplicate video: 8wVgAmwN5gI
01-08 14:54:09.943  7135  7155 D DownloadManager: Skipping duplicate video: akg1oj6szWc
01-08 14:54:09.946  7135  7191 D DownloadManager: Skipping duplicate video: FTQoaGIJA2A
01-08 14:54:09.946  7135  7191 D DownloadManager: Skipping duplicate video: APx3a0F_2T0
01-08 14:54:09.947  7135  7258 D DownloadManager: Skipping duplicate video: UjGmxicMRAo
01-08 14:54:09.948  7135  7206 D DownloadManager: Skipping duplicate video: L2do1ORIjb4
01-08 14:54:09.948  7135  7206 D DownloadManager: Skipping duplicate video: FkIM9iWxxWA
01-08 14:54:09.951  7135  7256 D DownloadManager: Skipping duplicate video: 7u68pkTAiqs
01-08 14:54:09.951  7135  7256 D DownloadManager: Skipping duplicate video: o56j-S1bDRM
01-08 14:54:09.952  7135  7258 D DownloadManager: Skipping duplicate video: VP0UcQIRcxo
01-08 14:54:09.953  7135  7258 D DownloadManager: Skipping duplicate video: 21eSB2SnByM
01-08 14:54:09.953  7135  7258 D DownloadManager: Skipping duplicate video: tgdxaWY74x8
01-08 14:54:09.956  7135  7195 D DownloadManager: Skipping duplicate video: xvmtppGdv1Y
01-08 14:54:09.956  7135  7195 D DownloadManager: Skipping duplicate video: qTDUrha-2E8
01-08 14:54:09.957  7135  7206 D DownloadManager: Skipping duplicate video: -isADy_7HkM
01-08 14:54:09.957  7135  7188 D DownloadManager: Skipping duplicate video: 8j7BS8vLt24
01-08 14:54:09.958  7135  7211 D DownloadManager: Skipping duplicate video: 5wksKrXsJPY
01-08 14:54:09.960  7135  7154 D DownloadManager: Skipping duplicate video: HVdXJW40tx4
01-08 14:54:09.961  7135  7154 D DownloadManager: Skipping duplicate video: XFQsPl1PWkY
01-08 14:54:09.961  7135  7258 D DownloadManager: Skipping duplicate video: qHGfzC2Zmwc
01-08 14:54:09.963  7135  7154 D DownloadManager: Skipping duplicate video: gIGcG9o82xo
01-08 14:54:09.963  7135  7206 D DownloadManager: Skipping duplicate video: OIZdmtX2bhs
01-08 14:54:09.965  7135  7258 D DownloadManager: Skipping duplicate video: u_AmOeMGFm0
01-08 14:54:09.966  7135  7258 D DownloadManager: Skipping duplicate video: go7bBnBZBwE
01-08 14:54:09.966  7135  7153 D DownloadManager: Skipping duplicate video: jjOdCBwQkgE
01-08 14:54:09.967  7135  7258 D DownloadManager: Skipping duplicate video: FgXP3na9bP4
01-08 14:54:09.967  7135  7258 D DownloadManager: Skipping duplicate video: lZrHC8GJ-z4
01-08 14:54:09.970  7135  7211 D DownloadManager: Skipping duplicate video: JRbcRiGi1xM
01-08 14:54:09.971  7135  7184 D DownloadManager: Skipping duplicate video: IcCY8VkemwY
01-08 14:54:09.971  7135  7184 D DownloadManager: Skipping duplicate video: tn_vP3fneqA
01-08 14:54:09.972  7135  7195 D DownloadManager: Skipping duplicate video: wG9vU1t0I5E
01-08 14:54:09.972  7135  7188 D DownloadManager: Skipping duplicate video: xJ-3eV5W8bA
01-08 14:54:09.975  7135  7206 D DownloadManager: Skipping duplicate video: l6R6MGqRAec
01-08 14:54:09.975  7135  7206 D DownloadManager: Skipping duplicate video: eydj8ePJ2jI
