01-08 14:54:18.544  7135  7187 D DownloadManager: Skipping duplicate video: toKUc0mSCE8
01-08 14:54:18.544  7135  7155 D DownloadManager: Skipping duplicate video: 0IPr5fD9Z0Q
01-08 14:54:18.546  7135  7187 D DownloadManager: Skipping duplicate video: dCojZqMKKrQ
01-08 14:54:18.549  7135  7187 D DownloadManager: Skipping duplicate video: -UHlHvwzho0
01-08 14:54:18.550  7135  7187 D DownloadManager: Skipping duplicate video: QfxB9haNikE
01-08 14:54:18.553  7135  7153 D DownloadManager: Skipping duplicate video: 6myU1ykjo6Y
01-08 14:54:18.554  7135  7258 D DownloadManager: Skipping duplicate video: rSmsQ3236sU
01-08 14:54:18.555  7135  7258 D DownloadManager: Skipping duplicate video: 4PHf_FQUCDU
01-08 14:54:18.556  7135  7258 D DownloadManager: Skipping duplicate video: -mcyHQ5wMk0
01-08 14:54:18.557  7135  7258 D DownloadManager: Skipping duplicate video: 6mGzx8VgyxY
01-08 14:54:18.560  7135  7203 D DownloadManager: Skipping duplicate video: Ytq7bJ-uS_Y
01-08 14:54:18.561  7135  7153 D DownloadManager: Skipping duplicate video: aPPWG7fclhk
01-08 14:54:18.562  7135  7182 D DownloadManager: Skipping duplicate video: E4cyPgjQiFw
01-08 14:54:18.564  7135  7210 D DownloadManager: Skipping duplicate video: fkrEdxmCzWQ
01-08 14:54:18.566  7135  7182 D DownloadManager: Skipping duplicate video: GdghHNmJSd0
01-08 14:54:18.572  7135  7182 D DownloadManager: Skipping duplicate video: GCGOF0pPKvI
01-08 14:54:18.572  7135  7195 D DownloadManager: Skipping duplicate video: gXj9BSZN00E
01-08 14:54:18.573  7135  7210 D DownloadManager: Skipping duplicate video: TgZOOxrbTjA
01-08 14:54:18.574  7135  7182 D DownloadManager: Skipping duplicate video: r2TpbF1Pk60
01-08 14:54:18.577  7135  7182 D DownloadManager: Skipping duplicate video: vJ9-fh4dgNo
01-08 14:54:18.585  7135  7203 D DownloadManager: Skipping duplicate video: 4GAW6o7eajw
01-08 14:54:18.590  7135  7258 D DownloadManager: Skipping duplicate video: UHao04nv4Eg
01-08 14:54:18.590  7135  7256 D DownloadManager: Skipping duplicate video: ZS55JF-Z9FQ
01-08 14:54:18.590  7135  7256 D DownloadManager: Skipping duplicate video: BvAoV9qLGRA
01-08 14:54:21.263  7135  7210 E DownloadManager: Failed to enlist video jJeWU6nnfAc after 3 attempts
01-08 14:54:21.263  7135  7210 E DownloadManager: org.schabi.newpipe.extractor.exceptions.ContentNotAvailableException: This video is not available
01-08 14:54:21.263  7135  7210 E DownloadManager: 	at org.schabi.newpipe.extractor.services.youtube.extractors.YoutubeStreamExtractor.checkPlayabilityStatus(YoutubeStreamExtractor.java:929)
01-08 14:54:21.263  7135  7210 E DownloadManager: 	at org.schabi.newpipe.extractor.services.youtube.extractors.YoutubeStreamExtractor.fetchHtml5Client(YoutubeStreamExtractor.java:977)
01-08 14:54:21.263  7135  7210 E DownloadManager: 	at org.schabi.newpipe.extractor.services.youtube.extractors.YoutubeStreamExtractor.onFetchPage(YoutubeStreamExtractor.java:858)
01-08 14:54:21.263  7135  7210 E DownloadManager: 	at org.schabi.newpipe.extractor.Extractor.fetchPage(Extractor.java:60)
01-08 14:54:21.263  7135  7210 E DownloadManager: 	at org.schabi.newpipe.extractor.stream.StreamInfo.getInfo(StreamInfo.java:77)
01-08 14:54:21.263  7135  7210 E DownloadManager: 	at org.schabi.newpipe.extractor.stream.StreamInfo.getInfo(StreamInfo.java:72)
01-08 14:54:21.263  7135  7210 E DownloadManager: 	at org.schabi.newpipe.extractor.stream.StreamInfo.getInfo(StreamInfo.java:67)
01-08 14:54:21.263  7135  7210 E DownloadManager: 	at com.github.libretube.test.api.NewPipeMediaServiceRepository$getStreams$2$respAsync$1.invokeSuspend(NewPipeMediaServiceRepository.kt:286)
01-08 14:54:21.263  7135  7210 E DownloadManager: 	at kotlin.coroutines.jvm.internal.BaseContinuationImpl.resumeWith(ContinuationImpl.kt:33)
01-08 14:54:21.263  7135  7210 E DownloadManager: 	at kotlinx.coroutines.DispatchedTask.run(DispatchedTask.kt:101)
01-08 14:54:21.263  7135  7210 E DownloadManager: 	at kotlinx.coroutines.internal.LimitedDispatcher$Worker.run(LimitedDispatcher.kt:113)
01-08 14:54:21.263  7135  7210 E DownloadManager: 	at kotlinx.coroutines.scheduling.TaskImpl.run(Tasks.kt:89)
01-08 14:54:21.263  7135  7210 E DownloadManager: 	at kotlinx.coroutines.scheduling.CoroutineScheduler.runSafely(CoroutineScheduler.kt:589)
01-08 14:54:21.263  7135  7210 E DownloadManager: 	at kotlinx.coroutines.scheduling.CoroutineScheduler$Worker.executeTask(CoroutineScheduler.kt:823)
01-08 14:54:21.263  7135  7210 E DownloadManager: 	at kotlinx.coroutines.scheduling.CoroutineScheduler$Worker.runWorker(CoroutineScheduler.kt:720)
01-08 14:54:21.263  7135  7210 E DownloadManager: 	at kotlinx.coroutines.scheduling.CoroutineScheduler$Worker.run(CoroutineScheduler.kt:707)
01-08 14:54:21.334  7135  7210 E DownloadManager: Failed to enlist video u8gZDUUAxD4 after 3 attempts
01-08 14:54:21.334  7135  7210 E DownloadManager: org.schabi.newpipe.extractor.exceptions.ContentNotAvailableException: This video is not available
01-08 14:54:21.334  7135  7210 E DownloadManager: 	at org.schabi.newpipe.extractor.services.youtube.extractors.YoutubeStreamExtractor.checkPlayabilityStatus(YoutubeStreamExtractor.java:929)
01-08 14:54:21.334  7135  7210 E DownloadManager: 	at org.schabi.newpipe.extractor.services.youtube.extractors.YoutubeStreamExtractor.fetchHtml5Client(YoutubeStreamExtractor.java:977)
01-08 14:54:21.334  7135  7210 E DownloadManager: 	at org.schabi.newpipe.extractor.services.youtube.extractors.YoutubeStreamExtractor.onFetchPage(YoutubeStreamExtractor.java:858)
01-08 14:54:21.334  7135  7210 E DownloadManager: 	at org.schabi.newpipe.extractor.Extractor.fetchPage(Extractor.java:60)
01-08 14:54:21.334  7135  7210 E DownloadManager: 	at org.schabi.newpipe.extractor.stream.StreamInfo.getInfo(StreamInfo.java:77)
01-08 14:54:21.334  7135  7210 E DownloadManager: 	at org.schabi.newpipe.extractor.stream.StreamInfo.getInfo(StreamInfo.java:72)
01-08 14:54:21.334  7135  7210 E DownloadManager: 	at org.schabi.newpipe.extractor.stream.StreamInfo.getInfo(StreamInfo.java:67)
01-08 14:54:21.334  7135  7210 E DownloadManager: 	at com.github.libretube.test.api.NewPipeMediaServiceRepository$getStreams$2$respAsync$1.invokeSuspend(NewPipeMediaServiceRepository.kt:286)
01-08 14:54:21.334  7135  7210 E DownloadManager: 	at kotlin.coroutines.jvm.internal.BaseContinuationImpl.resumeWith(ContinuationImpl.kt:33)
01-08 14:54:21.334  7135  7210 E DownloadManager: 	at kotlinx.coroutines.DispatchedTask.run(DispatchedTask.kt:101)
01-08 14:54:21.334  7135  7210 E DownloadManager: 	at kotlinx.coroutines.internal.LimitedDispatcher$Worker.run(LimitedDispatcher.kt:113)
01-08 14:54:21.334  7135  7210 E DownloadManager: 	at kotlinx.coroutines.scheduling.TaskImpl.run(Tasks.kt:89)
01-08 14:54:21.334  7135  7210 E DownloadManager: 	at kotlinx.coroutines.scheduling.CoroutineScheduler.runSafely(CoroutineScheduler.kt:589)
01-08 14:54:21.334  7135  7210 E DownloadManager: 	at kotlinx.coroutines.scheduling.CoroutineScheduler$Worker.executeTask(CoroutineScheduler.kt:823)
01-08 14:54:21.334  7135  7210 E DownloadManager: 	at kotlinx.coroutines.scheduling.CoroutineScheduler$Worker.runWorker(CoroutineScheduler.kt:720)
01-08 14:54:21.334  7135  7210 E DownloadManager: 	at kotlinx.coroutines.scheduling.CoroutineScheduler$Worker.run(CoroutineScheduler.kt:707)
01-08 14:54:21.342  7135  7210 E DownloadManager: Failed to enlist video OAgQKzQHLpg after 3 attempts
01-08 14:54:21.342  7135  7210 E DownloadManager: org.schabi.newpipe.extractor.exceptions.ContentNotAvailableException: This video is not available
01-08 14:54:21.342  7135  7210 E DownloadManager: 	at org.schabi.newpipe.extractor.services.youtube.extractors.YoutubeStreamExtractor.checkPlayabilityStatus(YoutubeStreamExtractor.java:929)
01-08 14:54:21.342  7135  7210 E DownloadManager: 	at org.schabi.newpipe.extractor.services.youtube.extractors.YoutubeStreamExtractor.fetchHtml5Client(YoutubeStreamExtractor.java:977)
01-08 14:54:21.342  7135  7210 E DownloadManager: 	at org.schabi.newpipe.extractor.services.youtube.extractors.YoutubeStreamExtractor.onFetchPage(YoutubeStreamExtractor.java:858)
01-08 14:54:21.342  7135  7210 E DownloadManager: 	at org.schabi.newpipe.extractor.Extractor.fetchPage(Extractor.java:60)
01-08 14:54:21.342  7135  7210 E DownloadManager: 	at org.schabi.newpipe.extractor.stream.StreamInfo.getInfo(StreamInfo.java:77)
01-08 14:54:21.342  7135  7210 E DownloadManager: 	at org.schabi.newpipe.extractor.stream.StreamInfo.getInfo(StreamInfo.java:72)
01-08 14:54:21.342  7135  7210 E DownloadManager: 	at org.schabi.newpipe.extractor.stream.StreamInfo.getInfo(StreamInfo.java:67)
01-08 14:54:21.342  7135  7210 E DownloadManager: 	at com.github.libretube.test.api.NewPipeMediaServiceRepository$getStreams$2$respAsync$1.invokeSuspend(NewPipeMediaServiceRepository.kt:286)
01-08 14:54:21.342  7135  7210 E DownloadManager: 	at kotlin.coroutines.jvm.internal.BaseContinuationImpl.resumeWith(ContinuationImpl.kt:33)
01-08 14:54:21.342  7135  7210 E DownloadManager: 	at kotlinx.coroutines.DispatchedTask.run(DispatchedTask.kt:101)
01-08 14:54:21.342  7135  7210 E DownloadManager: 	at kotlinx.coroutines.internal.LimitedDispatcher$Worker.run(LimitedDispatcher.kt:113)
01-08 14:54:21.342  7135  7210 E DownloadManager: 	at kotlinx.coroutines.scheduling.TaskImpl.run(Tasks.kt:89)
01-08 14:54:21.342  7135  7210 E DownloadManager: 	at kotlinx.coroutines.scheduling.CoroutineScheduler.runSafely(CoroutineScheduler.kt:589)
01-08 14:54:21.342  7135  7210 E DownloadManager: 	at kotlinx.coroutines.scheduling.CoroutineScheduler$Worker.executeTask(CoroutineScheduler.kt:823)
01-08 14:54:21.342  7135  7210 E DownloadManager: 	at kotlinx.coroutines.scheduling.CoroutineScheduler$Worker.runWorker(CoroutineScheduler.kt:720)
01-08 14:54:21.342  7135  7210 E DownloadManager: 	at kotlinx.coroutines.scheduling.CoroutineScheduler$Worker.run(CoroutineScheduler.kt:707)
01-08 14:54:21.357  7135  7155 D DownloadManager: Skipping duplicate video: h_W5YwadyRM
01-08 14:54:21.357  7135  7258 D DownloadManager: Skipping duplicate video: nYRhpu0MVhc
01-08 14:54:21.357  7135  7155 D DownloadManager: Skipping duplicate video: 8sYH620ezgI
01-08 14:54:21.360  7135  7155 D DownloadManager: Skipping duplicate video: Y7z-z79mBvc
01-08 14:54:21.361  7135  7153 D DownloadManager: Skipping duplicate video: RKZNPx-K1AA
01-08 14:54:21.364  7135  7256 D DownloadManager: Skipping duplicate video: 3E1NLVzDZ_Y
01-08 14:54:21.365  7135  7258 D DownloadManager: Skipping duplicate video: 9RinpdiN4gc
01-08 14:54:21.365  7135  7203 D DownloadManager: Skipping duplicate video: RFJUF_qYozA
01-08 14:54:21.368  7135  7203 D DownloadManager: Skipping duplicate video: w2xR8U3OPqQ
01-08 14:54:21.368  7135  7258 D DownloadManager: Skipping duplicate video: VQkFW5RTb9w
01-08 14:54:21.374  7135  7210 D DownloadManager: Skipping duplicate video: Ny18-2ttkmk
01-08 14:54:21.375  7135  7210 D DownloadManager: Skipping duplicate video: XzpiqfY9snw
01-08 14:54:21.377  7135  7256 D DownloadManager: Skipping duplicate video: yN9a9hDia_k
01-08 14:54:21.377  7135  7256 D DownloadManager: Skipping duplicate video: clivV7KPKMY
01-08 14:54:21.379  7135  7256 D DownloadManager: Skipping duplicate video: NELidBLHsNg
01-08 14:54:21.382  7135  7191 D DownloadManager: Skipping duplicate video: M9F_niHPcFY
01-08 14:54:21.384  7135  7191 D DownloadManager: Skipping duplicate video: -AB2oMdzdLA
01-08 14:54:21.388  7135  7191 D DownloadManager: Skipping duplicate video: 2XNXm3MFb8c
01-08 14:54:21.390  7135  7258 D DownloadManager: Skipping duplicate video: 4BqnCHAToFk
01-08 14:54:21.390  7135  7256 D DownloadManager: Skipping duplicate video: OYItLIDREXQ
01-08 14:54:21.395  7135  7203 D DownloadManager: Skipping duplicate video: 8E_9jJ1mmZE
01-08 14:54:21.395  7135  7256 D DownloadManager: Skipping duplicate video: mzDC2junQlk
01-08 14:54:21.397  7135  7258 D DownloadManager: Skipping duplicate video: Hy7HogNUA-4
01-08 14:54:21.398  7135  7210 D DownloadManager: Skipping duplicate video: CHG7I1dVP3E
01-08 14:54:21.400  7135  7210 D DownloadManager: Skipping duplicate video: YoYoMSifP9A
01-08 14:54:21.404  7135  7211 D DownloadManager: Skipping duplicate video: 4WSxp-9Eddw
01-08 14:54:21.404  7135  7153 D DownloadManager: Skipping duplicate video: 2mO-AErp-BI
01-08 14:54:21.405  7135  7195 D DownloadManager: Skipping duplicate video: Iyf9VakLfoI
01-08 14:54:21.406  7135  7211 D DownloadManager: Skipping duplicate video: 6d3eVnF0CNg
01-08 14:54:21.407  7135  7256 D DownloadManager: Skipping duplicate video: A3LcWrijQ7I
01-08 14:54:21.411  7135  7155 D DownloadManager: Skipping duplicate video: 8gW1odfUdwE
01-08 14:54:21.412  7135  7211 D DownloadManager: Skipping duplicate video: ga6pbCV2V5U
01-08 14:54:21.414  7135  7211 D DownloadManager: Skipping duplicate video: 0KynwQ7hd1g
01-08 14:54:21.414  7135  7155 D DownloadManager: Skipping duplicate video: MWdm967pQFM
01-08 14:54:21.415  7135  7178 D DownloadManager: Skipping duplicate video: efx2Y7iTAw4
01-08 14:54:21.422  7135  7256 D DownloadManager: Skipping duplicate video: A7pB7csRJbE
01-08 14:54:21.422  7135  7256 D DownloadManager: Skipping duplicate video: 7h2PVlgza7U
01-08 14:54:21.424  7135  7178 D DownloadManager: Skipping duplicate video: 56MHvLWJgVU
01-08 14:54:21.426  7135  7256 D DownloadManager: Skipping duplicate video: lIdLkd2PigE
01-08 14:54:21.427  7135  7256 D DownloadManager: Skipping duplicate video: YaFpEuI_ZXg
01-08 14:54:21.431  7135  7210 D DownloadManager: Skipping duplicate video: BKxAklYxt24
01-08 14:54:21.431  7135  7210 D DownloadManager: Skipping duplicate video: ij6TC_Rg434
01-08 14:54:21.440  7135  7210 D DownloadManager: Skipping duplicate video: wWb2XSN7bh8
01-08 14:54:21.442  7135  7211 D DownloadManager: Skipping duplicate video: XeMX1QdgGeg
01-08 14:54:21.443  7135  7211 D DownloadManager: Skipping duplicate video: J8l6vy7smeE
01-08 14:54:21.446  7135  7256 D DownloadManager: Skipping duplicate video: H3j5BPmxZ-k
01-08 14:54:21.448  7135  7211 D DownloadManager: Skipping duplicate video: 7SvkwtN34Y8
01-08 14:54:21.449  7135  7211 D DownloadManager: Skipping duplicate video: R5JJLvTmmC8
01-08 14:54:21.452  7135  7258 D DownloadManager: Skipping duplicate video: -0XTqp-RXj4
01-08 14:54:21.455  7135  7258 D DownloadManager: Skipping duplicate video: isG0xd63oA4
01-08 14:54:21.460  7135  7211 D DownloadManager: Skipping duplicate video: RyZvAAA34h8
01-08 14:54:21.461  7135  7207 D DownloadManager: Skipping duplicate video: NZOPIiDkkaQ
01-08 14:54:21.461  7135  7256 D DownloadManager: Skipping duplicate video: wwvE0Ry2hkM
01-08 14:54:21.462  7135  7258 D DownloadManager: Skipping duplicate video: bPYP_nGQk6M
01-08 14:54:21.463  7135  7211 D DownloadManager: Skipping duplicate video: C865ZfyNDhM
01-08 14:54:21.466  7135  7182 D DownloadManager: Skipping duplicate video: mH1NNlOhguk
01-08 14:54:21.469  7135  7178 D DownloadManager: Skipping duplicate video: yVE2-jak4vM
01-08 14:54:21.473  7135  7256 D DownloadManager: Skipping duplicate video: noqcY9VgrHs
01-08 14:54:21.475  7135  7256 D DownloadManager: Skipping duplicate video: fl9h2G7YX8w
01-08 14:54:21.477  7135  7256 D DownloadManager: Skipping duplicate video: kBRSZ6W3XLU
01-08 14:54:21.480  7135  7153 D DownloadManager: Skipping duplicate video: uj6XcEXVNB4
01-08 14:54:21.482  7135  7153 D DownloadManager: Skipping duplicate video: o3DwuCReIGg
01-08 14:54:21.483  7135  7153 D DownloadManager: Skipping duplicate video: Hh7P0VEaoIo
01-08 14:54:21.492  7135  7153 D DownloadManager: Skipping duplicate video: 06GZxzkcrX8
01-08 14:54:21.493  7135  7153 D DownloadManager: Skipping duplicate video: qjAf5NfuGMg
01-08 14:54:21.497  7135  7153 D DownloadManager: Skipping duplicate video: Nqs1SJz0CmU
01-08 14:54:21.498  7135  7258 D DownloadManager: Skipping duplicate video: gp9zPxGepc4
01-08 14:54:21.501  7135  7153 D DownloadManager: Skipping duplicate video: cEYQNBzqU1g
01-08 14:54:21.502  7135  7153 D DownloadManager: Skipping duplicate video: 4J0Ln-WYhmI
01-08 14:54:21.504  7135  7178 D DownloadManager: Skipping duplicate video: D8-gIJc0ztc
01-08 14:54:21.516  7135  7191 D DownloadManager: Skipping duplicate video: aH2VAnvUaaU
01-08 14:54:21.516  7135  7258 D DownloadManager: Skipping duplicate video: THY7R_C2Efc
01-08 14:54:21.517  7135  7258 D DownloadManager: Skipping duplicate video: H-CMK5toIm0
01-08 14:54:21.524  7135  7210 D DownloadManager: Skipping duplicate video: KxjiPgpVkqc
01-08 14:54:21.525  7135  7258 D DownloadManager: Skipping duplicate video: 5YLVvDvcSsM
01-08 14:54:21.529  7135  7210 D DownloadManager: Skipping duplicate video: S8mW3KPdTeU
01-08 14:54:21.532  7135  7258 D DownloadManager: Skipping duplicate video: yswq-kJULns
01-08 14:54:21.532  7135  7210 D DownloadManager: Skipping duplicate video: TqOOP9_SFKc
01-08 14:54:21.533  7135  7258 D DownloadManager: Skipping duplicate video: Jb9kD63jwQ8
01-08 14:54:21.536  7135  7258 D DownloadManager: Skipping duplicate video: h34PmKNExEs
01-08 14:54:21.541  7135  7207 D DownloadManager: Skipping duplicate video: 0xeAQT1rk9Q
01-08 14:54:21.543  7135  7207 D DownloadManager: Skipping duplicate video: 46joYSwNcYs
01-08 14:54:21.543  7135  7155 D DownloadManager: Skipping duplicate video: eButeVsrqRY
01-08 14:54:21.545  7135  7155 D DownloadManager: Skipping duplicate video: XoIA6CAyyRM
01-08 14:54:21.546  7135  7207 D DownloadManager: Skipping duplicate video: RSkApckj0ig
01-08 14:54:21.551  7135  7191 D DownloadManager: Skipping duplicate video: UpW4Q0xKI3c
01-08 14:54:21.553  7135  7206 D DownloadManager: Skipping duplicate video: bvaX4jzUvbw
01-08 14:54:21.556  7135  7206 D DownloadManager: Skipping duplicate video: cZQ3vuZ50AI
01-08 14:54:21.556  7135  7195 D DownloadManager: Skipping duplicate video: DwbmbuUI8X8
01-08 14:54:21.556  7135  7211 D DownloadManager: Skipping duplicate video: 8ejovXX5dgQ
01-08 14:54:21.561  7135  7206 D DownloadManager: Skipping duplicate video: INdaeHnsrcU
01-08 14:54:21.563  7135  7206 D DownloadManager: Skipping duplicate video: x2ovdf33fac
01-08 14:54:21.564  7135  7206 D DownloadManager: Skipping duplicate video: GKOqfdNDTX8
01-08 14:54:21.567  7135  7256 D DownloadManager: Skipping duplicate video: XrGdMzpyq_U
01-08 14:54:21.567  7135  7207 D DownloadManager: Skipping duplicate video: eycSGJ6waVE
01-08 14:54:21.574  7135  7207 D DownloadManager: Skipping duplicate video: -LY0Q8BBunY
01-08 14:54:21.575  7135  7206 D DownloadManager: Skipping duplicate video: 9SiJdideAq0
01-08 14:54:21.575  7135  7182 D DownloadManager: Skipping duplicate video: ORl8ksf5kwg
01-08 14:54:21.577  7135  7187 D DownloadManager: Skipping duplicate video: X4JDqcnOw3A
01-08 14:54:21.578  7135  7187 D DownloadManager: Skipping duplicate video: 1sVAfjMG_o0
01-08 14:54:21.583  7135  7207 D DownloadManager: Skipping duplicate video: tIWKxoSVafI
01-08 14:54:21.587  7135  7206 D DownloadManager: Skipping duplicate video: Ba-AfAvJvU8
01-08 14:54:21.587  7135  7155 D DownloadManager: Skipping duplicate video: HKt5_bqNiF4
01-08 14:54:21.590  7135  7155 D DownloadManager: Skipping duplicate video: 3OiyHwe9Is4
01-08 14:54:21.591  7135  7206 D DownloadManager: Skipping duplicate video: MCFbORsVUBE
01-08 14:54:21.595  7135  7207 D DownloadManager: Skipping duplicate video: 8t9kF9Cll1s
01-08 14:54:21.596  7135  7155 D DownloadManager: Skipping duplicate video: Trkf0cXDFPc
01-08 14:54:21.598  7135  7155 D DownloadManager: Skipping duplicate video: gqRhblCW6Ds
01-08 14:54:21.600  7135  7210 D DownloadManager: Skipping duplicate video: TmiSop6TxBU
01-08 14:54:21.601  7135  7187 D DownloadManager: Skipping duplicate video: Y3dkPDADkLk
01-08 14:54:21.605  7135  7195 D DownloadManager: Skipping duplicate video: j20iHw7IG4Q
01-08 14:54:21.606  7135  7210 D DownloadManager: Skipping duplicate video: 5SCspL1lN00
01-08 14:54:21.608  7135  7258 D DownloadManager: Skipping duplicate video: KjQJ5yutp7o
01-08 14:54:21.609  7135  7258 D DownloadManager: Skipping duplicate video: mQko1uC0rlU
01-08 14:54:21.610  7135  7258 D DownloadManager: Skipping duplicate video: y8O6S8DPNmM
01-08 14:54:21.614  7135  7206 D DownloadManager: Skipping duplicate video: KidVng5p8dk
01-08 14:54:21.614  7135  7206 D DownloadManager: Skipping duplicate video: 7LnHiTglDyo
01-08 14:54:21.615  7135  7256 D DownloadManager: Skipping duplicate video: ZGp4SJtXFlw
01-08 14:54:21.616  7135  7195 D DownloadManager: Skipping duplicate video: leycwPEzcmk
01-08 14:54:21.617  7135  7258 D DownloadManager: Skipping duplicate video: W81O1VYOvR8
01-08 14:54:21.622  7135  7206 D DownloadManager: Skipping duplicate video: J-A_ecjUSSE
01-08 14:54:21.623  7135  7206 D DownloadManager: Skipping duplicate video: w0_qU9EU5aw
01-08 14:54:21.624  7135  7195 D DownloadManager: Skipping duplicate video: UtHweQzgn9I
01-08 14:54:21.625  7135  7207 D DownloadManager: Skipping duplicate video: 7k8rM2dDWw8
01-08 14:54:21.626  7135  7207 D DownloadManager: Skipping duplicate video: OHk32IpS3zY
01-08 14:54:21.630  7135  7206 D DownloadManager: Skipping duplicate video: P7IFIfnqBtY
01-08 14:54:21.631  7135  7258 D DownloadManager: Skipping duplicate video: t2fSo5Tv_Jo
01-08 14:54:21.632  7135  7191 D DownloadManager: Skipping duplicate video: wyUj6HnWBgg
01-08 14:54:21.633  7135  7191 D DownloadManager: Skipping duplicate video: GIsqwKGvJzc
01-08 14:54:21.634  7135  7258 D DownloadManager: Skipping duplicate video: 0NdyV9sGl34
01-08 14:54:21.639  7135  7256 D DownloadManager: Skipping duplicate video: oi4lKgAstqo
01-08 14:54:21.641  7135  7203 D DownloadManager: Skipping duplicate video: 2pBgSZZdigE
01-08 14:54:21.642  7135  7258 D DownloadManager: Skipping duplicate video: Hrr72_ElJss
01-08 14:54:21.643  7135  7206 D DownloadManager: Skipping duplicate video: bt4z4rzGfKA
01-08 14:54:21.644  7135  7206 D DownloadManager: Skipping duplicate video: QgRUAIRRorA
01-08 14:54:21.648  7135  7191 D DownloadManager: Skipping duplicate video: ctTEre_l7Z8
01-08 14:54:21.648  7135  7207 D DownloadManager: Skipping duplicate video: YW5NWgJ0UFg
01-08 14:54:21.650  7135  7258 D DownloadManager: Skipping duplicate video: Za5tl9RjC6Q
01-08 14:54:21.652  7135  7203 D DownloadManager: Skipping duplicate video: 9bUgIo7-VyA
01-08 14:54:21.654  7135  7203 D DownloadManager: Skipping duplicate video: NcJOxnXktaI
01-08 14:54:21.659  7135  7256 D DownloadManager: Skipping duplicate video: Ab2ON8577m4
01-08 14:54:21.660  7135  7256 D DownloadManager: Skipping duplicate video: uUUfSM_gnBQ
01-08 14:54:21.663  7135  7191 D DownloadManager: Skipping duplicate video: drJHN4XLUG4
01-08 14:54:21.664  7135  7155 D DownloadManager: Skipping duplicate video: f7Bi52YfmBI
01-08 14:54:21.664  7135  7206 D DownloadManager: Skipping duplicate video: lJYKZv6M0p4
01-08 14:54:21.667  7135  7203 D DownloadManager: Skipping duplicate video: 9ewyZ6oQr2M
01-08 14:54:21.669  7135  7155 D DownloadManager: Skipping duplicate video: rM3hxNGpvF0
01-08 14:54:21.671  7135  7258 D DownloadManager: Skipping duplicate video: Yo5jwYLLCcw
01-08 14:54:21.672  7135  7258 D DownloadManager: Skipping duplicate video: UTipVR2t1fs
01-08 14:54:21.674  7135  7256 D DownloadManager: Skipping duplicate video: HNRtaJUYwpY
01-08 14:54:21.677  7135  7206 D DownloadManager: Skipping duplicate video: vV2cEFZNM8U
01-08 14:54:21.678  7135  7155 D DownloadManager: Skipping duplicate video: wWh6yhA6oGQ
01-08 14:54:21.680  7135  7155 D DownloadManager: Skipping duplicate video: kVlZDk5kJQg
01-08 14:54:21.681  7135  7210 D DownloadManager: Skipping duplicate video: VXWwZQ5IZi0
01-08 14:54:21.682  7135  7155 D DownloadManager: Skipping duplicate video: nRzYAp5esKc
01-08 14:54:21.685  7135  7206 D DownloadManager: Skipping duplicate video: SOdj-QSmKlk
01-08 14:54:21.688  7135  7195 D DownloadManager: Skipping duplicate video: P9mDH5-7J90
01-08 14:54:21.688  7135  7203 D DownloadManager: Skipping duplicate video: xyjp0BGzLgg
01-08 14:54:21.691  7135  7203 D DownloadManager: Skipping duplicate video: XZXIOStQAcQ
01-08 14:54:21.692  7135  7203 D DownloadManager: Skipping duplicate video: eU6XoALHO7o
01-08 14:54:21.697  7135  7203 D DownloadManager: Skipping duplicate video: zBLO_rgebMI
01-08 14:54:21.698  7135  7206 D DownloadManager: Skipping duplicate video: cfOLbUiTtVQ
01-08 14:54:21.699  7135  7182 D DownloadManager: Skipping duplicate video: wq753gwcjJc
01-08 14:54:21.701  7135  7203 D DownloadManager: Skipping duplicate video: y-U-BLAgoFg
01-08 14:54:21.701  7135  7203 D DownloadManager: Skipping duplicate video: AcxMG4M0Fbs
01-08 14:54:21.707  7135  7155 D DownloadManager: Skipping duplicate video: H7UM0f3vmfo
01-08 14:54:21.708  7135  7155 D DownloadManager: Skipping duplicate video: k3PLBL4z4ek
01-08 14:54:21.710  7135  7155 D DownloadManager: Skipping duplicate video: NFEgocEACO8
01-08 14:54:21.710  7135  7256 D DownloadManager: Skipping duplicate video: ueLOqD_dUIA
01-08 14:54:21.711  7135  7206 D DownloadManager: Skipping duplicate video: Cw5W3L1F0C0
01-08 14:54:21.714  7135  7195 D DownloadManager: Skipping duplicate video: TZT4LkMvmJ0
01-08 14:54:21.716  7135  7195 D DownloadManager: Skipping duplicate video: vfkdpgvpWtI
01-08 14:54:21.717  7135  7187 D DownloadManager: Skipping duplicate video: yW3a3cTWqO0
01-08 14:54:21.717  7135  7195 D DownloadManager: Skipping duplicate video: z9MOLBPP7ow
01-08 14:54:21.719  7135  7195 D DownloadManager: Skipping duplicate video: bZmFYKC9-0U
01-08 14:54:21.723  7135  7210 D DownloadManager: Skipping duplicate video: QjVJgvsYzGk
01-08 14:54:21.724  7135  7195 D DownloadManager: Skipping duplicate video: Rtew0Uw1c1c
01-08 14:54:21.726  7135  7195 D DownloadManager: Skipping duplicate video: 68v-YIiCpOo
01-08 14:54:21.726  7135  7187 D DownloadManager: Skipping duplicate video: o-vhjakbI5g
01-08 14:54:21.727  7135  7187 D DownloadManager: Skipping duplicate video: p47rZSEm8gI
01-08 14:54:21.731  7135  7258 D DownloadManager: Skipping duplicate video: Qp888lupMJE
01-08 14:54:21.732  7135  7191 D DownloadManager: Skipping duplicate video: Ncf6Q9h5xA8
01-08 14:54:21.733  7135  7207 D DownloadManager: Skipping duplicate video: gN4aU1B58Bg
01-08 14:54:21.734  7135  7258 D DownloadManager: Skipping duplicate video: dKgXtJiGldk
01-08 14:54:21.735  7135  7155 D DownloadManager: Skipping duplicate video: NEq4XWDpHK8
01-08 14:54:21.738  7135  7207 D DownloadManager: Skipping duplicate video: eL0IcW8dN9k
01-08 14:54:21.739  7135  7187 D DownloadManager: Skipping duplicate video: tKib90-B1IA
01-08 14:54:21.740  7135  7187 D DownloadManager: Skipping duplicate video: UM7brw-mgJs
01-08 14:54:21.742  7135  7187 D DownloadManager: Skipping duplicate video: X1ZwO5y1BPw
01-08 14:54:21.742  7135  7155 D DownloadManager: Skipping duplicate video: maXcm4GI6vI
01-08 14:54:21.745  7135  7155 D DownloadManager: Skipping duplicate video: 6J5HgnU_Wf8
01-08 14:54:21.746  7135  7155 D DownloadManager: Skipping duplicate video: wRPWiNvF13A
01-08 14:54:21.747  7135  7182 D DownloadManager: Skipping duplicate video: h_FHWmPuKxU
01-08 14:54:21.748  7135  7187 D DownloadManager: Skipping duplicate video: dwytutQ1CU8
01-08 14:54:21.749  7135  7195 D DownloadManager: Skipping duplicate video: mREzShSHfRU
01-08 14:54:21.752  7135  7155 D DownloadManager: Skipping duplicate video: FVWmyM2R_SY
01-08 14:54:21.753  7135  7182 D DownloadManager: Skipping duplicate video: IAxvrx0ccVU
01-08 14:54:21.754  7135  7155 D DownloadManager: Skipping duplicate video: sAj3qNzFl0E
01-08 14:54:21.756  7135  7155 D DownloadManager: Skipping duplicate video: 8hzsWeFwG0I
01-08 14:54:21.756  7135  7155 D DownloadManager: Skipping duplicate video: Z4vkzaTjGHI
01-08 14:54:21.760  7135  7206 D DownloadManager: Skipping duplicate video: jQrPdHJQxLo
01-08 14:54:21.762  7135  7206 D DownloadManager: Skipping duplicate video: aSSYagKtxBs
01-08 14:54:21.762  7135  7210 D DownloadManager: Skipping duplicate video: hjbk3ErVQKQ
01-08 14:54:21.763  7135  7210 D DownloadManager: Skipping duplicate video: Wcm9nKGv2cM
01-08 14:54:21.764  7135  7210 D DownloadManager: Skipping duplicate video: LBOhmpr0Bec
01-08 14:54:21.767  7135  7210 D DownloadManager: Skipping duplicate video: CctQX5bvBCw
01-08 14:54:21.769  7135  7258 D DownloadManager: Skipping duplicate video: 1nmqTjxjYaA
01-08 14:54:21.771  7135  7153 D DownloadManager: Skipping duplicate video: ex-5b-_DESw
01-08 14:54:21.772  7135  7258 D DownloadManager: Skipping duplicate video: agGKSCj8hOY
01-08 14:54:21.777  7135  7210 D DownloadManager: Skipping duplicate video: 6ExTLZ9SC78
01-08 14:54:21.781  7135  7191 D DownloadManager: Skipping duplicate video: -GDSKDeW0Xo
01-08 14:54:21.781  7135  7206 D DownloadManager: Skipping duplicate video: vZQyvEtF40U
01-08 14:54:21.782  7135  7210 D DownloadManager: Skipping duplicate video: HdRIunBRTcU
01-08 14:54:21.784  7135  7210 D DownloadManager: Skipping duplicate video: yIEYDfX8nxY
01-08 14:54:21.784  7135  7210 D DownloadManager: Skipping duplicate video: -YziFLogdvw
01-08 14:54:21.790  7135  7258 D DownloadManager: Skipping duplicate video: tHBkYRNdjnA
01-08 14:54:21.791  7135  7195 D DownloadManager: Skipping duplicate video: 9lepcftrcpI
01-08 14:54:21.794  7135  7195 D DownloadManager: Skipping duplicate video: IWdIBRgY-5M
01-08 14:54:21.796  7135  7210 D DownloadManager: Skipping duplicate video: uka4YcFrQOE
01-08 14:54:21.797  7135  7195 D DownloadManager: Skipping duplicate video: F0ylB0le7fE
01-08 14:54:21.801  7135  7187 D DownloadManager: Skipping duplicate video: Rc6GCajHyqM
01-08 14:54:21.802  7135  7153 D DownloadManager: Skipping duplicate video: UoZxu-vips0
01-08 14:54:21.803  7135  7191 D DownloadManager: Skipping duplicate video: MFRdOCRYi9k
01-08 14:54:21.805  7135  7153 D DownloadManager: Skipping duplicate video: nEVtzdui0E4
01-08 14:54:21.806  7135  7206 D DownloadManager: Skipping duplicate video: LX_vWKqa9Z8
01-08 14:54:21.809  7135  7155 D DownloadManager: Skipping duplicate video: NU1pICyq6Hs
01-08 14:54:21.810  7135  7187 D DownloadManager: Skipping duplicate video: 1ZKxjigaCH0
01-08 14:54:21.811  7135  7155 D DownloadManager: Skipping duplicate video: RHePPosCrm8
01-08 14:54:21.812  7135  7155 D DownloadManager: Skipping duplicate video: M4rx2WsyyxQ
01-08 14:54:21.814  7135  7155 D DownloadManager: Skipping duplicate video: xoUYDlfJvPw
01-08 14:54:21.818  7135  7191 D DownloadManager: Skipping duplicate video: RV1Rwtkp2rI
01-08 14:54:21.820  7135  7153 D DownloadManager: Skipping duplicate video: kFdymw8UhSI
01-08 14:54:21.822  7135  7153 D DownloadManager: Skipping duplicate video: IksbN_fxFXQ
01-08 14:54:21.824  7135  7155 D DownloadManager: Skipping duplicate video: zX73DKkMUSc
01-08 14:54:21.826  7135  7155 D DownloadManager: Skipping duplicate video: siyu5iN1DCw
01-08 14:54:21.829  7135  7195 D DownloadManager: Skipping duplicate video: l_xtVS5BUdY
01-08 14:54:21.830  7135  7195 D DownloadManager: Skipping duplicate video: pdlhKTl6niA
01-08 14:54:21.832  7135  7195 D DownloadManager: Skipping duplicate video: o3-Kp9cJxX4
01-08 14:54:21.834  7135  7187 D DownloadManager: Skipping duplicate video: mFz2AHBTSXU
01-08 14:54:21.834  7135  7256 D DownloadManager: Skipping duplicate video: 2x291xO2bI4
01-08 14:54:21.837  7135  7187 D DownloadManager: Skipping duplicate video: qCL0_I4VXAs
01-08 14:54:21.839  7135  7187 D DownloadManager: Skipping duplicate video: u-iK314sMmU
01-08 14:54:21.840  7135  7206 D DownloadManager: Skipping duplicate video: MP8nHfmy6lg
01-08 14:54:21.841  7135  7187 D DownloadManager: Skipping duplicate video: bSpbSVLDVow
01-08 14:54:21.842  7135  7155 D DownloadManager: Skipping duplicate video: jpB9RcPIYdI
01-08 14:54:21.845  7135  7155 D DownloadManager: Skipping duplicate video: 41GWPuLPnT4
01-08 14:54:21.847  7135  7191 D DownloadManager: Skipping duplicate video: RZxUm_DBEtE
01-08 14:54:21.847  7135  7191 D DownloadManager: Skipping duplicate video: E-OadsL1mqQ
01-08 14:54:21.849  7135  7155 D DownloadManager: Skipping duplicate video: ldxVS0cRWM4
01-08 14:54:21.849  7135  7155 D DownloadManager: Skipping duplicate video: My3Mlmnzm3w
01-08 14:54:21.858  7135  7206 D DownloadManager: Skipping duplicate video: -aO_ET6TmH8
01-08 14:54:21.859  7135  7206 D DownloadManager: Skipping duplicate video: d_Beig_8Iek
01-08 14:54:21.860  7135  7191 D DownloadManager: Skipping duplicate video: VNu5zlAZ2As
01-08 14:54:21.862  7135  7191 D DownloadManager: Skipping duplicate video: HzSmvaANjYw
01-08 14:54:21.863  7135  7155 D DownloadManager: Skipping duplicate video: 2b4MsE_8pOg
01-08 14:54:21.866  7135  7187 D DownloadManager: Skipping duplicate video: uFprlwgT5FY
01-08 14:54:21.867  7135  7191 D DownloadManager: Skipping duplicate video: R164Wa5xFlA
01-08 14:54:21.868  7135  7155 D DownloadManager: Skipping duplicate video: xDEE4wgCQE8
01-08 14:54:21.869  7135  7191 D DownloadManager: Skipping duplicate video: qo7Gq6vekw8
01-08 14:54:21.870  7135  7191 D DownloadManager: Skipping duplicate video: pf0VFVuW7q8
01-08 14:54:21.873  7135  7207 D DownloadManager: Skipping duplicate video: joh5ESbZcY4
01-08 14:54:21.874  7135  7207 D DownloadManager: Skipping duplicate video: MadyClWr-vw
01-08 14:54:21.874  7135  7187 D DownloadManager: Skipping duplicate video: mvbKXMVydH0
01-08 14:54:21.876  7135  7191 D DownloadManager: Skipping duplicate video: pMDHFj3aU3s
01-08 14:54:21.877  7135  7191 D DownloadManager: Skipping duplicate video: r1lwTZHHxCw
01-08 14:54:21.880  7135  7258 D DownloadManager: Skipping duplicate video: KfTWYIP5plc
01-08 14:54:21.882  7135  7207 D DownloadManager: Skipping duplicate video: BePN-RC56a8
01-08 14:54:21.882  7135  7207 D DownloadManager: Skipping duplicate video: vt64Tj0yfMw
01-08 14:54:21.884  7135  7153 D DownloadManager: Skipping duplicate video: g88nWxOLi4A
01-08 14:54:21.885  7135  7258 D DownloadManager: Skipping duplicate video: DgN_cxtGUTU
01-08 14:54:21.888  7135  7153 D DownloadManager: Skipping duplicate video: EjhC21aa-ro
01-08 14:54:21.889  7135  7153 D DownloadManager: Skipping duplicate video: ejtmatiGx7E
01-08 14:54:21.891  7135  7207 D DownloadManager: Skipping duplicate video: yzP-tuUD2g4
01-08 14:54:21.892  7135  7153 D DownloadManager: Skipping duplicate video: 1bZ0z1mbElM
01-08 14:54:21.892  7135  7153 D DownloadManager: Skipping duplicate video: H_hVaj4Y5ms
01-08 14:54:21.895  7135  7187 D DownloadManager: Skipping duplicate video: Y-8Afb1BPRk
01-08 14:54:21.896  7135  7187 D DownloadManager: Skipping duplicate video: rnYtKF__lO0
01-08 14:54:21.898  7135  7153 D DownloadManager: Skipping duplicate video: DKIS_Wbjktw
01-08 14:54:21.898  7135  7155 D DownloadManager: Skipping duplicate video: 2AYafCdfXCk
01-08 14:54:21.900  7135  7155 D DownloadManager: Skipping duplicate video: PbaVG3iwXQ4
01-08 14:54:21.904  7135  7210 D DownloadManager: Skipping duplicate video: o_JYFJa5D0I
01-08 14:54:21.905  7135  7203 D DownloadManager: Skipping duplicate video: 1-eMcqdhNG8
01-08 14:54:21.906  7135  7256 D DownloadManager: Skipping duplicate video: bhdgrzZuGwo
01-08 14:54:21.907  7135  7256 D DownloadManager: Skipping duplicate video: GvoN1gG-qZE
01-08 14:54:21.908  7135  7203 D DownloadManager: Skipping duplicate video: dniEZBqkjQ4
01-08 14:54:21.912  7135  7191 D DownloadManager: Skipping duplicate video: 7hINWfIWSM4
01-08 14:54:21.914  7135  7191 D DownloadManager: Skipping duplicate video: fTIWs6On5sw
01-08 14:54:21.914  7135  7258 D DownloadManager: Skipping duplicate video: 8YTTNcsqitQ
01-08 14:54:21.914  7135  7191 D DownloadManager: Skipping duplicate video: 8P42C0ZJkDU
01-08 14:54:21.916  7135  7256 D DownloadManager: Skipping duplicate video: Lh67Z7SblUY
01-08 14:54:21.918  7135  7210 D DownloadManager: Skipping duplicate video: -hhHsHGbiUc
01-08 14:54:21.920  7135  7191 D DownloadManager: Skipping duplicate video: bsHAHP9LxuY
01-08 14:54:21.922  7135  7191 D DownloadManager: Skipping duplicate video: 8I8Au_je6_4
01-08 14:54:21.923  7135  7203 D DownloadManager: Skipping duplicate video: GNTFgNTUNiA
01-08 14:54:21.924  7135  7191 D DownloadManager: Skipping duplicate video: m1HEzS3EeIU
01-08 14:54:21.929  7135  7206 D DownloadManager: Skipping duplicate video: yNeX4YJC-W4
01-08 14:54:21.932  7135  7258 D DownloadManager: Skipping duplicate video: GBpTaEbFb5s
01-08 14:54:21.934  7135  7206 D DownloadManager: Skipping duplicate video: RRcgFtBgIyU
01-08 14:54:21.935  7135  7153 D DownloadManager: Skipping duplicate video: A2hCPRKT-S8
01-08 14:54:21.935  7135  7153 D DownloadManager: Skipping duplicate video: ydOmIefN1Og
01-08 14:54:21.939  7135  7258 D DownloadManager: Skipping duplicate video: UAm_vPosQY8
01-08 14:54:21.941  7135  7258 D DownloadManager: Skipping duplicate video: 975M1Oc8jTo
01-08 14:54:21.941  7135  7258 D DownloadManager: Skipping duplicate video: 2YZK9wYbFsA
01-08 14:54:21.943  7135  7258 D DownloadManager: Skipping duplicate video: ZXvZD47oAu0
01-08 14:54:21.945  7135  7258 D DownloadManager: Skipping duplicate video: kvfvw86tKaI
01-08 14:54:21.949  7135  7210 D DownloadManager: Skipping duplicate video: Gf2-FWjS12c
01-08 14:54:21.951  7135  7258 D DownloadManager: Skipping duplicate video: T3VFCgMn9hQ
01-08 14:54:21.952  7135  7258 D DownloadManager: Skipping duplicate video: MJWplW9961g
01-08 14:54:21.954  7135  7258 D DownloadManager: Skipping duplicate video: OBIIEy6tTa4
01-08 14:54:21.955  7135  7203 D DownloadManager: Skipping duplicate video: dcYZpD7zRms
01-08 14:54:21.958  7135  7203 D DownloadManager: Skipping duplicate video: cfShB9xsDrU
01-08 14:54:21.959  7135  7182 D DownloadManager: Skipping duplicate video: xXBY9gkjUB4
01-08 14:54:21.960  7135  7153 D DownloadManager: Skipping duplicate video: 9EyAm8HoNEY
01-08 14:54:21.961  7135  7153 D DownloadManager: Skipping duplicate video: eeTHGL8LmMo
01-08 14:54:21.962  7135  7203 D DownloadManager: Skipping duplicate video: CKt6ai4PUo4
01-08 14:54:21.966  7135  7182 D DownloadManager: Skipping duplicate video: wwDv43_vpu4
01-08 14:54:21.966  7135  7187 D DownloadManager: Skipping duplicate video: -E4MUFrJyWc
01-08 14:54:21.967  7135  7153 D DownloadManager: Skipping duplicate video: 3LYjdmgOezU
01-08 14:54:21.970  7135  7153 D DownloadManager: Skipping duplicate video: 4esI3-Kj1RE
01-08 14:54:21.971  7135  7182 D DownloadManager: Skipping duplicate video: CnkQHU2gWGw
01-08 14:54:21.975  7135  7153 D DownloadManager: Skipping duplicate video: IA7-xuTEyDs
01-08 14:54:21.978  7135  7256 D DownloadManager: Skipping duplicate video: R_tc16T3n7M
01-08 14:54:21.981  7135  7256 D DownloadManager: Skipping duplicate video: GiB0hAlMdSU
01-08 14:54:21.982  7135  7256 D DownloadManager: Skipping duplicate video: UhVEo2bAnVg
01-08 14:54:21.985  7135  7153 D DownloadManager: Skipping duplicate video: F6peFg2JixM
01-08 14:54:21.989  7135  7182 D DownloadManager: Skipping duplicate video: v_4vRydBgHo
01-08 14:54:21.992  7135  7155 D DownloadManager: Skipping duplicate video: F8Qa7s6VEZ4
01-08 14:54:21.992  7135  7182 D DownloadManager: Skipping duplicate video: qoUmbFOJ9U0
01-08 14:54:21.993  7135  7153 D DownloadManager: Skipping duplicate video: uiFfpBeRWXI
01-08 14:54:21.995  7135  7153 D DownloadManager: Skipping duplicate video: NeiWk-u3lgA
01-08 14:54:21.999  7135  7187 D DownloadManager: Skipping duplicate video: niqQqm_iYFg
01-08 14:54:22.000  7135  7210 D DownloadManager: Skipping duplicate video: dVLJhmNNYwE
01-08 14:54:22.001  7135  7187 D DownloadManager: Skipping duplicate video: ReC5ZNUlAl4
01-08 14:54:22.002  7135  7153 D DownloadManager: Skipping duplicate video: 1Rl1rVPfHdQ
01-08 14:54:22.003  7135  7187 D DownloadManager: Skipping duplicate video: T7dGfuB4CpI
01-08 14:54:22.006  7135  7203 D DownloadManager: Skipping duplicate video: wGor3Cc5-aI
01-08 14:54:22.008  7135  7258 D DownloadManager: Skipping duplicate video: 5rOIlYxuN_c
01-08 14:54:22.008  7135  7191 D DownloadManager: Skipping duplicate video: 449jugmubhA
01-08 14:54:22.010  7135  7210 D DownloadManager: Skipping duplicate video: _f8PiTtdV8U
01-08 14:54:22.011  7135  7258 D DownloadManager: Skipping duplicate video: RRP65XB090w
01-08 14:54:22.014  7135  7210 D DownloadManager: Skipping duplicate video: oJk3k7sRxqA
01-08 14:54:22.015  7135  7191 D DownloadManager: Skipping duplicate video: yUiYPn4Rdq8
01-08 14:54:22.016  7135  7191 D DownloadManager: Skipping duplicate video: h8A80N9adss
01-08 14:54:22.017  7135  7187 D DownloadManager: Skipping duplicate video: _LaIPentsHQ
01-08 14:54:22.018  7135  7210 D DownloadManager: Skipping duplicate video: laUp7iifzK4
01-08 14:54:22.022  7135  7191 D DownloadManager: Skipping duplicate video: wo3GF5s3OTo
01-08 14:54:22.023  7135  7191 D DownloadManager: Skipping duplicate video: O8WwOxociN8
01-08 14:54:22.024  7135  7210 D DownloadManager: Skipping duplicate video: RiilFjfaARc
01-08 14:54:22.025  7135  7187 D DownloadManager: Skipping duplicate video: K8-u8uAVNtg
01-08 14:54:22.027  7135  7187 D DownloadManager: Skipping duplicate video: 7Ho88Tw1oQ8
01-08 14:54:22.030  7135  7207 D DownloadManager: Skipping duplicate video: x1p0EZiDrB4
01-08 14:54:22.031  7135  7191 D DownloadManager: Skipping duplicate video: xZtnkGf2C90
01-08 14:54:22.032  7135  7155 D DownloadManager: Skipping duplicate video: ETMZa9jb6kU
01-08 14:54:22.033  7135  7187 D DownloadManager: Skipping duplicate video: llfSV4ofkss
01-08 14:54:22.035  7135  7187 D DownloadManager: Skipping duplicate video: TF5TT6F5UuY
01-08 14:54:22.038  7135  7187 D DownloadManager: Skipping duplicate video: _xRrkoGG-2g
01-08 14:54:22.039  7135  7191 D DownloadManager: Skipping duplicate video: dqlkh2gMDwQ
01-08 14:54:22.041  7135  7187 D DownloadManager: Skipping duplicate video: RHNyBh4pjyo
01-08 14:54:22.042  7135  7187 D DownloadManager: Skipping duplicate video: 8IHUF3CS_vQ
01-08 14:54:22.043  7135  7187 D DownloadManager: Skipping duplicate video: dsPaoo6jgD0
01-08 14:54:22.051  7135  7191 D DownloadManager: Skipping duplicate video: Y5-BSAGdebQ
01-08 14:54:22.053  7135  7191 D DownloadManager: Skipping duplicate video: N71fNkR9WBI
01-08 14:54:22.054  7135  7153 D DownloadManager: Skipping duplicate video: 2h8AmJYAvaU
01-08 14:54:22.057  7135  7153 D DownloadManager: Skipping duplicate video: 3EK9NKtGZ8k
01-08 14:54:22.060  7135  7153 D DownloadManager: Skipping duplicate video: RAyIVDmVez4
01-08 14:54:22.068  7135  7191 D DownloadManager: Skipping duplicate video: tUUBdx0vGV8
01-08 14:54:22.068  7135  7191 D DownloadManager: Skipping duplicate video: m3jq6TkQ_AY
01-08 14:54:22.069  7135  7191 D DownloadManager: Skipping duplicate video: bCEpnFlwa2U
01-08 14:54:22.072  7135  7191 D DownloadManager: Skipping duplicate video: ZAv5s6bRJAE
01-08 14:54:22.072  7135  7191 D DownloadManager: Skipping duplicate video: CK82IXt2XEw
01-08 14:54:22.076  7135  7207 D DownloadManager: Skipping duplicate video: OcoYHwPB0hw
01-08 14:54:22.078  7135  7203 D DownloadManager: Skipping duplicate video: yIkOJIkNQzI
01-08 14:54:22.079  7135  7203 D DownloadManager: Skipping duplicate video: wJw3W4zABQk
01-08 14:54:22.082  7135  7203 D DownloadManager: Skipping duplicate video: gq3K6HQU-L8
01-08 14:54:22.083  7135  7207 D DownloadManager: Skipping duplicate video: f5ccvQiUa_U
01-08 14:54:22.087  7135  7203 D DownloadManager: Skipping duplicate video: 4gHIASRRVxw
01-08 14:54:22.087  7135  7207 D DownloadManager: Skipping duplicate video: Whk1bdvn9FQ
01-08 14:54:22.090  7135  7210 D DownloadManager: Skipping duplicate video: NdahDXRM0Ho
01-08 14:54:22.092  7135  7207 D DownloadManager: Skipping duplicate video: PC2QjKybdo0
01-08 14:54:22.093  7135  7207 D DownloadManager: Skipping duplicate video: wujQCerYaXo
01-08 14:54:22.096  7135  7207 D DownloadManager: Skipping duplicate video: k9S3PBPAVwo
01-08 14:54:22.098  7135  7203 D DownloadManager: Skipping duplicate video: tCh-fpm3sZk
01-08 14:54:22.099  7135  7256 D DownloadManager: Skipping duplicate video: 7F0YIFIrHic
01-08 14:54:22.101  7135  7191 D DownloadManager: Skipping duplicate video: HUBJG1RLrmc
01-08 14:54:22.102  7135  7187 D DownloadManager: Skipping duplicate video: 14l5HiU0qg8
01-08 14:54:22.105  7135  7203 D DownloadManager: Skipping duplicate video: huy7r1syC-g
01-08 14:54:22.107  7135  7191 D DownloadManager: Skipping duplicate video: Cu12FrlNA2w
01-08 14:54:22.109  7135  7203 D DownloadManager: Skipping duplicate video: P-OmujJIIvo
01-08 14:54:22.109  7135  7182 D DownloadManager: Skipping duplicate video: OWFXscThxTc
01-08 14:54:22.114  7135  7191 D DownloadManager: Skipping duplicate video: VTTcYja3B5E
01-08 14:54:22.119  7135  7206 D DownloadManager: Skipping duplicate video: xGRb1C1FYlM
01-08 14:54:22.122  7135  7153 D DownloadManager: Skipping duplicate video: yjWby_-3jM8
01-08 14:54:22.122  7135  7207 D DownloadManager: Skipping duplicate video: 7g1FFP-GvfQ
01-08 14:54:22.125  7135  7153 D DownloadManager: Skipping duplicate video: ryRHvqlIdhM
01-08 14:54:22.127  7135  7191 D DownloadManager: Skipping duplicate video: E7x6wILsLW4
01-08 14:54:22.134  7135  7207 D DownloadManager: Skipping duplicate video: OvD5T5mJVDE
01-08 14:54:22.134  7135  7207 D DownloadManager: Skipping duplicate video: c4T-fFUXznA
01-08 14:54:22.136  7135  7206 D DownloadManager: Skipping duplicate video: h5Dbmu_cjcQ
01-08 14:54:22.138  7135  7206 D DownloadManager: Skipping duplicate video: cEKat7it-jE
01-08 14:54:22.140  7135  7207 D DownloadManager: Skipping duplicate video: wapXKGj3WPA
01-08 14:54:22.143  7135  7191 D DownloadManager: Skipping duplicate video: RDP1nWlQiQ8
01-08 14:54:22.146  7135  7191 D DownloadManager: Skipping duplicate video: 3PJmBqKACsE
01-08 14:54:22.147  7135  7153 D DownloadManager: Skipping duplicate video: otKkYocWdCM
01-08 14:54:22.149  7135  7191 D DownloadManager: Skipping duplicate video: 3wOtzuizb7U
01-08 14:54:22.149  7135  7191 D DownloadManager: Skipping duplicate video: 6hOdykDbx-k
01-08 14:54:22.154  7135  7206 D DownloadManager: Skipping duplicate video: FY-lrUuIINE
01-08 14:54:22.155  7135  7191 D DownloadManager: Skipping duplicate video: ruu0fhAaOGQ
01-08 14:54:22.159  7135  7256 D DownloadManager: Skipping duplicate video: gYhxP_QVRCM
01-08 14:54:22.162  7135  7191 D DownloadManager: Skipping duplicate video: SF7OI9Bzgbo
01-08 14:54:22.163  7135  7206 D DownloadManager: Skipping duplicate video: JWEvYPbyBcw
01-08 14:54:22.173  7135  7191 D DownloadManager: Skipping duplicate video: wCj09rjNmlk
01-08 14:54:22.176  7135  7191 D DownloadManager: Skipping duplicate video: MyTJ6w2nGy0
01-08 14:54:22.178  7135  7210 D DownloadManager: Skipping duplicate video: n9Bo_mwzpvc
01-08 14:54:22.180  7135  7210 D DownloadManager: Skipping duplicate video: p4eALKSjoMQ
01-08 14:54:22.180  7135  7191 D DownloadManager: Skipping duplicate video: 8Byv8EJ594E
01-08 14:54:22.184  7135  7155 D DownloadManager: Skipping duplicate video: nkxpqN7blqQ
01-08 14:54:22.186  7135  7206 D DownloadManager: Skipping duplicate video: GZvaQWwIYZ0
01-08 14:54:22.189  7135  7155 D DownloadManager: Skipping duplicate video: m5XJBkEh4BU
01-08 14:54:22.189  7135  7206 D DownloadManager: Skipping duplicate video: AwP8o-dg7g0
01-08 14:54:22.191  7135  7206 D DownloadManager: Skipping duplicate video: rhorD3jcW6w
01-08 14:54:22.195  7135  7206 D DownloadManager: Skipping duplicate video: bafuohjA28c
01-08 14:54:22.196  7135  7203 D DownloadManager: Skipping duplicate video: XQafFbR0-cA
01-08 14:54:22.197  7135  7206 D DownloadManager: Skipping duplicate video: u-VVqcHpkcw
01-08 14:54:22.198  7135  7206 D DownloadManager: Skipping duplicate video: NZ78zKuhhsw
01-08 14:54:22.199  7135  7206 D DownloadManager: Skipping duplicate video: OOgGHuSXKEU
01-08 14:54:22.202  7135  7155 D DownloadManager: Skipping duplicate video: crjkKkNTWYU
01-08 14:54:22.205  7135  7187 D DownloadManager: Skipping duplicate video: _lO0JEFfoDE
01-08 14:54:22.208  7135  7195 D DownloadManager: Skipping duplicate video: F39z0ajqvhY
01-08 14:54:22.208  7135  7195 D DownloadManager: Skipping duplicate video: iACU-UrvwCA
01-08 14:54:22.210  7135  7187 D DownloadManager: Skipping duplicate video: wL-CSXk7vxc
01-08 14:54:22.213  7135  7191 D DownloadManager: Skipping duplicate video: IV-r3yk7wOU
01-08 14:54:22.214  7135  7203 D DownloadManager: Skipping duplicate video: U6HPBI5Ymic
01-08 14:54:22.216  7135  7203 D DownloadManager: Skipping duplicate video: 4WUN44_nmh8
01-08 14:54:22.216  7135  7256 D DownloadManager: Skipping duplicate video: lOZZWeAaJBM
01-08 14:54:22.217  7135  7203 D DownloadManager: Skipping duplicate video: y1TkBzloV8A
01-08 14:54:22.220  7135  7203 D DownloadManager: Skipping duplicate video: HWTk33DHSfc
01-08 14:54:22.224  7135  7195 D DownloadManager: Skipping duplicate video: cZmUctDAJ2U
01-08 14:54:22.225  7135  7203 D DownloadManager: Skipping duplicate video: 5xTVIsOZtIo
01-08 14:54:22.227  7135  7203 D DownloadManager: Skipping duplicate video: N3Ws7dWG788
01-08 14:54:22.229  7135  7203 D DownloadManager: Skipping duplicate video: QlSgKOODyd4
01-08 14:54:22.232  7135  7191 D DownloadManager: Skipping duplicate video: C-dDmyvWMiE
01-08 14:54:22.232  7135  7155 D DownloadManager: Skipping duplicate video: B5RkMTlEh-o
01-08 14:54:22.233  7135  7191 D DownloadManager: Skipping duplicate video: ZZZmd2OA17M
01-08 14:54:22.234  7135  7256 D DownloadManager: Skipping duplicate video: FoSqTXD54mI
01-08 14:54:22.235  7135  7256 D DownloadManager: Skipping duplicate video: mJ1FJuM4Jjw
01-08 14:54:22.238  7135  7207 D DownloadManager: Skipping duplicate video: DPo2wWKWU5k
01-08 14:54:22.238  7135  7203 D DownloadManager: Skipping duplicate video: 7uTstF495uI
01-08 14:54:22.241  7135  7203 D DownloadManager: Skipping duplicate video: nAmGJB2uV2g
01-08 14:54:22.242  7135  7203 D DownloadManager: Skipping duplicate video: lugSU70W0-I
01-08 14:54:22.242  7135  7207 D DownloadManager: Skipping duplicate video: 0pyf81vckNg
01-08 14:54:22.246  7135  7207 D DownloadManager: Skipping duplicate video: M8SqypLR-lw
01-08 14:54:22.247  7135  7207 D DownloadManager: Skipping duplicate video: xxhEJqqxpVE
01-08 14:54:22.248  7135  7207 D DownloadManager: Skipping duplicate video: WRwYgDfnA7M
01-08 14:54:22.249  7135  7207 D DownloadManager: Skipping duplicate video: RvhAMkc9-c8
01-08 14:54:22.251  7135  7207 D DownloadManager: Skipping duplicate video: 15sAFm9_VRk
01-08 14:54:22.256  7135  7206 D DownloadManager: Skipping duplicate video: JRrj6vyu2pU
