--------- beginning of main
01-09 16:52:33.988  1437  1592 I ThermalEngine: ACTION: CPU - Setting CPU[4] to 11
--------- beginning of kernel
01-09 16:52:28.584     0     0 I logd    : logdr: UID=2000 GID=2000 PID=17052 b tail=0 logMask=99 pid=0 start=0ns deadline=0ns
01-09 16:52:34.185  1038  1090 I netd    : tetherGetStats() -> {[]} <2.20ms>
01-09 16:52:34.202  1038  1090 I netd    : bandwidthSetGlobalAlert(2097152) <0.45ms>
01-09 16:52:34.604  1949  2551 E WifiStaIfaceAidlImpl: getCachedScanData failed with service-specific exception: android.os.ServiceSpecificException:  (code 4)
01-09 16:52:34.613  1038  1090 I netd    : networkAddUidRangesParcel(NativeUidRangeConfig{netId: 104, uidRanges: [UidRangeParcel{start: 0, stop: 2147483647}], subPriority: 998}) <0.99ms>
01-09 16:52:34.614  1038  1090 I netd    : networkRemoveUidRangesParcel(NativeUidRangeConfig{netId: 104, uidRanges: [UidRangeParcel{start: 0, stop: 2147483647}], subPriority: 998}) <0.56ms>
01-09 16:52:35.238  1534  2751 D BufferPoolAccessor2.0: bufferpool2 0x7cf9a31748 : 0(0 size) total buffers - 0(0 size) used buffers - 0/0 (recycle/alloc) - 0/0 (fetch/transfer)
01-09 16:52:35.238  1534  2751 D BufferPoolAccessor2.0: evictor expired: 1, evicted: 1
--------- beginning of system
01-09 16:52:35.357  1949  2939 D CoreBackPreview: Window{6f0f47a u0 NotificationShade}: Setting back callback OnBackInvokedCallbackInfo{mCallback=android.window.IOnBackInvokedCallback$Stub$Proxy@3baa0e8, mPriority=0, mIsAnimationCallback=false, mOverrideBehavior=0}
01-09 16:52:35.359  1949  2382 W libprocessgroup: SetCgroup::ExecuteForProcess: failed to open /dev/blkio//cgroup.procs: No such file or directory
01-09 16:52:35.362  2670  3103 D RingtonePlayer: stopAsync()
01-09 16:52:35.362  2670  3103 D RingtonePlayer: stop
01-09 16:52:35.370  1038  1090 I netd    : tetherGetStats() -> {[]} <1.53ms>
01-09 16:52:35.416  2670  2670 D DeviceEntryIconViewBinder: Initializing device entry fgIconView
01-09 16:52:35.430  1949  2214 D SystemServerTiming: getUserSwitchability-0
01-09 16:52:35.431  1949  2214 D SystemServerTiming: TM.isInCall
01-09 16:52:35.431  1949  2939 D SystemServerTiming: getUserSwitchability-0
01-09 16:52:35.431  1949  2939 D SystemServerTiming: TM.isInCall
01-09 16:52:35.431  1949  2939 V SystemServerTiming: TM.isInCall took to complete: 1ms
01-09 16:52:35.432  1949  2939 D SystemServerTiming: hasUserRestriction-DISALLOW_USER_SWITCH
01-09 16:52:35.432  1949  2214 V SystemServerTiming: TM.isInCall took to complete: 1ms
01-09 16:52:35.432  1949  2214 D SystemServerTiming: hasUserRestriction-DISALLOW_USER_SWITCH
01-09 16:52:35.432  1949  2214 V SystemServerTiming: hasUserRestriction-DISALLOW_USER_SWITCH took to complete: 0ms
01-09 16:52:35.432  1949  2939 V SystemServerTiming: hasUserRestriction-DISALLOW_USER_SWITCH took to complete: 0ms
01-09 16:52:35.432  1949  2214 D SystemServerTiming: getInt-ALLOW_USER_SWITCHING_WHEN_SYSTEM_USER_LOCKED
01-09 16:52:35.432  1949  2939 D SystemServerTiming: getInt-ALLOW_USER_SWITCHING_WHEN_SYSTEM_USER_LOCKED
01-09 16:52:35.432  1949  2214 V SystemServerTiming: getInt-ALLOW_USER_SWITCHING_WHEN_SYSTEM_USER_LOCKED took to complete: 0ms
01-09 16:52:35.432  1949  2214 D SystemServerTiming: isUserUnlocked-USER_SYSTEM
01-09 16:52:35.432  1949  2214 V SystemServerTiming: isUserUnlocked-USER_SYSTEM took to complete: 0ms
01-09 16:52:35.432  1949  2214 V SystemServerTiming: getUserSwitchability-0 took to complete: 1ms
01-09 16:52:35.432  2670  2670 D BiometricsRepositoryImpl: currentUser authFlags changed, new value: AuthenticationFlags(userId=0, flag=0)
01-09 16:52:35.432  1949  2939 V SystemServerTiming: getInt-ALLOW_USER_SWITCHING_WHEN_SYSTEM_USER_LOCKED took to complete: 0ms
01-09 16:52:35.432  1949  2939 D SystemServerTiming: isUserUnlocked-USER_SYSTEM
01-09 16:52:35.432  1949  2939 V SystemServerTiming: isUserUnlocked-USER_SYSTEM took to complete: 0ms
01-09 16:52:35.432  1949  2939 V SystemServerTiming: getUserSwitchability-0 took to complete: 2ms
01-09 16:52:35.433  2670  2670 D BiometricsRepositoryImpl: currentUser authFlags changed, new value: AuthenticationFlags(userId=0, flag=0)
01-09 16:52:35.433  2670  2670 D BiometricsRepositoryImpl: currentUser authFlags changed, new value: AuthenticationFlags(userId=0, flag=0)
01-09 16:52:35.434  2670  2670 D BiometricsRepositoryImpl: currentUser authFlags changed, new value: AuthenticationFlags(userId=0, flag=0)
01-09 16:52:35.434  2670  2670 D BiometricsRepositoryImpl: currentUser authFlags changed, new value: AuthenticationFlags(userId=0, flag=0)
01-09 16:52:35.434  2670  2670 D BiometricsRepositoryImpl: currentUser authFlags changed, new value: AuthenticationFlags(userId=0, flag=0)
01-09 16:52:35.441  2670  2737 D ControlsListingControllerImpl: Subscribing callback, service count: 0
01-09 16:52:35.441  2670  2754 W HWUI    : Image decoding logging dropped!
01-09 16:52:35.441  2670  2737 D ControlsListingControllerImpl: Subscribing callback, service count: 0
01-09 16:52:35.441  2670  2755 W HWUI    : Image decoding logging dropped!
01-09 16:52:35.442  2670  2737 E QuickAccessWalletKeyguardQuickAffordanceConfig: Wallet card retrieval error, message: "null"
01-09 16:52:35.442  2670  2737 D ControlsListingControllerImpl: Subscribing callback, service count: 0
01-09 16:52:35.442  2670  2737 E QuickAccessWalletKeyguardQuickAffordanceConfig: Wallet card retrieval error, message: "null"
01-09 16:52:35.443  2670  2737 E QuickAccessWalletKeyguardQuickAffordanceConfig: Wallet card retrieval error, message: "null"
01-09 16:52:30.027     0     0 I CPU7    : update max cpu_capacity 673
01-09 16:52:35.482  2670  2670 D DeviceEntryIconViewBinder: Updating device entry icon image state ForegroundIconViewModel(type=UNLOCK, useAodVariant=false, tint=-6360836, padding=48)
01-09 16:52:35.650 16906 17042 D BufferPoolAccessor2.0: bufferpool2 0x72f6a6fe58 : 5(28800 size) total buffers - 1(5760 size) used buffers - 689/694 (recycle/alloc) - 5/1376 (fetch/transfer)
01-09 16:52:35.661  1534 17046 D BufferPoolAccessor2.0: bufferpool2 0x7cf9a24728 : 3(276480 size) total buffers - 1(92160 size) used buffers - 683/686 (recycle/alloc) - 3/681 (fetch/transfer)
01-09 16:52:36.038  1197 32173 D audio_hw_primary: out_set_parameters: enter: usecase(12: audio-ull-playback) kvpairs: routing=2
01-09 16:52:36.042  2670  2670 I LegacyActivityStarterInternalImpl: Invoking dismissKeyguardThenExecute, afterKeyguardGone: false
01-09 16:52:36.042  1277 13496 D audioserver: logFgsApiBegin: FGS Logger Transaction failed, -129
01-09 16:52:36.043  1949  2214 W AS.PlaybackActivityMon: No piid assigned for invalid/internal port id 235
01-09 16:52:36.043  1277 13496 W AidlConversionCppNdk: legacy2aidl_audio_channel_mask_t_AudioChannelLayout: no AudioChannelLayout found for legacy output audio_channel_mask_t value 0x10
01-09 16:52:36.043  1277 13495 W AidlConversionCppNdk: legacy2aidl_audio_channel_mask_t_AudioChannelLayout: no AudioChannelLayout found for legacy output audio_channel_mask_t value 0x10
01-09 16:52:36.043  1277 17236 W AidlConversionCppNdk: legacy2aidl_audio_channel_mask_t_AudioChannelLayout: no AudioChannelLayout found for legacy output audio_channel_mask_t value 0x10
01-09 16:52:36.044  1197  3435 D audio_hw_primary: start_output_stream: enter: stream(0xf3a40010)usecase(12: audio-ull-playback) devices(0x2) is_haptic_usecase(0)
01-09 16:52:36.044  1197  3435 D audio_hw_primary: select_devices for use case (audio-ull-playback)
01-09 16:52:36.044  1197  3435 I msm8974_platform: platform_check_and_set_codec_backend_cfg:becf: afe: bitwidth 16, samplerate 48000 channels 2, backend_idx 4 usecase = 12 device (speaker)
01-09 16:52:36.044  1197  3435 D msm8974_platform: platform_split_snd_device: snd_device(2) num devices(1) new_snd_devices(0)
01-09 16:52:36.044  1197  3435 I msm8974_platform: platform_check_and_set_codec_backend_cfg: new_snd_devices[0] is 2
01-09 16:52:36.044  1197  3435 I msm8974_platform: platform_check_codec_backend_cfg:becf: afe: bitwidth 16, samplerate 48000 channels 2, backend_idx 4 usecase = 12 device (speaker)
01-09 16:52:36.044  1197  3435 D msm8974_platform: platform_check_codec_backend_cfg:napb: (0) - (deep-buffer-playback)id (0) sr 48000 bw (24) ch (2) device speaker
01-09 16:52:36.044  1197  3435 D msm8974_platform: platform_check_codec_backend_cfg:becf: afe: playback on codec device not supporting native playback set default Sample Rate(48k)
01-09 16:52:36.044  1197  3435 I msm8974_platform: platform_check_codec_backend_cfg:becf: afe: Codec selected backend: 4 updated bit width: 24 and sample rate: 48000
01-09 16:52:36.044  1197  3435 D audio_hw_primary: check_usecases_codec_backend:becf: force routing 0
01-09 16:52:36.044  1197  3435 D audio_hw_primary: check_usecases_codec_backend:becf: (76) check_usecases curr device: speaker, usecase device:speaker backends match 1
01-09 16:52:36.044  1949  2573 W AidlConversionCppNdk: aidl2legacy_AudioChannelLayout_audio_channel_mask_t: no legacy output audio_channel_mask_t found for AudioChannelLayout{layoutMask: 16}
01-09 16:52:36.044  1197  3435 E msm8974_platform: platform_check_backends_match: Invalid snd_device = 
01-09 16:52:36.044  1197  3435 D audio_hw_primary: check_usecases_codec_backend:becf: (76) check_usecases curr device: speaker, usecase device: backends match 0
01-09 16:52:36.044  1197  3435 D audio_hw_primary: check_usecases_codec_backend:becf: check_usecases num.of Usecases to switch 0
01-09 16:52:36.044  1197  3435 D msm8974_platform: platform_split_snd_device: snd_device(2) num devices(0) new_snd_devices(0)
01-09 16:52:36.044  1197  3435 D hardware_info: hw_info_append_hw_type : device_name = speaker
01-09 16:52:36.044  1197  3435 D msm8974_platform: platform_split_snd_device: snd_device(2) num devices(0) new_snd_devices(0)
01-09 16:52:36.044  1197  3435 I audio_hw_utils: audio_extn_utils_update_stream_output_app_type_cfg Allowing 24 and above bits playback on speaker ONLY at default sampling rate
01-09 16:52:36.044  1197  3435 E soundtrigger: audio_extn_sound_trigger_update_stream_status: invalid input device 0x0, for event 3
01-09 16:52:36.044  1197  3435 D soundtrigger: audio_extn_sound_trigger_update_stream_status: uc_info->id 12 of type 0 device 0x02 for Event 3, with Raise=0
01-09 16:52:36.044  1197  3435 W soundtrigger: audio_extn_sound_trigger_update_stream_status: device[0x02]: speaker is NOT used, do NOT transit to adsp. 
01-09 16:52:36.044  1197  3435 D audio_hw_utils: audio_extn_utils_send_app_type_cfg: usecase->out_snd_device speaker
01-09 16:52:36.044  1197  3435 D msm8974_platform: platform_split_snd_device: snd_device(2) num devices(0) new_snd_devices(0)
01-09 16:52:36.044  1197  3435 I audio_hw_utils: ULL doesnt need sending app type cfg, returning
01-09 16:52:36.044  1197  3435 D msm8974_platform: platform_split_snd_device: snd_device(2) num devices(1) new_snd_devices(0)
01-09 16:52:36.044  1197  3435 D audio_hw_utils: audio_extn_btsco_get_sample_rate:Not a BT SCO device, need not update sampling rate
01-09 16:52:36.045  1197  3435 D ACDB-LOADER: ACDB -> send_audio_cal, acdb_id = 15, path = 0, app id = 0x11137, sample rate = 48000
01-09 16:52:36.045  1197  3435 D ACDB-LOADER: ACDB -> send_asm_topology
01-09 16:52:36.045  1197  3435 D ACDB-LOADER: ACDB -> ACDB_CMD_GET_AUDPROC_STREAM_TOPOLOGY_ID
01-09 16:52:36.045  1197  3435 D ACDB-LOADER: ACDB -> send_adm_topology
01-09 16:52:36.045  1197  3435 D ACDB-LOADER: ACDB -> ACDB_CMD_GET_AUDPROC_COMMON_TOPOLOGY_ID
01-09 16:52:36.045  1197  3435 D ACDB-LOADER: ACDB -> send_audtable
01-09 16:52:36.045  1197  3435 D ACDB-LOADER: ACDB -> ACDB_CMD_GET_AUDPROC_COMMON_TABLE_SIZE
01-09 16:52:36.045  1197  3435 D ACDB-LOADER: ACDB -> ACDB_CMD_GET_AUDPROC_COMMON_TABLE
01-09 16:52:36.045  1197  3435 D ACDB-LOADER: ACDB -> AUDIO_SET_AUDPROC_CAL
01-09 16:52:36.045  1197  3435 D ACDB-LOADER: ACDB -> send_audvoltable
01-09 16:52:36.045  1197  3435 D ACDB-LOADER: ACDB -> ACDB_CMD_GET_AUDPROC_VOL_STEP_TABLE_SIZE
01-09 16:52:36.045  1197  3435 D ACDB-LOADER: ACDB -> ACDB_CMD_GET_AUDPROC_GAIN_DEP_STEP_TABLE, vol index 0
01-09 16:52:36.045  1197  3435 D android.hardware.audio.service: Failed to fetch the lookup information of the device 0000000F 
01-09 16:52:36.045  1197  3435 E ACDB-LOADER: Error: ACDB AudProc vol returned = -19
01-09 16:52:36.045  1197  3435 D ACDB-LOADER: ACDB -> AUDIO_SET_VOL_CAL cal type = 12
01-09 16:52:36.045  1197  3435 D ACDB-LOADER: ACDB -> ACDB_CMD_GET_AUDPROC_STREAM_TABLE_SIZE
01-09 16:52:36.045  1197  3435 D ACDB-LOADER: ACDB -> send_audstrmtable
01-09 16:52:36.045  1197  3435 D ACDB-LOADER: ACDB -> ACDB_CMD_GET_AUDPROC_STREAM_TABLE_V2
01-09 16:52:36.045  1197  3435 D ACDB-LOADER: ACDB -> audstrm_cal->cal_type.cal_data.cal_size = 16
01-09 16:52:36.045  1197  3435 D ACDB-LOADER: ACDB -> send_afe_topology
01-09 16:52:36.045  1197  3435 D ACDB-LOADER: ACDB -> ACDB_CMD_GET_AFE_TOPOLOGY_ID
01-09 16:52:36.045  1197  3435 D ACDB-LOADER: ACDB -> GET_AFE_TOPOLOGY_ID for adcd_id 15, Topology Id 112fc
01-09 16:52:36.045  1197  3435 D ACDB-LOADER: ACDB -> send_afe_cal
01-09 16:52:36.045  1197  3435 D ACDB-LOADER: ACDB -> ACDB_CMD_GET_AFE_COMMON_TABLE_SIZE
01-09 16:52:36.045  1197  3435 D android.hardware.audio.service: Failed to fetch the lookup information of the device 0000000F 
01-09 16:52:36.045  1197  3435 E ACDB-LOADER: Error: ACDB_CMD_GET_AFE_COMMON_TABLE_SIZE Returned = -19
01-09 16:52:36.045  1197  3435 D ACDB-LOADER: ACDB -> ACDB_CMD_GET_AFE_COMMON_TABLE
01-09 16:52:36.045  1197  3435 D android.hardware.audio.service: Failed to fetch the lookup information of the device 0000000F 
01-09 16:52:36.045  1197  3435 E ACDB-LOADER: Error: ACDB AFE returned = -19
01-09 16:52:36.045  1197  3435 D ACDB-LOADER: ACDB -> AUDIO_SET_AFE_CAL
01-09 16:52:36.045  1197  3435 D ACDB-LOADER: ACDB -> send_hw_delay : acdb_id = 15 path = 0
01-09 16:52:36.045  1197  3435 D ACDB-LOADER: ACDB -> ACDB_AVSYNC_INFO: ACDB_CMD_GET_DEVICE_PROPERTY
01-09 16:52:36.045  1197  3435 D msm8974_platform: platform_split_snd_device: snd_device(2) num devices(0) new_snd_devices(0)
01-09 16:52:36.045  1197  3435 I msm8974_platform: platform_get_custom_mtmx_params: no matching param with id 0 ip_ch 2 op_ch 2 uc_id 12 snd_dev 2
01-09 16:52:36.045  1197  3435 D audio_hw_primary: enable_audio_route: apply mixer and update path: audio-ull-playback speaker
01-09 16:52:36.046  1197  3435 D audio_route: Apply path: audio-ull-playback speaker
01-09 16:52:36.046 16906 17026 W AidlConversionCppNdk: aidl2legacy_AudioChannelLayout_audio_channel_mask_t: no legacy output audio_channel_mask_t found for AudioChannelLayout{layoutMask: 16}
01-09 16:52:36.046  3495  3932 W AidlConversionCppNdk: aidl2legacy_AudioChannelLayout_audio_channel_mask_t: no legacy output audio_channel_mask_t found for AudioChannelLayout{layoutMask: 16}
01-09 16:52:36.048  1197  3435 D send_data_to_xlog: send_misound_data_to_xlog: enter: usecase(12)
01-09 16:52:36.048  1197  3435 D audio_hw_primary: select_devices: done
01-09 16:52:36.048  1197  3435 D audio_hw_primary: start_output_stream: Opening PCM device card_id(0) device_id(17) format(0)
01-09 16:52:36.048  1197  3435 D msm8974_platform: platform_set_channel_map mixer_ctl_name:Playback Channel Map17
01-09 16:52:36.048  1197  3435 D msm8974_platform: platform_set_channel_map: set mapping(1 2 0 0 0 0 0 0) for channel:2
01-09 16:52:36.048  1197  3435 E msm8974_platform: platform_set_channel_map: Could not set ctl, error:-22 ch_count:2
01-09 16:52:30.641     0     0 I         : snd_pcm_hw_constraint_integer failed
01-09 16:52:30.641     0     0 I msm_pcm_open: P buffer bytes minmax constraint ret 1
01-09 16:52:36.056  1197  3435 D audio_hw_primary: start_output_stream: pcm_prepare
01-09 16:52:36.056  1197  3435 D audio_hw_primary: start_output_stream: exit
01-09 16:52:36.056  1197  3435 D audio_hw_primary: out_write: retry previous failed cal level set
01-09 16:52:36.056  1197  3435 D msm8974_platform: platform_split_snd_device: snd_device(2) num devices(1) new_snd_devices(0)
01-09 16:52:36.056  1197  3435 D msm8974_platform: platform_split_snd_device: snd_device(2) num devices(1) new_snd_devices(0)
01-09 16:52:36.056  1197  3435 D ACDB-LOADER: ACDB -> send_audvoltable
01-09 16:52:36.056  1197  3435 D ACDB-LOADER: ACDB -> ACDB_CMD_GET_AUDPROC_VOL_STEP_TABLE_SIZE
01-09 16:52:36.056  1197  3435 D ACDB-LOADER: ACDB -> ACDB_CMD_GET_AUDPROC_GAIN_DEP_STEP_TABLE, vol index 1
01-09 16:52:36.057  1197  3435 D android.hardware.audio.service: Failed to fetch the lookup information of the device 0000000F 
01-09 16:52:36.057  1197  3435 E ACDB-LOADER: Error: ACDB AudProc vol returned = -19
01-09 16:52:36.057  1197  3435 D ACDB-LOADER: ACDB -> AUDIO_SET_VOL_CAL cal type = 40
01-09 16:52:36.057  1197  3435 D msm8974_platform: platform_split_snd_device: snd_device(2) num devices(0) new_snd_devices(0)
01-09 16:52:36.057  1197  3435 I msm8974_platform: platform_get_custom_mtmx_params: no matching param with id 0 ip_ch 2 op_ch 2 uc_id 12 snd_dev 2
01-09 16:52:36.057  1197  3435 W qc_adm  : margin check: adm_request_focus_v2_1(p) failed diff -192
01-09 16:52:36.057  1197  3435 W qc_adm  : margin check: adm_abandon_focus(p) failed diff -192
01-09 16:52:36.063  1949  4778 D CompatChangeReporter: Compat change id reported: 296478951; UID 10228; state: ENABLED
01-09 16:52:36.065  1949  4778 E ActivityTaskManager: Activity start ONLY allowed by BAL_ALLOW_NON_APP_VISIBLE_WINDOW realCallingUid has non-app visible window {2000=1, 2024=2, 2040=1}: [callingPackage: com.github.libretube.test.debug; callingPackageTargetSdk: 35; callingUid: 10228; callingPid: -1; appSwitchState: 2; callingUidHasVisibleActivity: true; callingUidHasNonAppVisibleWindow: false; callingUidProcState: TOP; isCallingUidPersistentSystemProcess: false; allowBalExemptionForSystemProcess: true; intent: Intent { flg=0x4000000 cmp=com.github.libretube.test.debug/com.github.libretube.test.ui.activities.MainActivity (has extras) }; callerApp: null; balAllowedByPiCreator: BSP.NONE; balAllowedByPiCreatorWithHardening: BSP.NONE; resultIfPiCreatorAllowsBal: BAL_ALLOW_VISIBLE_WINDOW; callerStartMode: MODE_BACKGROUND_ACTIVITY_START_SYSTEM_DEFINED; hasRealCaller: true; isCallForResult: false; isPendingIntent: true; autoOptInReason: null; realCallingPackage: com.android.systemui; realCallingPackageTargetSdk: 35; realCallingUid: 10148; realCallingPid: 2670; realCallingUidHasVisibleActivity: false; realCallingUidHasNonAppVisibleWindow: true; realCallingUidProcState: PERSISTENT_UI; isRealCallingUidPersistentSystemProcess: true; originatingPendingIntent: PendingIntentRecord{e1b49cb com.github.libretube.test.debug startActivity (allowlist: f793e02:+30s0ms/0/NOTIFICATION_SERVICE/NotificationManagerService)}; realCallerApp: ProcessRecord{61969ad 2670:com.android.systemui/u0a148}; realInVisibleTask: false; balAllowedByPiSender: BSP.ALLOW_BAL; resultIfPiSenderAllowsBal: BAL_ALLOW_NON_APP_VISIBLE_WINDOW; realCallerStartMode: MODE_BACKGROUND_ACTIVITY_START_ALLOWED; balRequireOptInByPendingIntentCreator: true; balDontBringExistingBackgroundTaskStackToFg: true]
01-09 16:52:36.067  1949  4778 V GrammaticalInflectionUtils: AttributionSource: AttributionSource { uid = 10228, packageName = null, attributionTag = null, token = android.os.Binder@2d4a98a, deviceId = 0, next = null } does not have READ_SYSTEM_GRAMMATICAL_GENDER permission.
01-09 16:52:36.067  1949  4778 W OptProp : Cannot read opt property android.window.PROPERTY_COMPAT_ALLOW_RESIZEABLE_ACTIVITY_OVERRIDES
01-09 16:52:36.068  1949  4778 W OptProp : Cannot read opt property android.window.PROPERTY_COMPAT_ALLOW_MIN_ASPECT_RATIO_OVERRIDE
01-09 16:52:36.068  1949  4778 W ActivityTaskManager: startActivity called from non-Activity context; forcing Intent.FLAG_ACTIVITY_NEW_TASK for: Intent { flg=0x4000000 cmp=com.github.libretube.test.debug/com.github.libretube.test.ui.activities.MainActivity (has extras) }
01-09 16:52:36.072  2670  3103 D KeyguardService: setOccluded(false)
01-09 16:52:36.072  2670  3103 D KeyguardViewMediator: setOccluded(false)
01-09 16:52:36.072  1949  4778 I ActivityTaskManager: START u0 {flg=0x4000000 cmp=com.github.libretube.test.debug/com.github.libretube.test.ui.activities.MainActivity (has extras)} with LAUNCH_SINGLE_TASK from uid 10228 (realCallingUid=10148) (BAL_ALLOW_NON_APP_VISIBLE_WINDOW) result code=3
01-09 16:52:36.072  2670  2670 I ActivityTransitionAnimator: launchResult=3 willAnimate=false hideKeyguardWithAnimation=false
01-09 16:52:36.072  2670  2670 D ActivityTransitionAnimator: Calling controller.onIntentStarted(willAnimate=false) [controller=com.android.systemui.statusbar.phone.StatusBarTransitionAnimatorController@5be4fff]
01-09 16:52:36.074  2670  2670 W WindowOnBackDispatcher: sendCancelIfRunning: isInProgress=false callback=com.android.systemui.back.domain.interactor.BackActionInteractor$callback$2@e6f27c0
01-09 16:52:36.075  2670  2706 D WindowManagerShell: onActivityRestartAttempt: topActivity=ComponentInfo{com.github.libretube.test.debug/com.github.libretube.test.ui.activities.MainActivity}, wasVisible=true
01-09 16:52:36.075  1949  4778 D CoreBackPreview: Window{6f0f47a u0 NotificationShade}: Setting back callback null
01-09 16:52:36.081  2670  2670 D KeyguardViewMediator: handleSetOccluded(false)
01-09 16:52:36.081  2670  2670 D KeyguardViewMediator: KeyguardViewMediator queue processing message: SET_OCCLUDED
01-09 16:52:36.081 16906 16906 E LibreTube: MainActivity onNewIntent: action=null
01-09 16:52:36.082 16906 16906 E LibreTube: MainActivity loadIntentData: action=null
01-09 16:52:36.082  1283  1325 I BpBinder: onLastStrongRef automatically unlinking death recipients: 
01-09 16:52:36.113  1949  2528 I ImeTracker: com.github.libretube.test.debug:b2600c95: onRequestHide at ORIGIN_SERVER reason HIDE_SAME_WINDOW_FOCUSED_WITHOUT_EDITOR fromUser false
01-09 16:52:36.114 16906 16906 D InsetsController: hide(ime(), fromIme=false)
01-09 16:52:36.114 16906 16906 I ImeTracker: com.github.libretube.test.debug:b2600c95: onCancelled at PHASE_CLIENT_ALREADY_HIDDEN
01-09 16:52:36.145  1197  3435 D qc_adm  : ns 2510104 > expected_ns 2000000 (skipped 0)
01-09 16:52:30.767     0     0 W         : IRQ6 no longer affine to CPU5
01-09 16:52:36.226  1277  1829 D audioserver: logFgsApiEnd: FGS Logger Transaction failed, -129
01-09 16:52:36.526  1197  3435 D qc_adm  : ns 2519323 > expected_ns 2000000 (skipped 0)
01-09 16:52:31.294     0     0 D tas2559 2-004c: Die=0x14435554, degree=40
01-09 16:52:31.308     0     0 D tas2559 2-004c: IRQ status DevA: 0x2, 0x0
01-09 16:52:31.309     0     0 D tas2559 2-004c: IRQ status DevB: 0x2, 0x1
01-09 16:52:36.778  1197  3435 D qc_adm  : ns 2508802 > expected_ns 2000000 (skipped 0)
01-09 16:52:36.833  1038  1090 I netd    : tetherGetStats() -> {[]} <1.45ms>
01-09 16:52:36.858  2670  2737 D ControlsListingControllerImpl: Unsubscribing callback
01-09 16:52:36.863  2670  2737 D ControlsListingControllerImpl: Unsubscribing callback
01-09 16:52:36.866  2670  2737 D ControlsListingControllerImpl: Unsubscribing callback
01-09 16:52:36.868  1197  3435 D qc_adm  : ns 2517917 > expected_ns 2000000 (skipped 0)
01-09 16:52:36.906  2670  2670 W FrameTracker: Missing HWUI jank callback for vsyncId: 25131216, CUJ=J<NOTIFICATION_SHADE_EXPAND_COLLAPSE::Collapse>
01-09 16:52:36.906  2670  2670 W FrameTracker: Missing HWUI jank callback for vsyncId: 25131222, CUJ=J<NOTIFICATION_SHADE_EXPAND_COLLAPSE::Collapse>
01-09 16:52:36.906  2670  2670 W FrameTracker: Missing HWUI jank callback for vsyncId: 25131241, CUJ=J<NOTIFICATION_SHADE_EXPAND_COLLAPSE::Collapse>
01-09 16:52:36.906  2670  2670 W FrameTracker: Missing HWUI jank callback for vsyncId: 25131323, CUJ=J<NOTIFICATION_SHADE_EXPAND_COLLAPSE::Collapse>
01-09 16:52:36.906  2670  2670 W FrameTracker: Missing HWUI jank callback for vsyncId: 25131399, CUJ=J<NOTIFICATION_SHADE_EXPAND_COLLAPSE::Collapse>
01-09 16:52:36.906  2670  2670 W FrameTracker: Missing HWUI jank callback for vsyncId: 25131418, CUJ=J<NOTIFICATION_SHADE_EXPAND_COLLAPSE::Collapse>
01-09 16:52:36.906  2670  2670 W FrameTracker: Missing HWUI jank callback for vsyncId: 25131437, CUJ=J<NOTIFICATION_SHADE_EXPAND_COLLAPSE::Collapse>
01-09 16:52:36.906  2670  2670 W FrameTracker: Missing HWUI jank callback for vsyncId: 25131525, CUJ=J<NOTIFICATION_SHADE_EXPAND_COLLAPSE::Collapse>
01-09 16:52:36.906  2670  2670 W FrameTracker: Missing HWUI jank callback for vsyncId: 25131531, CUJ=J<NOTIFICATION_SHADE_EXPAND_COLLAPSE::Collapse>
01-09 16:52:36.906  2670  2670 W FrameTracker: Missing HWUI jank callback for vsyncId: 25131556, CUJ=J<NOTIFICATION_SHADE_EXPAND_COLLAPSE::Collapse>
01-09 16:52:36.906  2670  2670 W FrameTracker: Missing HWUI jank callback for vsyncId: 25131581, CUJ=J<NOTIFICATION_SHADE_EXPAND_COLLAPSE::Collapse>
01-09 16:52:36.906  2670  2670 W FrameTracker: Missing HWUI jank callback for vsyncId: 25131600, CUJ=J<NOTIFICATION_SHADE_EXPAND_COLLAPSE::Collapse>
01-09 16:52:36.906  2670  2670 W FrameTracker: Missing HWUI jank callback for vsyncId: 25131613, CUJ=J<NOTIFICATION_SHADE_EXPAND_COLLAPSE::Collapse>
01-09 16:52:36.906  2670  2670 W FrameTracker: Missing HWUI jank callback for vsyncId: 25131626, CUJ=J<NOTIFICATION_SHADE_EXPAND_COLLAPSE::Collapse>
01-09 16:52:36.906  2670  2670 W FrameTracker: Missing HWUI jank callback for vsyncId: 25131665, CUJ=J<NOTIFICATION_SHADE_EXPAND_COLLAPSE::Collapse>
01-09 16:52:36.906  2670  2670 W FrameTracker: Missing HWUI jank callback for vsyncId: 25131672, CUJ=J<NOTIFICATION_SHADE_EXPAND_COLLAPSE::Collapse>
01-09 16:52:36.906  2670  2670 W FrameTracker: Missing HWUI jank callback for vsyncId: 25131678, CUJ=J<NOTIFICATION_SHADE_EXPAND_COLLAPSE::Collapse>
01-09 16:52:36.906  2670  2670 W FrameTracker: Missing HWUI jank callback for vsyncId: 25131697, CUJ=J<NOTIFICATION_SHADE_EXPAND_COLLAPSE::Collapse>
01-09 16:52:36.906  2670  2670 W FrameTracker: Missing HWUI jank callback for vsyncId: 25131716, CUJ=J<NOTIFICATION_SHADE_EXPAND_COLLAPSE::Collapse>
01-09 16:52:36.906  2670  2670 W FrameTracker: Missing HWUI jank callback for vsyncId: 25131742, CUJ=J<NOTIFICATION_SHADE_EXPAND_COLLAPSE::Collapse>
01-09 16:52:36.906  2670  2670 W FrameTracker: Missing HWUI jank callback for vsyncId: 25131755, CUJ=J<NOTIFICATION_SHADE_EXPAND_COLLAPSE::Collapse>
01-09 16:52:36.906  2670  2670 W FrameTracker: Missing HWUI jank callback for vsyncId: 25131768, CUJ=J<NOTIFICATION_SHADE_EXPAND_COLLAPSE::Collapse>
01-09 16:52:36.906  2670  2670 W FrameTracker: Missing HWUI jank callback for vsyncId: 25131794, CUJ=J<NOTIFICATION_SHADE_EXPAND_COLLAPSE::Collapse>
01-09 16:52:37.246  1197  3435 D qc_adm  : ns 2501979 > expected_ns 2000000 (skipped 0)
01-09 16:52:37.583  1949  4778 D MediaSessionService: onSessionPlaybackStateChanged: record=com.github.libretube.test.debug/androidx.media3.session.id.com.github.libretube.test.services.OnlinePlayerService1767957747011/405 (userId=0) playbackState=PlaybackState {state=PLAYING(3), position=95110, buffered position=225000, speed=1.0, updated=507492483, actions=7340027, custom actions=[], active item id=0, error=null}
01-09 16:52:37.622  1949  2551 E WifiStaIfaceAidlImpl: getCachedScanData failed with service-specific exception: android.os.ServiceSpecificException:  (code 4)
01-09 16:52:37.681  1197  3435 D qc_adm  : ns 2500469 > expected_ns 2000000 (skipped 0)
01-09 16:52:37.732  1197  3435 D qc_adm  : ns 2517761 > expected_ns 2000000 (skipped 0)
01-09 16:52:37.898  2925  2925 I ContextualSearchInvoker: Contextual Search invocation failed: no ContextualSearchManager
01-09 16:52:37.898  2925  2925 D StatsLog: LAUNCHER_LAUNCH_ASSISTANT_FAILED_SERVICE_ERROR
01-09 16:52:37.899  2925  2925 D OtherActivityInputConsumer: ACTION_DOWN: mIsDeferredDownTarget=false
01-09 16:52:37.901  2925  2925 D ContextTracker: Registering callback: com.android.launcher3.LauncherInitListener@3d85ebe, reason=OtherActivityInputConsumer.startTouchTrackingForWindowAnimation
01-09 16:52:37.902  2925  2925 D RecentsView: onGestureAnimationStart - runningTasks: [[id=2050 windowingMode=1 user=0 lastActiveTime=507476625] null]
01-09 16:52:37.903  2925  2925 D RecentsView: showCurrentTask(onGestureAnimationStart) - runningTasks: [[id=2050 windowingMode=1 user=0 lastActiveTime=507476625] null]
01-09 16:52:37.905  2925  2925 D RecentsView: reloadIfNeeded - getTasks: 13611
01-09 16:52:37.905  2925  2925 E PagedView: validateNewPage: failed to find a page > mMinScrollX
01-09 16:52:37.905  2925  2925 E PagedView: validateNewPage: failed to find a page > mMinScrollX
01-09 16:52:37.905  2925  2925 D OtherActivityInputConsumer: startTouchTrackingForWindowAnimation: isRecentsAnimationRunning=false
01-09 16:52:37.908  2670  2706 V ShellRecents: RecentsTransitionHandler.startRecentsTransition
01-09 16:52:37.909  2670  2706 V WindowManagerShell: Directly starting a new transition type=TO_FRONT wct=WindowContainerTransaction { changes= {} hops= [{pendingIntent: options=Bundle[{android.activity.splashScreenStyle=-1, android.activity.sourceInfo=Supplier{VAL_PARCELABLE@148+104}, android.pendingIntent.backgroundActivityAllowed=3, android:activity.animAbortListener=null, android.activity.transientLaunch=true}]}] errorCallbackToken=null taskFragmentOrganizer=null } handler=com.android.wm.shell.recents.RecentsTransitionHandler@4702320
01-09 16:52:37.912  2925  2925 D RecentsView: applyLoadPlan - taskGroups: [type=SINGLE task1=[id=2033 windowingMode=1 user=0 lastActiveTime=506768480] null task2=null, type=SINGLE task1=[id=2038 windowingMode=1 user=0 lastActiveTime=506861629] null task2=null, type=SINGLE task1=[id=2044 windowingMode=1 user=0 lastActiveTime=507122954] null task2=null, type=SINGLE task1=[id=2045 windowingMode=1 user=0 lastActiveTime=507125031] null task2=null, type=SINGLE task1=[id=2050 windowingMode=1 user=0 lastActiveTime=507477684] null task2=null]
01-09 16:52:37.916  1949  2382 W libprocessgroup: SetCgroup::ExecuteForProcess: failed to open /dev/blkio//cgroup.procs: No such file or directory
01-09 16:52:37.921  2925  2925 D OverviewActionsView: updateForGroupedTask() called with: isGroupedTask = [false], canSaveAppPair = [false]
01-09 16:52:37.921  2925  2925 D OverviewActionsView: updateActionButtonsVisibility() called: showSingleTaskActions = [true], showGroupActions = [false]
01-09 16:52:37.921  2925  2925 D OtherActivityInputConsumer: ACTION_MOVE: passedSlop=false ( false || (324.0 >= 967.70776 && true ))
01-09 16:52:37.921  2925  2925 D OtherActivityInputConsumer: ACTION_MOVE: mPassedPilferInputSlop=false
01-09 16:52:37.922  1283  2957 I BpBinder: onLastStrongRef automatically unlinking death recipients: 
01-09 16:52:37.924  2670  2706 V ShellRecents: [159030358] RecentsController.setTransition: id=android.os.BinderProxy@5804671
01-09 16:52:37.925  1283  1283 I BpBinder: onLastStrongRef automatically unlinking death recipients: 
01-09 16:52:37.925  1038  1090 I netd    : tetherGetStats() -> {[]} <0.89ms>
01-09 16:52:37.926  1949  2609 D BackgroundInstallControlService: Package event received: 0
01-09 16:52:37.927  1949  2609 D BackgroundInstallControlService: Package event received: 0
01-09 16:52:37.929  2925  3896 W HWUI    : Image decoding logging dropped!
01-09 16:52:37.930  1949  2492 W JobServiceContext: Sending onNetworkChanged for a job that isn't started. JobStatus{a69f6ca #u0a212/-1341184476 org.telegram.messenger/com.google.android.datatransport.runtime.scheduling.jobscheduling.JobInfoSchedulerService u=0 s=10212 TIME=-2s454ms:none NET READY}
01-09 16:52:37.931  2925  2925 D OtherActivityInputConsumer: ACTION_MOVE: passedSlop=false ( false || (576.0 >= 967.70776 && true ))
01-09 16:52:37.931  2925  2925 D OtherActivityInputConsumer: ACTION_MOVE: mPassedPilferInputSlop=false
01-09 16:52:37.932  2925  2925 D StateManager: goToState - fromState: AllApps, toState: Background, partial trace:
01-09 16:52:37.932  2925  2925 D StateManager: 	at com.android.quickstep.BaseActivityInterface$DefaultAnimationFactory.initBackgroundStateUI(BaseActivityInterface.java:177)
01-09 16:52:37.932  2925  2925 D StateManager: 	at com.android.quickstep.LauncherActivityInterface.prepareRecentsUI(LauncherActivityInterface.java:128)
01-09 16:52:37.932  2925  2925 D StateManager: 	at com.android.quickstep.AbsSwipeUpHandler.lambda$onLauncherStart$7(AbsSwipeUpHandler.java:586)
01-09 16:52:37.932  2925  2925 D StateManager: onStateTransitionStart - state: Background
01-09 16:52:37.933  1949  2609 D BackgroundInstallControlService: Package event received: 0
01-09 16:52:37.934  2925  2925 D StatsLog: LAUNCHER_ALLAPPS_EXIT
01-09 16:52:37.934  2925  2925 D StateManager: onStateTransitionEnd - state: Background
01-09 16:52:37.936  2925  2925 D OtherActivityInputConsumer: ACTION_MOVE: passedSlop=false ( false || (841.0 >= 967.70776 && true ))
01-09 16:52:37.936  2925  2925 D OtherActivityInputConsumer: ACTION_MOVE: mPassedPilferInputSlop=false
01-09 16:52:37.941  2925  2925 D RecentsView: updateTaskStackListenerState: true
01-09 16:52:37.941  2925  2925 D RecentsView: reloadIfNeeded - getTasks: 13612
01-09 16:52:37.945  1949  2939 D ConnectivityService: Returning UNBLOCKED NetworkInfo to uid=10212
01-09 16:52:37.950  2925  2925 D BaseDepthController: setSurface:
01-09 16:52:37.950  2925  2925 D BaseDepthController: 	mWaitingOnSurfaceValidity: false
01-09 16:52:37.950  2925  2925 D BaseDepthController: 	mSurface: Surface(name=com.android.launcher3/com.android.launcher3.uioverrides.QuickstepLauncher)/@0x544fb95
01-09 16:52:37.954  2925  2925 I NavHandleLongPressHandler: Contextual Search invocation: touch finished with reason: touch slop passed
01-09 16:52:37.954  2925  2925 D OtherActivityInputConsumer: ACTION_MOVE: passedSlop=true ( false || (8356.0 >= 967.70776 && true ))
01-09 16:52:37.954  2925  2925 D OtherActivityInputConsumer: ACTION_MOVE: mPassedPilferInputSlop=false
01-09 16:52:37.955  2925  2925 D RecentsView: onGestureAnimationStart - runningTasks: [[id=2050 windowingMode=1 user=0 lastActiveTime=507476625] null]
01-09 16:52:37.955  2925  2925 D RecentsView: showCurrentTask(onGestureAnimationStart) - runningTasks: [[id=2050 windowingMode=1 user=0 lastActiveTime=507476625] null]
01-09 16:52:37.955  2925  2925 D OverviewActionsView: updateForGroupedTask() called with: isGroupedTask = [false], canSaveAppPair = [false]
01-09 16:52:37.955  2925  2925 D OverviewActionsView: updateActionButtonsVisibility() called: showSingleTaskActions = [true], showGroupActions = [false]
01-09 16:52:37.956  1949  2939 I InputDispatcher: Channel [Gesture Monitor] swipe-up is stealing input gesture for device 2 from [a9bdfac com.github.libretube.test.debug/com.github.libretube.test.Default, [Gesture Monitor] edge-swipe]
01-09 16:52:37.956  2925  2925 D RecentsView: reloadIfNeeded - task list still valid: 13612
01-09 16:52:37.958  2925  2925 D RecentsView: applyLoadPlan - taskGroups: [type=SINGLE task1=[id=2033 windowingMode=1 user=0 lastActiveTime=506768480] null task2=null, type=SINGLE task1=[id=2038 windowingMode=1 user=0 lastActiveTime=506861629] null task2=null, type=SINGLE task1=[id=2044 windowingMode=1 user=0 lastActiveTime=507122954] null task2=null, type=SINGLE task1=[id=2045 windowingMode=1 user=0 lastActiveTime=507125031] null task2=null, type=SINGLE task1=[id=2050 windowingMode=1 user=0 lastActiveTime=507477684] null task2=null]
01-09 16:52:37.960  2670  3103 V WindowManagerShell: onTransitionReady(transaction=8370891806061)
01-09 16:52:37.960  2670  2706 V WindowManagerShell: onTransitionReady (#7646) android.os.BinderProxy@5804671: {id=7646 t=TO_FRONT f=0x80 trk=0 r=[0@Point(0, 0)] c=[
01-09 16:52:37.960  2670  2706 V WindowManagerShell:         {m=TO_FRONT f=SHOW_WALLPAPER|MOVE_TO_TOP leash=Surface(name=Task=1)/@0x55af4d7 sb=Rect(0, 0 - 1080, 2246) eb=Rect(0, 0 - 1080, 2246) epz=Point(1080, 2246) d=0 taskParent=-1},
01-09 16:52:37.960  2670  2706 V WindowManagerShell:         {m=TO_BACK f=NONE leash=Surface(name=Task=2050)/@0x39df1c4 sb=Rect(0, 0 - 1080, 2246) eb=Rect(0, 0 - 1080, 2246) epz=Point(1080, 2246) d=0 taskParent=-1},
01-09 16:52:37.960  2670  2706 V WindowManagerShell:         {m=TO_FRONT f=IS_WALLPAPER leash=Surface(name=WallpaperWindowToken{1ed96b6 token=android.os.Binder@6132e51})/@0xb81d8ad sb=Rect(0, 0 - 1080, 2246) eb=Rect(0, 0 - 1080, 2246) epz=Point(1080, 2246) d=0}
01-09 16:52:37.960  2670  2706 V WindowManagerShell:     ]}
01-09 16:52:37.960  2670  2706 V WindowManagerShell: Playing animation for (#7646) android.os.BinderProxy@5804671@0
01-09 16:52:37.960  2670  2706 V WindowManagerShell:  try firstHandler com.android.wm.shell.recents.RecentsTransitionHandler@4702320
01-09 16:52:37.960  2670  2706 V ShellRecents: [159030358] RecentsController.start
01-09 16:52:37.961  2670  2706 V ShellRecents:   not handling home taskId=1
01-09 16:52:37.963  2670  2706 V ShellRecents:   adding pausing leaf taskId=2050 at layer=8
01-09 16:52:37.964  1949  2338 V WindowManager: Sent Transition (#7646) createdAt=01-09 16:52:37.911
01-09 16:52:37.964  1949  2338 V WindowManager:     startWCT=WindowContainerTransaction { changes= {} hops= [{pendingIntent: options=Bundle[{android.activity.splashScreenStyle=-1, android.activity.sourceInfo=android.app.ActivityOptions$SourceInfo@eb179eb, android.pendingIntent.backgroundActivityAllowed=3, android:activity.animAbortListener=null, android.activity.transientLaunch=true}]}] errorCallbackToken=null taskFragmentOrganizer=null }
01-09 16:52:37.964  1949  2338 V WindowManager:     info={id=7646 t=TO_FRONT f=0x80 trk=0 r=[0@Point(0, 0)] c=[
01-09 16:52:37.964  1949  2338 V WindowManager:         {WCT{RemoteToken{f68a910 Task{e8d0d27 #1 type=home}}} m=TO_FRONT f=SHOW_WALLPAPER|MOVE_TO_TOP leash=Surface(name=Task=1)/@0x2f329ca sb=Rect(0, 0 - 1080, 2246) eb=Rect(0, 0 - 1080, 2246) epz=Point(1080, 2246) d=0 taskParent=-1},
01-09 16:52:37.964  1949  2338 V WindowManager:         {WCT{RemoteToken{6546811 Task{f4e14a1 #2050 type=standard A=10228:com.github.libretube.test.debug}}} m=TO_BACK f=NONE leash=Surface(name=Task=2050)/@0xf8fe795 sb=Rect(0, 0 - 1080, 2246) eb=Rect(0, 0 - 1080, 2246) epz=Point(1080, 2246) d=0 taskParent=-1},
01-09 16:52:37.964  1949  2338 V WindowManager:         {m=TO_FRONT f=IS_WALLPAPER leash=Surface(name=WallpaperWindowToken{1ed96b6 token=android.os.Binder@6132e51})/@0xcda976c sb=Rect(0, 0 - 1080, 2246) eb=Rect(0, 0 - 1080, 2246) epz=Point(1080, 2246) d=0}
01-09 16:52:37.964  1949  2338 V WindowManager:     ]}
01-09 16:52:37.964  2670  2706 V ShellRecents: Applying transaction=8370891806061
01-09 16:52:37.967  2670  2706 V ShellRecents: Trying to get a handler for takeover but the flag is disabled
01-09 16:52:37.968  2670  2706 V ShellSplitScreen: getSplitBoundsForTaskId: expected split bounds for taskId=2050 but not found
01-09 16:52:37.968  2670  2706 V ShellRecents: [159030358] RecentsController.start: calling onAnimationStart with 2 apps
01-09 16:52:37.968 15667 15682 I TRuntime.CctTransportBackend: Making request to: https://firebaselogging.googleapis.com/v0cc/log/batch?format=json_proto3
01-09 16:52:37.969  2670  2706 V WindowManagerShell:  animated by firstHandler
01-09 16:52:37.969  2925  2925 D RemoteTargetGluer: appCount: 1 handleLength: 4
01-09 16:52:37.969  2925  2925 D RemoteTargetGluer: resizing handles
01-09 16:52:37.969  2925  2925 D RemoteTargetGluer: containsSplitTargets? false handleLength: 1 appsLength: 1
01-09 16:52:37.969  2925  2925 D RecentsView: setRecentsAnimationTargets - recentsAnimationController: com.android.quickstep.RecentsAnimationController@4533bd9, recentsAnimationTargets: com.android.quickstep.RecentsAnimationTargets@682c99e
01-09 16:52:37.970  2925  2925 D RemoteTargetGluer: appCount: 1 handleLength: 1
01-09 16:52:37.970  2925  2925 D RemoteTargetGluer: containsSplitTargets? false handleLength: 1 appsLength: 1
01-09 16:52:37.970  1038 17059 I resolv  : GetAddrInfoHandler::run: {104 104 104 983144 10212 0}
01-09 16:52:37.971  1038 17060 I resolv  : res_nmkquery: (QUERY, IN, A)
01-09 16:52:37.973  1949  2215 W UserManagerService: Requested status bar icon for non-badged user 0
01-09 16:52:37.975  2925  2925 D OtherActivityInputConsumer: ACTION_MOVE: passedSlop=true ( false || (41868.957 >= 967.70776 && true ))
01-09 16:52:37.975  2925  2925 D OtherActivityInputConsumer: ACTION_MOVE: mPassedPilferInputSlop=true
01-09 16:52:37.976  2670  2706 V ShellRecents: [159030358] RecentsController.setInputConsumerEnabled: set focus to recents
01-09 16:52:37.977  1038 17060 I resolv  : res_nsend: used send_dg 112 terrno: 0
01-09 16:52:37.977  1038 17060 I resolv  : doQuery: rcode=0, ancount=4, return value=112
01-09 16:52:37.977  2670  2670 I vol.VolumeDialogImpl: mDialog.dismiss() reason: volume_controller from: com.android.systemui.volume.VolumeDialogImpl$9.onDismissRequested:3
01-09 16:52:37.977  1949  2528 E HandwritingModeController: Cannot get requestId: Handwriting was not initialized.
01-09 16:52:37.992  2925  2925 D OtherActivityInputConsumer: ACTION_MOVE: passedSlop=true ( false || (104103.95 >= 967.70776 && true ))
01-09 16:52:37.992  2925  2925 D OtherActivityInputConsumer: ACTION_MOVE: mPassedPilferInputSlop=true
01-09 16:52:38.001  2925  2925 D OtherActivityInputConsumer: ACTION_MOVE: passedSlop=true ( false || (138425.0 >= 967.70776 && true ))
01-09 16:52:38.001  2925  2925 D OtherActivityInputConsumer: ACTION_MOVE: mPassedPilferInputSlop=true
01-09 16:52:38.002  2925  2925 D OtherActivityInputConsumer: finishTouchTracking: mPassedWindowMoveSlop=true
01-09 16:52:38.002  2925  2925 D OtherActivityInputConsumer: finishTouchTracking: mInteractionHandler=com.android.quickstep.LauncherSwipeHandlerV2@e622b5d
01-09 16:52:38.002  2925  2925 D OtherActivityInputConsumer: finishTouchTracking: ev=MotionEvent { action=ACTION_UP, actionButton=0, id[0]=0, x[0]=640.0, y[0]=1874.0, toolType[0]=TOOL_TYPE_FINGER, buttonState=0, classification=NONE, metaState=0, flags=0x0, edgeFlags=0x0, pointerCount=1, historySize=0, eventTime=211396524, downTime=211396416, deviceId=2, source=0x1002, displayId=0, eventId=36899498 }
01-09 16:52:38.003  2670  2851 V ShellRecents: [159030358] RecentsController.detachNavigationBarFromApp
01-09 16:52:38.004  2925  2925 D StateManager: cancelAnimation - with ongoing animation, partial trace:
01-09 16:52:38.004  2925  2925 D StateManager: 	at com.android.launcher3.statemanager.StateManager.createAnimationToNewWorkspace(StateManager.java:380)
01-09 16:52:38.004  2925  2925 D StateManager: 	at com.android.launcher3.statemanager.StateManager.createAnimationToNewWorkspace(StateManager.java:374)
01-09 16:52:38.004  2925  2925 D StateManager: 	at com.android.quickstep.LauncherSwipeHandlerV2$LauncherHomeAnimationFactory.createActivityAnimationToHome(LauncherSwipeHandlerV2.java:359)
01-09 16:52:38.004  2925  2925 D StatsLog: LAUNCHER_ONRESUME
01-09 16:52:38.004  2925  2925 D StateManager: onStateTransitionStart - state: Normal
01-09 16:52:38.004  2925  2925 D RecentsView: updateTaskStackListenerState: false
01-09 16:52:38.005  2670  2706 D WindowManagerShell: setLauncherKeepClearAreaHeight: visible=true, height=286
01-09 16:52:38.005  1949  2609 D BackgroundInstallControlService: Package event received: 0
01-09 16:52:38.005  2925  2925 D StateManager: createAtomicAnimation - fromState: Background, toState: Normal, partial trace:
01-09 16:52:38.005  2925  2925 D StateManager: 	at com.android.quickstep.util.ScalingWorkspaceRevealAnim.<init>(ScalingWorkspaceRevealAnim.kt:89)
01-09 16:52:38.005  2925  2925 D StateManager: 	at com.android.quickstep.LauncherSwipeHandlerV2$FloatingViewHomeAnimationFactory.playScalingRevealAnimation(LauncherSwipeHandlerV2.java:332)
01-09 16:52:38.005  2925  2925 D StateManager: 	at com.android.quickstep.LauncherSwipeHandlerV2$LauncherHomeAnimationFactory.playAtomicAnimation(LauncherSwipeHandlerV2.java:366)
01-09 16:52:38.006  2925  2925 D RecentsView: onPrepareGestureEndAnimation - endTarget: HOME
01-09 16:52:38.007  1949 12809 W ActivityManager: Unable to start service Intent { act=com.android.launcher3.WINDOW_OVERLAY dat=app://com.android.launcher3:10145/... pkg=com.google.android.googlequicksearchbox } U=0: not found
01-09 16:52:38.010  2925  2975 W HWUI    : Image decoding logging dropped!
01-09 16:52:38.131 15667 15682 I TRuntime.CctTransportBackend: Status Code: 200
01-09 16:52:38.481  1949  2215 D CoreBackPreview: Window{6f0f47a u0 NotificationShade}: Setting back callback OnBackInvokedCallbackInfo{mCallback=android.window.IOnBackInvokedCallback$Stub$Proxy@2522abf, mPriority=0, mIsAnimationCallback=false, mOverrideBehavior=0}
01-09 16:52:38.482  1949  2382 W libprocessgroup: SetCgroup::ExecuteForProcess: failed to open /dev/blkio//cgroup.procs: No such file or directory
01-09 16:52:38.504  2670  2670 D DeviceEntryIconViewBinder: Initializing device entry fgIconView
01-09 16:52:38.520  1949 12809 D SystemServerTiming: getUserSwitchability-0
01-09 16:52:38.520  1949 12809 D SystemServerTiming: TM.isInCall
01-09 16:52:38.520  1949  2215 D SystemServerTiming: getUserSwitchability-0
01-09 16:52:38.520  1949  2215 D SystemServerTiming: TM.isInCall
01-09 16:52:38.520  1949 12809 V SystemServerTiming: TM.isInCall took to complete: 1ms
01-09 16:52:38.521  1949  2215 V SystemServerTiming: TM.isInCall took to complete: 0ms
01-09 16:52:38.521  1949  2215 D SystemServerTiming: hasUserRestriction-DISALLOW_USER_SWITCH
01-09 16:52:38.521  1949 12809 D SystemServerTiming: hasUserRestriction-DISALLOW_USER_SWITCH
01-09 16:52:38.521  1949 12809 V SystemServerTiming: hasUserRestriction-DISALLOW_USER_SWITCH took to complete: 0ms
01-09 16:52:38.521  1949 12809 D SystemServerTiming: getInt-ALLOW_USER_SWITCHING_WHEN_SYSTEM_USER_LOCKED
01-09 16:52:38.521  1949  2215 V SystemServerTiming: hasUserRestriction-DISALLOW_USER_SWITCH took to complete: 0ms
01-09 16:52:38.521  1949  2215 D SystemServerTiming: getInt-ALLOW_USER_SWITCHING_WHEN_SYSTEM_USER_LOCKED
01-09 16:52:38.521  1949 12809 V SystemServerTiming: getInt-ALLOW_USER_SWITCHING_WHEN_SYSTEM_USER_LOCKED took to complete: 0ms
01-09 16:52:38.521  1949 12809 D SystemServerTiming: isUserUnlocked-USER_SYSTEM
01-09 16:52:38.521  1949 12809 V SystemServerTiming: isUserUnlocked-USER_SYSTEM took to complete: 0ms
01-09 16:52:38.521  1949 12809 V SystemServerTiming: getUserSwitchability-0 took to complete: 1ms
01-09 16:52:38.521  1949  2215 V SystemServerTiming: getInt-ALLOW_USER_SWITCHING_WHEN_SYSTEM_USER_LOCKED took to complete: 0ms
01-09 16:52:38.521  1949  2215 D SystemServerTiming: isUserUnlocked-USER_SYSTEM
01-09 16:52:38.521  1949  2215 V SystemServerTiming: isUserUnlocked-USER_SYSTEM took to complete: 0ms
01-09 16:52:38.521  1949  2215 V SystemServerTiming: getUserSwitchability-0 took to complete: 0ms
01-09 16:52:38.521  2670  2670 D BiometricsRepositoryImpl: currentUser authFlags changed, new value: AuthenticationFlags(userId=0, flag=0)
01-09 16:52:38.521  2670  2670 D BiometricsRepositoryImpl: currentUser authFlags changed, new value: AuthenticationFlags(userId=0, flag=0)
01-09 16:52:38.522  2670  2670 D BiometricsRepositoryImpl: currentUser authFlags changed, new value: AuthenticationFlags(userId=0, flag=0)
01-09 16:52:38.522  2670  2670 D BiometricsRepositoryImpl: currentUser authFlags changed, new value: AuthenticationFlags(userId=0, flag=0)
01-09 16:52:38.522  2670  2670 D BiometricsRepositoryImpl: currentUser authFlags changed, new value: AuthenticationFlags(userId=0, flag=0)
01-09 16:52:38.523  2670  2670 D BiometricsRepositoryImpl: currentUser authFlags changed, new value: AuthenticationFlags(userId=0, flag=0)
01-09 16:52:38.523  2670  2737 D ControlsListingControllerImpl: Subscribing callback, service count: 0
01-09 16:52:38.525  2670  2737 D ControlsListingControllerImpl: Subscribing callback, service count: 0
01-09 16:52:38.527  2670  2737 D ControlsListingControllerImpl: Subscribing callback, service count: 0
01-09 16:52:38.528  2670  2737 E QuickAccessWalletKeyguardQuickAffordanceConfig: Wallet card retrieval error, message: "null"
01-09 16:52:38.528  2670  2737 E QuickAccessWalletKeyguardQuickAffordanceConfig: Wallet card retrieval error, message: "null"
01-09 16:52:38.528  2670  2737 E QuickAccessWalletKeyguardQuickAffordanceConfig: Wallet card retrieval error, message: "null"
01-09 16:52:38.531  2670  2753 W HWUI    : Image decoding logging dropped!
01-09 16:52:38.532  2670  2739 W HWUI    : Image decoding logging dropped!
01-09 16:52:38.545  2670  3085 D RingtonePlayer: stopAsync()
01-09 16:52:38.545  2670  3085 D RingtonePlayer: stop
01-09 16:52:38.570  2670  2670 D DeviceEntryIconViewBinder: Updating device entry icon image state ForegroundIconViewModel(type=UNLOCK, useAodVariant=false, tint=-6360836, padding=48)
01-09 16:52:38.598  1949  2341 V WindowManager: Unknown focus tokens, dropping reportFocusChanged
01-09 16:52:38.961  2925  2925 D StateManager: onStateTransitionEnd - state: Normal
01-09 16:52:38.961  2925  2925 D RecentsView: reset - mEnableDrawingLiveTile: false, mRecentsAnimationController: com.android.quickstep.RecentsAnimationController@4533bd9
01-09 16:52:38.962  1949  2215 I AppWidgetServiceImpl: startListening() 0
01-09 16:52:38.962  2670  2851 V ShellRecents: [159030358] RecentsController.screenshotTask: taskId=2050
01-09 16:52:38.965  2925  2925 D OverviewActionsView: updateForGroupedTask() called with: isGroupedTask = [false], canSaveAppPair = [false]
01-09 16:52:38.965  2925  2925 D OverviewActionsView: updateActionButtonsVisibility() called: showSingleTaskActions = [true], showGroupActions = [false]
01-09 16:52:38.966  2925  2925 D OverviewActionsView: updateForGroupedTask() called with: isGroupedTask = [false], canSaveAppPair = [false]
01-09 16:52:38.966  2925  2925 D OverviewActionsView: updateActionButtonsVisibility() called: showSingleTaskActions = [true], showGroupActions = [false]
01-09 16:52:38.977  2925  2925 D RecentsView: cleanupRemoteTargets - mRemoteTargetHandles: [com.android.quickstep.RemoteTargetGluer$RemoteTargetHandle@bde993b]
01-09 16:52:38.978  2925  2925 D StatsLog: LAUNCHER_HOME_GESTURE
